Archive member included because of file (symbol)

/Applications/CrossWorks for ARM 2.2/lib/libc_v7em_t_le_eabi_f.a(__vfprintf_int.o)
                              (__vfprintf_int)
/Applications/CrossWorks for ARM 2.2/lib/libc_v7em_t_le_eabi_f.a(__vfscanf_int.o)
                              (__vfscanf_int)
/Applications/CrossWorks for ARM 2.2/lib/libc_v7em_t_le_eabi_f.a(libc2.o)
                              /Applications/CrossWorks for ARM 2.2/lib/libc_v7em_t_le_eabi_f.a(__vfscanf_int.o) (__getc)
/Applications/CrossWorks for ARM 2.2/lib/libc_v7em_t_le_eabi_f.a(libc2_asm.o)
                              /Applications/CrossWorks for ARM 2.2/lib/libc_v7em_t_le_eabi_f.a(libc2.o) (memcpy)
/Applications/CrossWorks for ARM 2.2/lib/libc_v7em_t_le_eabi_f.a(libc_asm.o)
                              /Applications/CrossWorks for ARM 2.2/lib/libc_v7em_t_le_eabi_f.a(libc2.o) (__aeabi_uldivmod)
/Applications/CrossWorks for ARM 2.2/lib/libdebugio_v7em_t_le_eabi_f.a(libdebugio.o)
                              (__do_debug_operation_mempoll)
/Applications/CrossWorks for ARM 2.2/lib/libc_user_libc_v7em_t_le_eabi_f.a(user_libc.o)
                              /Applications/CrossWorks for ARM 2.2/lib/libc_v7em_t_le_eabi_f.a(libc2.o) (__errno)
/Applications/CrossWorks for ARM 2.2/lib/libm_v7em_t_le_eabi_f.a(libm_asm.o)
                              /Applications/CrossWorks for ARM 2.2/lib/libc_v7em_t_le_eabi_f.a(libc2.o) (__aeabi_i2f)

Discarded input sections

 .text          0x00000000        0x0 THUMB Debug/main.o
 .data          0x00000000        0x0 THUMB Debug/main.o
 .bss           0x00000000        0x0 THUMB Debug/main.o
 .text          0x00000000        0x0 THUMB Debug/system_stm32f4xx.o
 .data          0x00000000        0x0 THUMB Debug/system_stm32f4xx.o
 .bss           0x00000000        0x0 THUMB Debug/system_stm32f4xx.o
 .data.SystemCoreClock
                0x00000000        0x4 THUMB Debug/system_stm32f4xx.o
 .data.AHBPrescTable
                0x00000000       0x10 THUMB Debug/system_stm32f4xx.o
 .text.SystemCoreClockUpdate
                0x00000000      0x174 THUMB Debug/system_stm32f4xx.o
 .text          0x00000000        0x0 THUMB Debug/stm32f4xx_gpio.o
 .data          0x00000000        0x0 THUMB Debug/stm32f4xx_gpio.o
 .bss           0x00000000        0x0 THUMB Debug/stm32f4xx_gpio.o
 .text.GPIO_DeInit
                0x00000000      0x178 THUMB Debug/stm32f4xx_gpio.o
 .text.GPIO_StructInit
                0x00000000       0x3c THUMB Debug/stm32f4xx_gpio.o
 .text.GPIO_PinLockConfig
                0x00000000       0x44 THUMB Debug/stm32f4xx_gpio.o
 .text.GPIO_ReadInputDataBit
                0x00000000       0x3c THUMB Debug/stm32f4xx_gpio.o
 .text.GPIO_ReadInputData
                0x00000000       0x1c THUMB Debug/stm32f4xx_gpio.o
 .text.GPIO_ReadOutputDataBit
                0x00000000       0x3c THUMB Debug/stm32f4xx_gpio.o
 .text.GPIO_ReadOutputData
                0x00000000       0x1c THUMB Debug/stm32f4xx_gpio.o
 .text.GPIO_SetBits
                0x00000000       0x1c THUMB Debug/stm32f4xx_gpio.o
 .text.GPIO_ResetBits
                0x00000000       0x1c THUMB Debug/stm32f4xx_gpio.o
 .text.GPIO_WriteBit
                0x00000000       0x30 THUMB Debug/stm32f4xx_gpio.o
 .text.GPIO_Write
                0x00000000       0x1c THUMB Debug/stm32f4xx_gpio.o
 .text.GPIO_PinAFConfig
                0x00000000       0xac THUMB Debug/stm32f4xx_gpio.o
 .text          0x00000000        0x0 THUMB Debug/stm32f4xx_rcc.o
 .data          0x00000000        0x0 THUMB Debug/stm32f4xx_rcc.o
 .bss           0x00000000        0x0 THUMB Debug/stm32f4xx_rcc.o
 .data.APBAHBPrescTable
                0x00000000       0x10 THUMB Debug/stm32f4xx_rcc.o
 .text.RCC_DeInit
                0x00000000       0x84 THUMB Debug/stm32f4xx_rcc.o
 .text.RCC_HSEConfig
                0x00000000       0x30 THUMB Debug/stm32f4xx_rcc.o
 .text.RCC_WaitForHSEStartUp
                0x00000000       0x64 THUMB Debug/stm32f4xx_rcc.o
 .text.RCC_AdjustHSICalibrationValue
                0x00000000       0x48 THUMB Debug/stm32f4xx_rcc.o
 .text.RCC_HSICmd
                0x00000000       0x20 THUMB Debug/stm32f4xx_rcc.o
 .text.RCC_LSEConfig
                0x00000000       0x60 THUMB Debug/stm32f4xx_rcc.o
 .text.RCC_LSICmd
                0x00000000       0x20 THUMB Debug/stm32f4xx_rcc.o
 .text.RCC_PLLConfig
                0x00000000       0x48 THUMB Debug/stm32f4xx_rcc.o
 .text.RCC_PLLCmd
                0x00000000       0x20 THUMB Debug/stm32f4xx_rcc.o
 .text.RCC_PLLI2SConfig
                0x00000000       0x30 THUMB Debug/stm32f4xx_rcc.o
 .text.RCC_PLLI2SCmd
                0x00000000       0x20 THUMB Debug/stm32f4xx_rcc.o
 .text.RCC_ClockSecuritySystemCmd
                0x00000000       0x20 THUMB Debug/stm32f4xx_rcc.o
 .text.RCC_MCO1Config
                0x00000000       0x48 THUMB Debug/stm32f4xx_rcc.o
 .text.RCC_MCO2Config
                0x00000000       0x48 THUMB Debug/stm32f4xx_rcc.o
 .text.RCC_SYSCLKConfig
[...]
Memory Configuration

Name             Origin             Length             Attributes
UNPLACED_SECTIONS 0xffffffff         0x00000000         xw
FLASH            0x08000000         0x00100000         xr
DATA_SRAM        0x10000000         0x00010000         xw
RAM              0x20000000         0x00020000         xw
SRAM1            0x20000000         0x0001c000         xw
SRAM2            0x2001c000         0x00004000         xw
BKPSRAM          0x40024000         0x00001000         xw
PCCARD           0x90000000         0x00000000         xw
NAND2            0x80000000         0x00000000         xw
NAND1            0x70000000         0x00000000         xw
NOR_PSRAM4       0x6c000000         0x00000000         xw
NOR_PSRAM3       0x68000000         0x00000000         xw
NOR_PSRAM2       0x64000000         0x00000000         xw
NOR_PSRAM1       0x60000000         0x00000000         xw
CM3_System_Control_Space 0xe000e000         0x00001000         xw
*default*        0x00000000         0xffffffff

Linker script and memory map

                0x080018e8                __do_debug_operation = __do_debug_operation_mempoll
                0x08000c5c                __vfprintf = __vfprintf_int
                0x080013a0                __vfscanf = __vfscanf_int
                0x08000000                __FLASH_segment_start__ = 0x8000000
                0x08100000                __FLASH_segment_end__ = 0x8100000
                0x10000000                __DATA_SRAM_segment_start__ = 0x10000000
                0x10010000                __DATA_SRAM_segment_end__ = 0x10010000
                0x20000000                __RAM_segment_start__ = 0x20000000
                0x20020000                __RAM_segment_end__ = 0x20020000
                0x20000000                __SRAM1_segment_start__ = 0x20000000
                0x2001c000                __SRAM1_segment_end__ = 0x2001c000
                0x2001c000                __SRAM2_segment_start__ = 0x2001c000
                0x20020000                __SRAM2_segment_end__ = 0x20020000
                0x40024000                __BKPSRAM_segment_start__ = 0x40024000
                0x40025000                __BKPSRAM_segment_end__ = 0x40025000
                0x90000000                __PCCARD_segment_start__ = 0x90000000
                0x90000000                __PCCARD_segment_end__ = 0x90000000
                0x80000000                __NAND2_segment_start__ = 0x80000000
                0x80000000                __NAND2_segment_end__ = 0x80000000
                0x70000000                __NAND1_segment_start__ = 0x70000000
                0x70000000                __NAND1_segment_end__ = 0x70000000
                0x6c000000                __NOR_PSRAM4_segment_start__ = 0x6c000000
                0x6c000000                __NOR_PSRAM4_segment_end__ = 0x6c000000
                0x68000000                __NOR_PSRAM3_segment_start__ = 0x68000000
                0x68000000                __NOR_PSRAM3_segment_end__ = 0x68000000
                0x64000000                __NOR_PSRAM2_segment_start__ = 0x64000000
                0x64000000                __NOR_PSRAM2_segment_end__ = 0x64000000
                0x60000000                __NOR_PSRAM1_segment_start__ = 0x60000000
                0x60000000                __NOR_PSRAM1_segment_end__ = 0x60000000
                0xe000e000                __CM3_System_Control_Space_segment_start__ = 0xe000e000
                0xe000f000                __CM3_System_Control_Space_segment_end__ = 0xe000f000
                0x00000080                __STACKSIZE__ = 0x80
                0x00000000                __STACKSIZE_PROCESS__ = 0x0
                0x00000000                __STACKSIZE_IRQ__ = 0x0
                0x00000000                __STACKSIZE_FIQ__ = 0x0
                0x00000000                __STACKSIZE_SVC__ = 0x0
                0x00000000                __STACKSIZE_ABT__ = 0x0
                0x00000000                __STACKSIZE_UND__ = 0x0
                0x00000080                __HEAPSIZE__ = 0x80
                0x20000000                __vectors_ram_load_start__ = ALIGN (__RAM_segment_start__, 0x100)

.vectors_ram    0x20000000        0x0
                0x20000000                __vectors_ram_start__ = .
 *(.vectors_ram .vectors_ram.*)
                0x20000000                __vectors_ram_end__ = (__vectors_ram_start__ + SIZEOF (.vectors_ram))
                0x20000000                __vectors_ram_load_end__ = __vectors_ram_end__
                0x00000001                . = ASSERT (((__vectors_ram_end__ >= __RAM_segment_start__) && (__vectors_ram_end__ <= __RAM_segment_end__)), error: .vectors_ram is too large to fit in RAM memory segment)
                0x08000000                __vectors_load_start__ = ALIGN (__FLASH_segment_start__, 0x100)

.vectors        0x08000000      0x188
                0x08000000                __vectors_start__ = .
 *(.vectors .vectors.*)
 .vectors       0x08000000      0x188 THUMB Debug/STM32_Startup.o
                0x08000000                _vectors
                0x08000188                __vectors_end__ = (__vectors_start__ + SIZEOF (.vectors))
                0x08000188                __vectors_load_end__ = __vectors_end__
                0x00000001                . = ASSERT (((__vectors_end__ >= __FLASH_segment_start__) && (__vectors_end__ <= __FLASH_segment_end__)), error: .vectors is too large to fit in FLASH memory segment)
                0x08000188                __init_load_start__ = ALIGN (__vectors_end__, 0x4)

.init           0x08000188      0x20c
                0x08000188                __init_start__ = .
 *(.init .init.*)
 .init          0x08000188      0x110 THUMB Debug/thumb_crt0.o
                0x08000188                _start
                0x0800020a                exit
                0x0800022e                __putchar
                0x0800022e                __getchar
 .init          0x08000298       0xfc THUMB Debug/STM32_Startup.o
                0x08000298                reset_handler
                0x080002ce                NMI_Handler
                0x080002d0                HardFault_Handler
                0x080002d2                MemManage_Handler
                0x080002d4                BusFault_Handler
                0x080002d6                UsageFault_Handler
                0x080002d8                SVC_Handler
                0x080002da                DebugMon_Handler
                0x080002dc                PendSV_Handler
                0x080002de                SysTick_Handler
                0x080002e0                WWDG_IRQHandler
                0x080002e2                PVD_IRQHandler
                0x080002e4                TAMP_STAMP_IRQHandler
                0x080002e6                RTC_WKUP_IRQHandler
                0x080002e8                FLASH_IRQHandler
                0x080002ea                RCC_IRQHandler
                0x080002ec                EXTI0_IRQHandler
                0x080002ee                EXTI1_IRQHandler
                0x080002f0                EXTI2_IRQHandler
                0x080002f2                EXTI3_IRQHandler
                0x080002f4                EXTI4_IRQHandler
                0x080002f6                DMA1_Stream0_IRQHandler
                0x080002f8                DMA1_Stream1_IRQHandler
                0x080002fa                DMA1_Stream2_IRQHandler
                0x080002fc                DMA1_Stream3_IRQHandler
                0x080002fe                DMA1_Stream4_IRQHandler
                0x08000300                DMA1_Stream5_IRQHandler
                0x08000302                DMA1_Stream6_IRQHandler
                0x08000304                ADC_IRQHandler
                0x08000306                CAN1_TX_IRQHandler
                0x08000308                CAN1_RX0_IRQHandler
                0x0800030a                CAN1_RX1_IRQHandler
                0x0800030c                CAN1_SCE_IRQHandler
                0x0800030e                EXTI9_5_IRQHandler
                0x08000310                TIM1_BRK_TIM9_IRQHandler
                0x08000312                TIM1_UP_TIM10_IRQHandler
                0x08000314                TIM1_TRG_COM_TIM11_IRQHandler
                0x08000316                TIM1_CC_IRQHandler
                0x08000318                TIM2_IRQHandler
                0x0800031a                TIM3_IRQHandler
                0x0800031c                TIM4_IRQHandler
                0x0800031e                I2C1_EV_IRQHandler
                0x08000320                I2C1_ER_IRQHandler
                0x08000322                I2C2_EV_IRQHandler
                0x08000324                I2C2_ER_IRQHandler
                0x08000326                SPI1_IRQHandler
                0x08000328                SPI2_IRQHandler
                0x0800032a                USART1_IRQHandler
                0x0800032c                USART2_IRQHandler
                0x0800032e                USART3_IRQHandler
                0x08000330                EXTI15_10_IRQHandler
                0x08000332                RTC_Alarm_IRQHandler
                0x08000334                OTG_FS_WKUP_IRQHandler
                0x08000336                TIM8_BRK_TIM12_IRQHandler
                0x08000338                TIM8_UP_TIM13_IRQHandler
                0x0800033a                TIM8_TRG_COM_TIM14_IRQHandler
                0x0800033c                TIM8_CC_IRQHandler
                0x0800033e                DMA1_Stream7_IRQHandler
                0x08000340                FSMC_IRQHandler
                0x08000342                SDIO_IRQHandler
                0x08000344                TIM5_IRQHandler
                0x08000346                SPI3_IRQHandler
                0x08000348                UART4_IRQHandler
                0x0800034a                UART5_IRQHandler
                0x0800034c                TIM6_DAC_IRQHandler
                0x08000350                DMA2_Stream0_IRQHandler
                0x08000352                DMA2_Stream1_IRQHandler
                0x08000354                DMA2_Stream2_IRQHandler
                0x08000356                DMA2_Stream3_IRQHandler
                0x08000358                DMA2_Stream4_IRQHandler
                0x0800035a                ETH_IRQHandler
                0x0800035c                ETH_WKUP_IRQHandler
                0x0800035e                CAN2_TX_IRQHandler
                0x08000360                CAN2_RX0_IRQHandler
                0x08000362                CAN2_RX1_IRQHandler
                0x08000364                CAN2_SCE_IRQHandler
                0x08000366                OTG_FS_IRQHandler
                0x08000368                DMA2_Stream5_IRQHandler
                0x0800036a                DMA2_Stream6_IRQHandler
                0x0800036c                DMA2_Stream7_IRQHandler
                0x0800036e                USART6_IRQHandler
                0x08000370                I2C3_EV_IRQHandler
                0x08000372                I2C3_ER_IRQHandler
                0x08000374                OTG_HS_EP1_OUT_IRQHandler
                0x08000376                OTG_HS_EP1_IN_IRQHandler
                0x08000378                OTG_HS_WKUP_IRQHandler
                0x0800037a                OTG_HS_IRQHandler
                0x0800037c                DCMI_IRQHandler
                0x0800037e                CRYP_IRQHandler
                0x08000380                HASH_RNG_IRQHandler
                0x08000382                FPU_IRQHandler
                0x08000384                reset_wait
                0x08000394                __init_end__ = (__init_start__ + SIZEOF (.init))
                0x08000394                __init_load_end__ = __init_end__
                0x00000001                . = ASSERT (((__init_end__ >= __FLASH_segment_start__) && (__init_end__ <= __FLASH_segment_end__)), error: .init is too large to fit in FLASH memory segment)
                0x08000394                __text_load_start__ = ALIGN (__init_end__, 0x4)

.text           0x08000394     0x1598
                0x08000394                __text_start__ = .
 *(.text .text.* .glue_7t .glue_7 .gnu.linkonce.t.* .gcc_except_table .ARM.extab* .gnu.linkonce.armextab.*)
 .glue_7        0x00000000        0x0 linker stubs
 .glue_7t       0x00000000        0x0 linker stubs
 .text.TIM7_IRQHandler
                0x08000394       0x3c THUMB Debug/main.o
                0x08000394                TIM7_IRQHandler
 .text.PeriphInit
                0x080003d0      0x15c THUMB Debug/main.o
                0x080003d0                PeriphInit
 .text.main     0x0800052c        0xc THUMB Debug/main.o
                0x0800052c                main
 .text.SystemInit
                0x08000538       0x94 THUMB Debug/system_stm32f4xx.o
                0x08000538                SystemInit
 .text.SetSysClock
                0x080005cc      0x188 THUMB Debug/system_stm32f4xx.o
 .text.GPIO_Init
                0x08000754      0x154 THUMB Debug/stm32f4xx_gpio.o
                0x08000754                GPIO_Init
 .text.GPIO_ToggleBits
                0x080008a8       0x24 THUMB Debug/stm32f4xx_gpio.o
                0x080008a8                GPIO_ToggleBits
 .text.RCC_AHB1PeriphClockCmd
                0x080008cc       0x58 THUMB Debug/stm32f4xx_rcc.o
                0x080008cc                RCC_AHB1PeriphClockCmd
 .text.RCC_APB1PeriphClockCmd
                0x08000924       0x58 THUMB Debug/stm32f4xx_rcc.o
                0x08000924                RCC_APB1PeriphClockCmd
 .text.TIM_TimeBaseInit
                0x0800097c       0xf4 THUMB Debug/stm32f4xx_tim.o
                0x0800097c                TIM_TimeBaseInit
 .text.TIM_ARRPreloadConfig
                0x08000a70       0x40 THUMB Debug/stm32f4xx_tim.o
                0x08000a70                TIM_ARRPreloadConfig
 .text.TIM_Cmd  0x08000ab0       0x40 THUMB Debug/stm32f4xx_tim.o
                0x08000ab0                TIM_Cmd
 .text.TIM_ITConfig
                0x08000af0       0x48 THUMB Debug/stm32f4xx_tim.o
                0x08000af0                TIM_ITConfig
 .text.TIM_GenerateEvent
                0x08000b38       0x1c THUMB Debug/stm32f4xx_tim.o
                0x08000b38                TIM_GenerateEvent
 .text.TIM_ClearFlag
                0x08000b54       0x24 THUMB Debug/stm32f4xx_tim.o
                0x08000b54                TIM_ClearFlag
 .text.NVIC_Init
                0x08000b78       0xe4 THUMB Debug/misc.o
                0x08000b78                NVIC_Init
 .text.libc.__vfprintf_int
                0x08000c5c      0x5d4 /Applications/CrossWorks for ARM 2.2/lib/libc_v7em_t_le_eabi_f.a(__vfprintf_int.o)
                0x08000c5c                __vfprintf_int
 .text.libc.__ungetc
                0x08001230       0x20 /Applications/CrossWorks for ARM 2.2/lib/libc_v7em_t_le_eabi_f.a(__vfscanf_int.o)
 .text.libc.rd_int
                0x08001250      0x150 /Applications/CrossWorks for ARM 2.2/lib/libc_v7em_t_le_eabi_f.a(__vfscanf_int.o)
 .text.libc.__vfscanf_int
                0x080013a0      0x3c8 /Applications/CrossWorks for ARM 2.2/lib/libc_v7em_t_le_eabi_f.a(__vfscanf_int.o)
                0x080013a0                __vfscanf_int
 .text.libc.__getc
                0x08001768       0x24 /Applications/CrossWorks for ARM 2.2/lib/libc_v7em_t_le_eabi_f.a(libc2.o)
                0x08001768                __getc
 .text.libc.__putc
                0x0800178c       0x38 /Applications/CrossWorks for ARM 2.2/lib/libc_v7em_t_le_eabi_f.a(libc2.o)
                0x0800178c                __putc
 .text.libc.__print_padding
                0x080017c4       0x24 /Applications/CrossWorks for ARM 2.2/lib/libc_v7em_t_le_eabi_f.a(libc2.o)
                0x080017c4                __print_padding
 .text.libc.__pre_padding
                0x080017e8       0x1c /Applications/CrossWorks for ARM 2.2/lib/libc_v7em_t_le_eabi_f.a(libc2.o)
                0x080017e8                __pre_padding
 .text.libc.isupper
                0x08001804       0x10 /Applications/CrossWorks for ARM 2.2/lib/libc_v7em_t_le_eabi_f.a(libc2.o)
                0x08001804                isupper
 .text.libc.islower
                0x08001814       0x10 /Applications/CrossWorks for ARM 2.2/lib/libc_v7em_t_le_eabi_f.a(libc2.o)
                0x08001814                islower
 .text.libc.isdigit
                0x08001824       0x10 /Applications/CrossWorks for ARM 2.2/lib/libc_v7em_t_le_eabi_f.a(libc2.o)
                0x08001824                isdigit
 .text.libc.__digit
                0x08001834       0x3c /Applications/CrossWorks for ARM 2.2/lib/libc_v7em_t_le_eabi_f.a(libc2.o)
                0x08001834                __digit
 .text.libc.isspace
                0x08001870       0x18 /Applications/CrossWorks for ARM 2.2/lib/libc_v7em_t_le_eabi_f.a(libc2.o)
                0x08001870                isspace
 .text.libc.strlen
                0x08001888       0x60 /Applications/CrossWorks for ARM 2.2/lib/libc_v7em_t_le_eabi_f.a(libc2_asm.o)
                0x08001888                strlen
 .text.libdebugio.__do_debug_operation_mempoll
                0x080018e8       0x3c /Applications/CrossWorks for ARM 2.2/lib/libdebugio_v7em_t_le_eabi_f.a(libdebugio.o)
                0x080018e8                __do_debug_operation_mempoll
 .text.libc.__debug_io_lock
                0x08001924        0x4 /Applications/CrossWorks for ARM 2.2/lib/libc_user_libc_v7em_t_le_eabi_f.a(user_libc.o)
                0x08001924                __debug_io_lock
 .text.libc.__debug_io_unlock
                0x08001928        0x4 /Applications/CrossWorks for ARM 2.2/lib/libc_user_libc_v7em_t_le_eabi_f.a(user_libc.o)
                0x08001928                __debug_io_unlock
                0x0800192c                __text_end__ = (__text_start__ + SIZEOF (.text))
                0x0800192c                __text_load_end__ = __text_end__

.vfp11_veneer   0x00000000        0x0
 .vfp11_veneer  0x00000000        0x0 linker stubs

.v4_bx          0x00000000        0x0
 .v4_bx         0x00000000        0x0 linker stubs
                0x00000001                . = ASSERT (((__text_end__ >= __FLASH_segment_start__) && (__text_end__ <= __FLASH_segment_end__)), error: .text is too large to fit in FLASH memory segment)
                0x0800192c                __dtors_load_start__ = ALIGN (__text_end__, 0x4)

.dtors          0x0800192c        0x0
                0x0800192c                __dtors_start__ = .
 *(SORT(.dtors.*))
 *(.dtors)
 *(.fini_array .fini_array.*)
                0x0800192c                __dtors_end__ = (__dtors_start__ + SIZEOF (.dtors))
                0x0800192c                __dtors_load_end__ = __dtors_end__
                0x00000001                . = ASSERT (((__dtors_end__ >= __FLASH_segment_start__) && (__dtors_end__ <= __FLASH_segment_end__)), error: .dtors is too large to fit in FLASH memory segment)
                0x0800192c                __ctors_load_start__ = ALIGN (__dtors_end__, 0x4)

.ctors          0x0800192c        0x0
                0x0800192c                __ctors_start__ = .
 *(SORT(.ctors.*))
 *(.ctors)
 *(.init_array .init_array.*)
                0x0800192c                __ctors_end__ = (__ctors_start__ + SIZEOF (.ctors))
                0x0800192c                __ctors_load_end__ = __ctors_end__
                0x00000001                . = ASSERT (((__ctors_end__ >= __FLASH_segment_start__) && (__ctors_end__ <= __FLASH_segment_end__)), error: .ctors is too large to fit in FLASH memory segment)
                0x0800192c                __rodata_load_start__ = ALIGN (__ctors_end__, 0x4)

.rodata         0x0800192c       0x20
                0x0800192c                __rodata_start__ = .
 *(.rodata .rodata.* .gnu.linkonce.r.*)
 .rodata.libc.__hex_lc
                0x0800192c       0x10 /Applications/CrossWorks for ARM 2.2/lib/libc_v7em_t_le_eabi_f.a(libc2.o)
                0x0800192c                __hex_lc
 .rodata.libc.__hex_uc
                0x0800193c       0x10 /Applications/CrossWorks for ARM 2.2/lib/libc_v7em_t_le_eabi_f.a(libc2.o)
                0x0800193c                __hex_uc
                0x0800194c                __rodata_end__ = (__rodata_start__ + SIZEOF (.rodata))
                0x0800194c                __rodata_load_end__ = __rodata_end__
                0x00000001                . = ASSERT (((__rodata_end__ >= __FLASH_segment_start__) && (__rodata_end__ <= __FLASH_segment_end__)), error: .rodata is too large to fit in FLASH memory segment)
                0x0800194c                __ARM.exidx_load_start__ = ALIGN (__rodata_end__, 0x4)

.ARM.exidx      0x0800194c        0x0
                0x0800194c                __ARM.exidx_start__ = .
                0x0800194c                __exidx_start = __ARM.exidx_start__
 *(.ARM.exidx .ARM.exidx.*)
                0x0800194c                __ARM.exidx_end__ = (__ARM.exidx_start__ + SIZEOF (.ARM.exidx))
                0x0800194c                __exidx_end = __ARM.exidx_end__
                0x0800194c                __ARM.exidx_load_end__ = __ARM.exidx_end__
                0x00000001                . = ASSERT (((__ARM.exidx_end__ >= __FLASH_segment_start__) && (__ARM.exidx_end__ <= __FLASH_segment_end__)), error: .ARM.exidx is too large to fit in FLASH memory segment)
                0x0800194c                __fast_load_start__ = ALIGN (__ARM.exidx_end__, 0x4)

.fast           0x20000000        0x0 load address 0x0800194c
                0x20000000                __fast_start__ = .
 *(.fast .fast.*)
                0x20000000                __fast_end__ = (__fast_start__ + SIZEOF (.fast))
                0x0800194c                __fast_load_end__ = (__fast_load_start__ + SIZEOF (.fast))
                0x00000001                . = ASSERT (((__fast_load_end__ >= __FLASH_segment_start__) && (__fast_load_end__ <= __FLASH_segment_end__)), error: .fast is too large to fit in FLASH memory segment)

.fast_run       0x20000000        0x0
                0x20000000                __fast_run_start__ = .
                0x20000000                . = MAX ((__fast_run_start__ + SIZEOF (.fast)), .)
                0x20000000                __fast_run_end__ = (__fast_run_start__ + SIZEOF (.fast_run))
                0x20000000                __fast_run_load_end__ = __fast_run_end__
                0x00000001                . = ASSERT (((__fast_run_end__ >= __RAM_segment_start__) && (__fast_run_end__ <= __RAM_segment_end__)), error: .fast_run is too large to fit in RAM memory segment)
                0x0800194c                __data_load_start__ = ALIGN ((__fast_load_start__ + SIZEOF (.fast)), 0x4)

.data           0x20000000        0x0 load address 0x0800194c
                0x20000000                __data_start__ = .
 *(.data .data.* .gnu.linkonce.d.*)
                0x20000000                __data_end__ = (__data_start__ + SIZEOF (.data))
                0x0800194c                __data_load_end__ = (__data_load_start__ + SIZEOF (.data))
                0x00000001                . = ASSERT (((__data_load_end__ >= __FLASH_segment_start__) && (__data_load_end__ <= __FLASH_segment_end__)), error: .data is too large to fit in FLASH memory segment)

.data_run       0x20000000        0x0
                0x20000000                __data_run_start__ = .
                0x20000000                . = MAX ((__data_run_start__ + SIZEOF (.data)), .)
                0x20000000                __data_run_end__ = (__data_run_start__ + SIZEOF (.data_run))
                0x20000000                __data_run_load_end__ = __data_run_end__
                0x00000001                . = ASSERT (((__data_run_end__ >= __RAM_segment_start__) && (__data_run_end__ <= __RAM_segment_end__)), error: .data_run is too large to fit in RAM memory segment)
                0x20000000                __bss_load_start__ = ALIGN (__data_run_end__, 0x4)

.bss            0x20000000       0x24
                0x20000000                __bss_start__ = .
 *(.bss .bss.* .gnu.linkonce.b.*)
 .bss.GPIO_InitStructure
                0x20000000        0x8 THUMB Debug/main.o
                0x20000000                GPIO_InitStructure
 .bss.TIM2_InitStructure
                0x20000008        0xc THUMB Debug/main.o
                0x20000008                TIM2_InitStructure
 .bss.NVIC_InitStructure
                0x20000014        0x4 THUMB Debug/main.o
                0x20000014                NVIC_InitStructure
 .bss.libc.__format_extender
                0x20000018        0x4 /Applications/CrossWorks for ARM 2.2/lib/libc_v7em_t_le_eabi_f.a(libc2.o)
                0x20000018                __format_extender
 .bss.libdebugio.dbgCommWord
                0x2000001c        0x4 /Applications/CrossWorks for ARM 2.2/lib/libdebugio_v7em_t_le_eabi_f.a(libdebugio.o)
                0x2000001c                dbgCommWord
 .bss.libdebugio.dbgCntrlWord_mempoll
                0x20000020        0x4 /Applications/CrossWorks for ARM 2.2/lib/libdebugio_v7em_t_le_eabi_f.a(libdebugio.o)
                0x20000020                dbgCntrlWord_mempoll
 *(COMMON)
                0x20000024                __bss_end__ = (__bss_start__ + SIZEOF (.bss))
                0x20000024                __bss_load_end__ = __bss_end__
                0x00000001                . = ASSERT (((__bss_end__ >= __RAM_segment_start__) && (__bss_end__ <= __RAM_segment_end__)), error: .bss is too large to fit in RAM memory segment)
                0x20000024                __non_init_load_start__ = ALIGN (__bss_end__, 0x4)

.non_init       0x20000024        0x0
                0x20000024                __non_init_start__ = .
 *(.non_init .non_init.*)
                0x20000024                __non_init_end__ = (__non_init_start__ + SIZEOF (.non_init))
                0x20000024                __non_init_load_end__ = __non_init_end__
                0x00000001                . = ASSERT (((__non_init_end__ >= __RAM_segment_start__) && (__non_init_end__ <= __RAM_segment_end__)), error: .non_init is too large to fit in RAM memory segment)
                0x20000024                __heap_load_start__ = ALIGN (__non_init_end__, 0x4)

.heap           0x20000024       0x80
                0x20000024                __heap_start__ = .
 *(.heap .heap.*)
                0x200000a4                . = ALIGN (MAX ((__heap_start__ + __HEAPSIZE__), .), 0x4)
 *fill*         0x20000024       0x80 00
                0x200000a4                __heap_end__ = (__heap_start__ + SIZEOF (.heap))
                0x200000a4                __heap_load_end__ = __heap_end__
                0x00000001                . = ASSERT (((__heap_end__ >= __RAM_segment_start__) && (__heap_end__ <= __RAM_segment_end__)), error: .heap is too large to fit in RAM memory segment)
                0x200000a4                __stack_load_start__ = ALIGN (__heap_end__, 0x4)

.stack          0x200000a4       0x80
                0x200000a4                __stack_start__ = .
 *(.stack .stack.*)
                0x20000124                . = ALIGN (MAX ((__stack_start__ + __STACKSIZE__), .), 0x4)
 *fill*         0x200000a4       0x80 00
                0x20000124                __stack_end__ = (__stack_start__ + SIZEOF (.stack))
                0x20000124                __stack_load_end__ = __stack_end__
                0x00000001                . = ASSERT (((__stack_end__ >= __RAM_segment_start__) && (__stack_end__ <= __RAM_segment_end__)), error: .stack is too large to fit in RAM memory segment)
                0x20000124                __stack_process_load_start__ = ALIGN (__stack_end__, 0x4)

.stack_process  0x20000124        0x0
                0x20000124                __stack_process_start__ = .
 *(.stack_process .stack_process.*)
                0x20000124                . = ALIGN (MAX ((__stack_process_start__ + __STACKSIZE_PROCESS__), .), 0x4)
                0x20000124                __stack_process_end__ = (__stack_process_start__ + SIZEOF (.stack_process))
                0x20000124                __stack_process_load_end__ = __stack_process_end__
                0x00000001                . = ASSERT (((__stack_process_end__ >= __RAM_segment_start__) && (__stack_process_end__ <= __RAM_segment_end__)), error: .stack_process is too large to fit in RAM memory segment)
                0x20000124                __tbss_load_start__ = ALIGN (__stack_process_end__, 0x4)

.tbss           0x20000124        0x0
                0x20000124                __tbss_start__ = .
 *(.tbss .tbss.*)
                0x20000124                __tbss_end__ = (__tbss_start__ + SIZEOF (.tbss))
                0x20000124                __tbss_load_end__ = __tbss_end__
                0x00000001                . = ASSERT (((__tbss_end__ >= __RAM_segment_start__) && (__tbss_end__ <= __RAM_segment_end__)), error: .tbss is too large to fit in RAM memory segment)
                0x0800194c                __tdata_load_start__ = ALIGN ((__data_load_start__ + SIZEOF (.data)), 0x4)

.tdata          0x20000124        0x0 load address 0x0800194c
                0x20000124                __tdata_start__ = .
 *(.tdata .tdata.*)
                0x20000124                __tdata_end__ = (__tdata_start__ + SIZEOF (.tdata))
                0x0800194c                __tdata_load_end__ = (__tdata_load_start__ + SIZEOF (.tdata))
                0x0800194c                __FLASH_segment_used_end__ = (ALIGN ((__data_load_start__ + SIZEOF (.data)), 0x4) + SIZEOF (.tdata))
                0x00000001                . = ASSERT (((__tdata_load_end__ >= __FLASH_segment_start__) && (__tdata_load_end__ <= __FLASH_segment_end__)), error: .tdata is too large to fit in FLASH memory segment)

.tdata_run      0x20000124        0x0
                0x20000124                __tdata_run_start__ = .
                0x20000124                . = MAX ((__tdata_run_start__ + SIZEOF (.tdata)), .)
                0x20000124                __tdata_run_end__ = (__tdata_run_start__ + SIZEOF (.tdata_run))
                0x20000124                __tdata_run_load_end__ = __tdata_run_end__
                0x20000124                __RAM_segment_used_end__ = (ALIGN (__tbss_end__, 0x4) + SIZEOF (.tdata_run))
                0x00000001                . = ASSERT (((__tdata_run_end__ >= __RAM_segment_start__) && (__tdata_run_end__ <= __RAM_segment_end__)), error: .tdata_run is too large to fit in RAM memory segment)
START GROUP
LOAD THUMB Debug/main.o
LOAD THUMB Debug/system_stm32f4xx.o
LOAD THUMB Debug/stm32f4xx_gpio.o
LOAD THUMB Debug/stm32f4xx_rcc.o
LOAD THUMB Debug/stm32f4xx_tim.o
LOAD THUMB Debug/misc.o
LOAD THUMB Debug/thumb_crt0.o
LOAD THUMB Debug/STM32_Startup.o
LOAD /Applications/CrossWorks for ARM 2.2/lib/libm_v7em_t_le_eabi_f.a
LOAD /Applications/CrossWorks for ARM 2.2/lib/libc_v7em_t_le_eabi_f.a
LOAD /Applications/CrossWorks for ARM 2.2/lib/libcpp_v7em_t_le_eabi_f.a
LOAD /Applications/CrossWorks for ARM 2.2/lib/libdebugio_v7em_t_le_eabi_f.a
LOAD /Applications/CrossWorks for ARM 2.2/lib/libc_targetio_impl_v7em_t_le_eabi_f.a
LOAD /Applications/CrossWorks for ARM 2.2/lib/libc_user_libc_v7em_t_le_eabi_f.a
END GROUP
OUTPUT(THUMB Debug/blink.elf elf32-littlearm)

.debug_frame    0x00000000     0x3e2c
 .debug_frame   0x00000000       0x7c THUMB Debug/main.o
 .debug_frame   0x0000007c       0x84 THUMB Debug/system_stm32f4xx.o
 .debug_frame   0x00000100      0x244 THUMB Debug/stm32f4xx_gpio.o
 .debug_frame   0x00000344      0x6dc THUMB Debug/stm32f4xx_rcc.o
 .debug_frame   0x00000a20      0xe8c THUMB Debug/stm32f4xx_tim.o
 .debug_frame   0x000018ac       0xd8 THUMB Debug/misc.o
 .debug_frame   0x00001984       0x40 /Applications/CrossWorks for ARM 2.2/lib/libc_v7em_t_le_eabi_f.a(__vfprintf_int.o)
 .debug_frame   0x000019c4       0x88 /Applications/CrossWorks for ARM 2.2/lib/libc_v7em_t_le_eabi_f.a(__vfscanf_int.o)
 .debug_frame   0x00001a4c     0x1250 /Applications/CrossWorks for ARM 2.2/lib/libc_v7em_t_le_eabi_f.a(libc2.o)
 .debug_frame   0x00002c9c      0x100 /Applications/CrossWorks for ARM 2.2/lib/libc_v7em_t_le_eabi_f.a(libc2_asm.o)
 .debug_frame   0x00002d9c      0x260 /Applications/CrossWorks for ARM 2.2/lib/libc_v7em_t_le_eabi_f.a(libc_asm.o)
 .debug_frame   0x00002ffc      0x790 /Applications/CrossWorks for ARM 2.2/lib/libdebugio_v7em_t_le_eabi_f.a(libdebugio.o)
 .debug_frame   0x0000378c       0xa0 /Applications/CrossWorks for ARM 2.2/lib/libc_user_libc_v7em_t_le_eabi_f.a(user_libc.o)
 .debug_frame   0x0000382c      0x600 /Applications/CrossWorks for ARM 2.2/lib/libm_v7em_t_le_eabi_f.a(libm_asm.o)

.debug_info     0x00000000     0x5bfd
 .debug_info    0x00000000      0x844 THUMB Debug/main.o
 .debug_info    0x00000844      0x616 THUMB Debug/system_stm32f4xx.o
 .debug_info    0x00000e5a      0x635 THUMB Debug/stm32f4xx_gpio.o
 .debug_info    0x0000148f      0xd1d THUMB Debug/stm32f4xx_rcc.o
 .debug_info    0x000021ac     0x1e21 THUMB Debug/stm32f4xx_tim.o
 .debug_info    0x00003fcd      0x57e THUMB Debug/misc.o
 .debug_info    0x0000454b       0x94 THUMB Debug/thumb_crt0.o
 .debug_info    0x000045df       0xcd THUMB Debug/STM32_Startup.o
 .debug_info    0x000046ac       0x36 /Applications/CrossWorks for ARM 2.2/lib/libc_v7em_t_le_eabi_f.a(__vfprintf_int.o)
 .debug_info    0x000046e2       0x65 /Applications/CrossWorks for ARM 2.2/lib/libc_v7em_t_le_eabi_f.a(__vfscanf_int.o)
 .debug_info    0x00004747      0xc50 /Applications/CrossWorks for ARM 2.2/lib/libc_v7em_t_le_eabi_f.a(libc2.o)
 .debug_info    0x00005397       0xcc /Applications/CrossWorks for ARM 2.2/lib/libc_v7em_t_le_eabi_f.a(libc2_asm.o)
 .debug_info    0x00005463       0xcf /Applications/CrossWorks for ARM 2.2/lib/libc_v7em_t_le_eabi_f.a(libc_asm.o)
 .debug_info    0x00005532      0x51f /Applications/CrossWorks for ARM 2.2/lib/libdebugio_v7em_t_le_eabi_f.a(libdebugio.o)
 .debug_info    0x00005a51       0xcd /Applications/CrossWorks for ARM 2.2/lib/libc_user_libc_v7em_t_le_eabi_f.a(user_libc.o)
 .debug_info    0x00005b1e       0xdf /Applications/CrossWorks for ARM 2.2/lib/libm_v7em_t_le_eabi_f.a(libm_asm.o)

.debug_abbrev   0x00000000      0x9b0
 .debug_abbrev  0x00000000      0x113 THUMB Debug/main.o
 .debug_abbrev  0x00000113      0x135 THUMB Debug/system_stm32f4xx.o
 .debug_abbrev  0x00000248      0x177 THUMB Debug/stm32f4xx_gpio.o
 .debug_abbrev  0x000003bf      0x1ac THUMB Debug/stm32f4xx_rcc.o
 .debug_abbrev  0x0000056b      0x158 THUMB Debug/stm32f4xx_tim.o
 .debug_abbrev  0x000006c3      0x12a THUMB Debug/misc.o
 .debug_abbrev  0x000007ed       0x14 THUMB Debug/thumb_crt0.o
 .debug_abbrev  0x00000801       0x14 THUMB Debug/STM32_Startup.o
 .debug_abbrev  0x00000815       0x25 /Applications/CrossWorks for ARM 2.2/lib/libc_v7em_t_le_eabi_f.a(__vfprintf_int.o)
 .debug_abbrev  0x0000083a       0x43 /Applications/CrossWorks for ARM 2.2/lib/libc_v7em_t_le_eabi_f.a(__vfscanf_int.o)
 .debug_abbrev  0x0000087d       0xa0 /Applications/CrossWorks for ARM 2.2/lib/libc_v7em_t_le_eabi_f.a(libc2.o)
 .debug_abbrev  0x0000091d       0x12 /Applications/CrossWorks for ARM 2.2/lib/libc_v7em_t_le_eabi_f.a(libc2_asm.o)
 .debug_abbrev  0x0000092f       0x12 /Applications/CrossWorks for ARM 2.2/lib/libc_v7em_t_le_eabi_f.a(libc_asm.o)
 .debug_abbrev  0x00000941       0x38 /Applications/CrossWorks for ARM 2.2/lib/libdebugio_v7em_t_le_eabi_f.a(libdebugio.o)
 .debug_abbrev  0x00000979       0x25 /Applications/CrossWorks for ARM 2.2/lib/libc_user_libc_v7em_t_le_eabi_f.a(user_libc.o)
 .debug_abbrev  0x0000099e       0x12 /Applications/CrossWorks for ARM 2.2/lib/libm_v7em_t_le_eabi_f.a(libm_asm.o)

.debug_loc      0x00000000     0x3ba8
 .debug_loc     0x00000000       0x84 THUMB Debug/main.o
 .debug_loc     0x00000084       0x9c THUMB Debug/system_stm32f4xx.o
 .debug_loc     0x00000120      0x310 THUMB Debug/stm32f4xx_gpio.o
 .debug_loc     0x00000430      0x97c THUMB Debug/stm32f4xx_rcc.o
 .debug_loc     0x00000dac     0x1420 THUMB Debug/stm32f4xx_tim.o
 .debug_loc     0x000021cc      0x118 THUMB Debug/misc.o
 .debug_loc     0x000022e4       0x2d /Applications/CrossWorks for ARM 2.2/lib/libc_v7em_t_le_eabi_f.a(__vfprintf_int.o)
 .debug_loc     0x00002311       0x6d /Applications/CrossWorks for ARM 2.2/lib/libc_v7em_t_le_eabi_f.a(__vfscanf_int.o)
 .debug_loc     0x0000237e     0x1036 /Applications/CrossWorks for ARM 2.2/lib/libc_v7em_t_le_eabi_f.a(libc2.o)
 .debug_loc     0x000033b4      0x7f4 /Applications/CrossWorks for ARM 2.2/lib/libdebugio_v7em_t_le_eabi_f.a(libdebugio.o)

.debug_aranges  0x00000000     0x1050
 .debug_aranges
                0x00000000       0x30 THUMB Debug/main.o
 .debug_aranges
                0x00000030       0x30 THUMB Debug/system_stm32f4xx.o
 .debug_aranges
                0x00000060       0x88 THUMB Debug/stm32f4xx_gpio.o
 .debug_aranges
                0x000000e8      0x178 THUMB Debug/stm32f4xx_rcc.o
 .debug_aranges
                0x00000260      0x2f8 THUMB Debug/stm32f4xx_tim.o
 .debug_aranges
                0x00000558       0x40 THUMB Debug/misc.o
 .debug_aranges
                0x00000598       0x20 THUMB Debug/thumb_crt0.o
 .debug_aranges
                0x000005b8       0x20 THUMB Debug/STM32_Startup.o
 .debug_aranges
                0x000005d8       0x20 /Applications/CrossWorks for ARM 2.2/lib/libc_v7em_t_le_eabi_f.a(__vfprintf_int.o)
 .debug_aranges
                0x000005f8       0x30 /Applications/CrossWorks for ARM 2.2/lib/libc_v7em_t_le_eabi_f.a(__vfscanf_int.o)
 .debug_aranges
                0x00000628      0x500 /Applications/CrossWorks for ARM 2.2/lib/libc_v7em_t_le_eabi_f.a(libc2.o)
 .debug_aranges
                0x00000b28       0x60 /Applications/CrossWorks for ARM 2.2/lib/libc_v7em_t_le_eabi_f.a(libc2_asm.o)
 .debug_aranges
                0x00000b88       0xb8 /Applications/CrossWorks for ARM 2.2/lib/libc_v7em_t_le_eabi_f.a(libc_asm.o)
 .debug_aranges
                0x00000c40      0x218 /Applications/CrossWorks for ARM 2.2/lib/libdebugio_v7em_t_le_eabi_f.a(libdebugio.o)
 .debug_aranges
                0x00000e58       0x60 /Applications/CrossWorks for ARM 2.2/lib/libc_user_libc_v7em_t_le_eabi_f.a(user_libc.o)
 .debug_aranges
                0x00000eb8      0x198 /Applications/CrossWorks for ARM 2.2/lib/libm_v7em_t_le_eabi_f.a(libm_asm.o)

.debug_ranges   0x00000000      0xf48
 .debug_ranges  0x00000000       0x20 THUMB Debug/main.o
 .debug_ranges  0x00000020       0x20 THUMB Debug/system_stm32f4xx.o
 .debug_ranges  0x00000040       0x78 THUMB Debug/stm32f4xx_gpio.o
 .debug_ranges  0x000000b8      0x168 THUMB Debug/stm32f4xx_rcc.o
 .debug_ranges  0x00000220      0x2e8 THUMB Debug/stm32f4xx_tim.o
 .debug_ranges  0x00000508       0x30 THUMB Debug/misc.o
 .debug_ranges  0x00000538       0x10 /Applications/CrossWorks for ARM 2.2/lib/libc_v7em_t_le_eabi_f.a(__vfprintf_int.o)
 .debug_ranges  0x00000548       0x20 /Applications/CrossWorks for ARM 2.2/lib/libc_v7em_t_le_eabi_f.a(__vfscanf_int.o)
 .debug_ranges  0x00000568      0x4f0 /Applications/CrossWorks for ARM 2.2/lib/libc_v7em_t_le_eabi_f.a(libc2.o)
 .debug_ranges  0x00000a58       0x58 /Applications/CrossWorks for ARM 2.2/lib/libc_v7em_t_le_eabi_f.a(libc2_asm.o)
 .debug_ranges  0x00000ab0       0xb0 /Applications/CrossWorks for ARM 2.2/lib/libc_v7em_t_le_eabi_f.a(libc_asm.o)
 .debug_ranges  0x00000b60      0x208 /Applications/CrossWorks for ARM 2.2/lib/libdebugio_v7em_t_le_eabi_f.a(libdebugio.o)
 .debug_ranges  0x00000d68       0x50 /Applications/CrossWorks for ARM 2.2/lib/libc_user_libc_v7em_t_le_eabi_f.a(user_libc.o)
 .debug_ranges  0x00000db8      0x190 /Applications/CrossWorks for ARM 2.2/lib/libm_v7em_t_le_eabi_f.a(libm_asm.o)

.debug_line     0x00000000     0x39c0
 .debug_line    0x00000000      0x198 THUMB Debug/main.o
 .debug_line    0x00000198      0x1bd THUMB Debug/system_stm32f4xx.o
 .debug_line    0x00000355      0x28a THUMB Debug/stm32f4xx_gpio.o
 .debug_line    0x000005df      0x4e7 THUMB Debug/stm32f4xx_rcc.o
 .debug_line    0x00000ac6      0x9c4 THUMB Debug/stm32f4xx_tim.o
 .debug_line    0x0000148a      0x190 THUMB Debug/misc.o
 .debug_line    0x0000161a       0xc1 THUMB Debug/thumb_crt0.o
 .debug_line    0x000016db      0x114 THUMB Debug/STM32_Startup.o
 .debug_line    0x000017ef       0x79 /Applications/CrossWorks for ARM 2.2/lib/libc_v7em_t_le_eabi_f.a(__vfprintf_int.o)
 .debug_line    0x00001868       0x78 /Applications/CrossWorks for ARM 2.2/lib/libc_v7em_t_le_eabi_f.a(__vfscanf_int.o)
 .debug_line    0x000018e0      0x5ab /Applications/CrossWorks for ARM 2.2/lib/libc_v7em_t_le_eabi_f.a(libc2.o)
 .debug_line    0x00001e8b      0x224 /Applications/CrossWorks for ARM 2.2/lib/libc_v7em_t_le_eabi_f.a(libc2_asm.o)
 .debug_line    0x000020af      0x653 /Applications/CrossWorks for ARM 2.2/lib/libc_v7em_t_le_eabi_f.a(libc_asm.o)
 .debug_line    0x00002702      0x558 /Applications/CrossWorks for ARM 2.2/lib/libdebugio_v7em_t_le_eabi_f.a(libdebugio.o)
 .debug_line    0x00002c5a       0x78 /Applications/CrossWorks for ARM 2.2/lib/libc_user_libc_v7em_t_le_eabi_f.a(user_libc.o)
 .debug_line    0x00002cd2      0xcee /Applications/CrossWorks for ARM 2.2/lib/libm_v7em_t_le_eabi_f.a(libm_asm.o)

.debug_str      0x00000000     0x296b
 .debug_str     0x00000000      0x9ae THUMB Debug/main.o
                                0x9ef (size before relaxing)
 .debug_str     0x000009ae      0x1e4 THUMB Debug/system_stm32f4xx.o
                                0x344 (size before relaxing)
 .debug_str     0x00000b92      0x1a7 THUMB Debug/stm32f4xx_gpio.o
                                0x437 (size before relaxing)
 .debug_str     0x00000d39      0x573 THUMB Debug/stm32f4xx_rcc.o
                                0x7e4 (size before relaxing)
 .debug_str     0x000012ac      0xa80 THUMB Debug/stm32f4xx_tim.o
                                0xd64 (size before relaxing)
 .debug_str     0x00001d2c      0x152 THUMB Debug/misc.o
                                0x36e (size before relaxing)
 .debug_str     0x00001e7e       0x68 /Applications/CrossWorks for ARM 2.2/lib/libc_v7em_t_le_eabi_f.a(__vfprintf_int.o)
                                 0xb1 (size before relaxing)
 .debug_str     0x00001ee6       0x80 /Applications/CrossWorks for ARM 2.2/lib/libc_v7em_t_le_eabi_f.a(__vfscanf_int.o)
                                 0xc9 (size before relaxing)
 .debug_str     0x00001f66      0x578 /Applications/CrossWorks for ARM 2.2/lib/libc_v7em_t_le_eabi_f.a(libc2.o)
                                0x64e (size before relaxing)
 .debug_str     0x000024de      0x3b7 /Applications/CrossWorks for ARM 2.2/lib/libdebugio_v7em_t_le_eabi_f.a(libdebugio.o)
                                0x400 (size before relaxing)
 .debug_str     0x00002895       0xd6 /Applications/CrossWorks for ARM 2.2/lib/libc_user_libc_v7em_t_le_eabi_f.a(user_libc.o)
                                0x11f (size before relaxing)

.comment        0x00000000       0x4e
 .comment       0x00000000       0x4e THUMB Debug/main.o
                                 0x4f (size before relaxing)
 .comment       0x00000000       0x4f THUMB Debug/system_stm32f4xx.o
 .comment       0x00000000       0x4f THUMB Debug/stm32f4xx_gpio.o
 .comment       0x00000000       0x4f THUMB Debug/stm32f4xx_rcc.o
 .comment       0x00000000       0x4f THUMB Debug/stm32f4xx_tim.o
 .comment       0x00000000       0x4f THUMB Debug/misc.o
 .comment       0x00000000       0x4f /Applications/CrossWorks for ARM 2.2/lib/libc_v7em_t_le_eabi_f.a(__vfprintf_int.o)
 .comment       0x00000000       0x4f /Applications/CrossWorks for ARM 2.2/lib/libc_v7em_t_le_eabi_f.a(__vfscanf_int.o)
 .comment       0x00000000       0x4f /Applications/CrossWorks for ARM 2.2/lib/libc_v7em_t_le_eabi_f.a(libc2.o)
 .comment       0x00000000       0x4f /Applications/CrossWorks for ARM 2.2/lib/libdebugio_v7em_t_le_eabi_f.a(libdebugio.o)
 .comment       0x00000000       0x4f /Applications/CrossWorks for ARM 2.2/lib/libc_user_libc_v7em_t_le_eabi_f.a(user_libc.o)

.ARM.attributes
                0x00000000       0x37
 .ARM.attributes
                0x00000000       0x33 THUMB Debug/main.o
 .ARM.attributes
                0x00000033       0x33 THUMB Debug/system_stm32f4xx.o
 .ARM.attributes
                0x00000066       0x33 THUMB Debug/stm32f4xx_gpio.o
 .ARM.attributes
                0x00000099       0x33 THUMB Debug/stm32f4xx_rcc.o
 .ARM.attributes
                0x000000cc       0x33 THUMB Debug/stm32f4xx_tim.o
 .ARM.attributes
                0x000000ff       0x33 THUMB Debug/misc.o
 .ARM.attributes
                0x00000132       0x27 THUMB Debug/thumb_crt0.o
 .ARM.attributes
                0x00000159       0x27 THUMB Debug/STM32_Startup.o
 .ARM.attributes
                0x00000180       0x2e /Applications/CrossWorks for ARM 2.2/lib/libc_v7em_t_le_eabi_f.a(__vfprintf_int.o)
 .ARM.attributes
                0x000001ae       0x2e /Applications/CrossWorks for ARM 2.2/lib/libc_v7em_t_le_eabi_f.a(__vfscanf_int.o)
 .ARM.attributes
                0x000001dc       0x2e /Applications/CrossWorks for ARM 2.2/lib/libc_v7em_t_le_eabi_f.a(libc2.o)
 .ARM.attributes
                0x0000020a       0x1e /Applications/CrossWorks for ARM 2.2/lib/libc_v7em_t_le_eabi_f.a(libc2_asm.o)
 .ARM.attributes
                0x00000228       0x1e /Applications/CrossWorks for ARM 2.2/lib/libc_v7em_t_le_eabi_f.a(libc_asm.o)
 .ARM.attributes
                0x00000246       0x2e /Applications/CrossWorks for ARM 2.2/lib/libdebugio_v7em_t_le_eabi_f.a(libdebugio.o)
 .ARM.attributes
                0x00000274       0x2e /Applications/CrossWorks for ARM 2.2/lib/libc_user_libc_v7em_t_le_eabi_f.a(user_libc.o)
 .ARM.attributes
                0x000002a2       0x1e /Applications/CrossWorks for ARM 2.2/lib/libm_v7em_t_le_eabi_f.a(libm_asm.o)
