Archive member included because of file (symbol)

/Applications/CrossWorks for ARM 2.2/lib/libm_v7em_t_le_eabi_f.a(libm_asm.o)
                              THUMB Debug/debug_output.o (__aeabi_i2f)
/Applications/CrossWorks for ARM 2.2/lib/libm_v7em_t_le_eabi_f.a(libm2.o)
                              THUMB Debug/DCM.o (asin)
/Applications/CrossWorks for ARM 2.2/lib/libm_v7em_t_le_eabi_f.a(libm2_asm.o)
                              /Applications/CrossWorks for ARM 2.2/lib/libm_v7em_t_le_eabi_f.a(libm2.o) (fabsf)
/Applications/CrossWorks for ARM 2.2/lib/libc_v7em_t_le_eabi_f.a(libc2.o)
                              THUMB Debug/debug_output.o (snprintf)
/Applications/CrossWorks for ARM 2.2/lib/libc_v7em_t_le_eabi_f.a(libc2_asm.o)
                              /Applications/CrossWorks for ARM 2.2/lib/libc_v7em_t_le_eabi_f.a(libc2.o) (memcpy)
/Applications/CrossWorks for ARM 2.2/lib/libc_v7em_t_le_eabi_f.a(__vfprintf_int.o)
                              (__vfprintf_int)
/Applications/CrossWorks for ARM 2.2/lib/libc_v7em_t_le_eabi_f.a(__vfscanf_int.o)
                              (__vfscanf_int)
/Applications/CrossWorks for ARM 2.2/lib/libc_v7em_t_le_eabi_f.a(libc_asm.o)
                              /Applications/CrossWorks for ARM 2.2/lib/libc_v7em_t_le_eabi_f.a(libc2.o) (__aeabi_uldivmod)
/Applications/CrossWorks for ARM 2.2/lib/libdebugio_v7em_t_le_eabi_f.a(libdebugio.o)
                              (__do_debug_operation_mempoll)
/Applications/CrossWorks for ARM 2.2/lib/libc_user_libc_v7em_t_le_eabi_f.a(user_libc.o)
                              /Applications/CrossWorks for ARM 2.2/lib/libm_v7em_t_le_eabi_f.a(libm2.o) (__errno)

Discarded input sections

 .text          0x00000000        0x0 THUMB Debug/main.o
 .data          0x00000000        0x0 THUMB Debug/main.o
 .bss           0x00000000        0x0 THUMB Debug/main.o
 .bss.current_time
                0x00000000        0x4 THUMB Debug/main.o
 .bss.imu_data  0x00000000       0x24 THUMB Debug/main.o
 .bss.body_Tilt
                0x00000000        0xc THUMB Debug/main.o
 .bss.timestamp
                0x00000000        0x4 THUMB Debug/main.o
 .bss.timestamp_Old
                0x00000000        0x4 THUMB Debug/main.o
 .bss.G_Dt      0x00000000        0x4 THUMB Debug/main.o
 .bss.processRoutine
                0x00000000        0x1 THUMB Debug/main.o
 .text          0x00000000        0x0 THUMB Debug/stm32f4xx_gpio.o
 .data          0x00000000        0x0 THUMB Debug/stm32f4xx_gpio.o
 .bss           0x00000000        0x0 THUMB Debug/stm32f4xx_gpio.o
 .text.GPIO_DeInit
                0x00000000      0x178 THUMB Debug/stm32f4xx_gpio.o
 .text.GPIO_StructInit
                0x00000000       0x3c THUMB Debug/stm32f4xx_gpio.o
 .text.GPIO_PinLockConfig
                0x00000000       0x44 THUMB Debug/stm32f4xx_gpio.o
 .text.GPIO_ReadInputDataBit
                0x00000000       0x3c THUMB Debug/stm32f4xx_gpio.o
 .text.GPIO_ReadInputData
                0x00000000       0x1c THUMB Debug/stm32f4xx_gpio.o
 .text.GPIO_ReadOutputDataBit
                0x00000000       0x3c THUMB Debug/stm32f4xx_gpio.o
 .text.GPIO_ReadOutputData
                0x00000000       0x1c THUMB Debug/stm32f4xx_gpio.o
 .text.GPIO_SetBits
                0x00000000       0x1c THUMB Debug/stm32f4xx_gpio.o
 .text.GPIO_ResetBits
                0x00000000       0x1c THUMB Debug/stm32f4xx_gpio.o
 .text.GPIO_WriteBit
                0x00000000       0x30 THUMB Debug/stm32f4xx_gpio.o
 .text.GPIO_Write
                0x00000000       0x1c THUMB Debug/stm32f4xx_gpio.o
 .text.GPIO_ToggleBits
                0x00000000       0x24 THUMB Debug/stm32f4xx_gpio.o
 .text          0x00000000        0x0 THUMB Debug/stm32f4xx_rcc.o
 .data          0x00000000        0x0 THUMB Debug/stm32f4xx_rcc.o
 .bss           0x00000000        0x0 THUMB Debug/stm32f4xx_rcc.o
 .text.RCC_DeInit
                0x00000000       0x84 THUMB Debug/stm32f4xx_rcc.o
 .text.RCC_HSEConfig
                0x00000000       0x30 THUMB Debug/stm32f4xx_rcc.o
 .text.RCC_WaitForHSEStartUp
                0x00000000       0x64 THUMB Debug/stm32f4xx_rcc.o
 .text.RCC_AdjustHSICalibrationValue
                0x00000000       0x48 THUMB Debug/stm32f4xx_rcc.o
 .text.RCC_HSICmd
                0x00000000       0x20 THUMB Debug/stm32f4xx_rcc.o
 .text.RCC_LSEConfig
                0x00000000       0x60 THUMB Debug/stm32f4xx_rcc.o
 .text.RCC_LSICmd
                0x00000000       0x20 THUMB Debug/stm32f4xx_rcc.o
 .text.RCC_PLLConfig
                0x00000000       0x48 THUMB Debug/stm32f4xx_rcc.o
 .text.RCC_PLLCmd
                0x00000000       0x20 THUMB Debug/stm32f4xx_rcc.o
 .text.RCC_PLLI2SConfig
                0x00000000       0x30 THUMB Debug/stm32f4xx_rcc.o
 .text.RCC_PLLI2SCmd
                0x00000000       0x20 THUMB Debug/stm32f4xx_rcc.o
 .text.RCC_ClockSecuritySystemCmd
                0x00000000       0x20 THUMB Debug/stm32f4xx_rcc.o
 .text.RCC_MCO1Config
                0x00000000       0x48 THUMB Debug/stm32f4xx_rcc.o
[...]
Memory Configuration

Name             Origin             Length             Attributes
UNPLACED_SECTIONS 0xffffffff         0x00000000         xw
FLASH            0x08000000         0x00100000         xr
DATA_SRAM        0x10000000         0x00010000         xw
RAM              0x20000000         0x00020000         xw
SRAM1            0x20000000         0x0001c000         xw
SRAM2            0x2001c000         0x00004000         xw
BKPSRAM          0x40024000         0x00001000         xw
PCCARD           0x90000000         0x00000000         xw
NAND2            0x80000000         0x00000000         xw
NAND1            0x70000000         0x00000000         xw
NOR_PSRAM4       0x6c000000         0x00000000         xw
NOR_PSRAM3       0x68000000         0x00000000         xw
NOR_PSRAM2       0x64000000         0x00000000         xw
NOR_PSRAM1       0x60000000         0x00000000         xw
CM3_System_Control_Space 0xe000e000         0x00001000         xw
*default*        0x00000000         0xffffffff

Linker script and memory map

                0x08004240                __do_debug_operation = __do_debug_operation_mempoll
                0x08003734                __vfprintf = __vfprintf_int
                0x08003e78                __vfscanf = __vfscanf_int
                0x08000000                __FLASH_segment_start__ = 0x8000000
                0x08100000                __FLASH_segment_end__ = 0x8100000
                0x10000000                __DATA_SRAM_segment_start__ = 0x10000000
                0x10010000                __DATA_SRAM_segment_end__ = 0x10010000
                0x20000000                __RAM_segment_start__ = 0x20000000
                0x20020000                __RAM_segment_end__ = 0x20020000
                0x20000000                __SRAM1_segment_start__ = 0x20000000
                0x2001c000                __SRAM1_segment_end__ = 0x2001c000
                0x2001c000                __SRAM2_segment_start__ = 0x2001c000
                0x20020000                __SRAM2_segment_end__ = 0x20020000
                0x40024000                __BKPSRAM_segment_start__ = 0x40024000
                0x40025000                __BKPSRAM_segment_end__ = 0x40025000
                0x90000000                __PCCARD_segment_start__ = 0x90000000
                0x90000000                __PCCARD_segment_end__ = 0x90000000
                0x80000000                __NAND2_segment_start__ = 0x80000000
                0x80000000                __NAND2_segment_end__ = 0x80000000
                0x70000000                __NAND1_segment_start__ = 0x70000000
                0x70000000                __NAND1_segment_end__ = 0x70000000
                0x6c000000                __NOR_PSRAM4_segment_start__ = 0x6c000000
                0x6c000000                __NOR_PSRAM4_segment_end__ = 0x6c000000
                0x68000000                __NOR_PSRAM3_segment_start__ = 0x68000000
                0x68000000                __NOR_PSRAM3_segment_end__ = 0x68000000
                0x64000000                __NOR_PSRAM2_segment_start__ = 0x64000000
                0x64000000                __NOR_PSRAM2_segment_end__ = 0x64000000
                0x60000000                __NOR_PSRAM1_segment_start__ = 0x60000000
                0x60000000                __NOR_PSRAM1_segment_end__ = 0x60000000
                0xe000e000                __CM3_System_Control_Space_segment_start__ = 0xe000e000
                0xe000f000                __CM3_System_Control_Space_segment_end__ = 0xe000f000
                0x00000080                __STACKSIZE__ = 0x80
                0x00000000                __STACKSIZE_PROCESS__ = 0x0
                0x00000000                __STACKSIZE_IRQ__ = 0x0
                0x00000000                __STACKSIZE_FIQ__ = 0x0
                0x00000000                __STACKSIZE_SVC__ = 0x0
                0x00000000                __STACKSIZE_ABT__ = 0x0
                0x00000000                __STACKSIZE_UND__ = 0x0
                0x00000080                __HEAPSIZE__ = 0x80
                0x20000000                __vectors_ram_load_start__ = ALIGN (__RAM_segment_start__, 0x100)

.vectors_ram    0x20000000        0x0
                0x20000000                __vectors_ram_start__ = .
 *(.vectors_ram .vectors_ram.*)
                0x20000000                __vectors_ram_end__ = (__vectors_ram_start__ + SIZEOF (.vectors_ram))
                0x20000000                __vectors_ram_load_end__ = __vectors_ram_end__
                0x00000001                . = ASSERT (((__vectors_ram_end__ >= __RAM_segment_start__) && (__vectors_ram_end__ <= __RAM_segment_end__)), error: .vectors_ram is too large to fit in RAM memory segment)
                0x08000000                __vectors_load_start__ = ALIGN (__FLASH_segment_start__, 0x100)

.vectors        0x08000000      0x188
                0x08000000                __vectors_start__ = .
 *(.vectors .vectors.*)
 .vectors       0x08000000      0x188 THUMB Debug/STM32_Startup.o
                0x08000000                _vectors
                0x08000188                __vectors_end__ = (__vectors_start__ + SIZEOF (.vectors))
                0x08000188                __vectors_load_end__ = __vectors_end__
                0x00000001                . = ASSERT (((__vectors_end__ >= __FLASH_segment_start__) && (__vectors_end__ <= __FLASH_segment_end__)), error: .vectors is too large to fit in FLASH memory segment)
                0x08000188                __init_load_start__ = ALIGN (__vectors_end__, 0x4)

.init           0x08000188      0x20c
                0x08000188                __init_start__ = .
 *(.init .init.*)
 .init          0x08000188      0x110 THUMB Debug/thumb_crt0.o
                0x08000188                _start
                0x0800020a                exit
                0x0800022e                __putchar
                0x0800022e                __getchar
 .init          0x08000298       0xfc THUMB Debug/STM32_Startup.o
                0x08000298                reset_handler
                0x080002e0                WWDG_IRQHandler
                0x080002e2                PVD_IRQHandler
                0x080002e4                TAMP_STAMP_IRQHandler
                0x080002e6                RTC_WKUP_IRQHandler
                0x080002e8                FLASH_IRQHandler
                0x080002ea                RCC_IRQHandler
                0x080002ec                EXTI0_IRQHandler
                0x080002ee                EXTI1_IRQHandler
                0x080002f0                EXTI2_IRQHandler
                0x080002f2                EXTI3_IRQHandler
                0x080002f4                EXTI4_IRQHandler
                0x080002f6                DMA1_Stream0_IRQHandler
                0x080002f8                DMA1_Stream1_IRQHandler
                0x080002fa                DMA1_Stream2_IRQHandler
                0x080002fc                DMA1_Stream3_IRQHandler
                0x080002fe                DMA1_Stream4_IRQHandler
                0x08000300                DMA1_Stream5_IRQHandler
                0x08000302                DMA1_Stream6_IRQHandler
                0x08000304                ADC_IRQHandler
                0x08000306                CAN1_TX_IRQHandler
                0x08000308                CAN1_RX0_IRQHandler
                0x0800030a                CAN1_RX1_IRQHandler
                0x0800030c                CAN1_SCE_IRQHandler
                0x0800030e                EXTI9_5_IRQHandler
                0x08000312                TIM1_UP_TIM10_IRQHandler
                0x08000314                TIM1_TRG_COM_TIM11_IRQHandler
                0x08000316                TIM1_CC_IRQHandler
                0x08000318                TIM2_IRQHandler
                0x0800031a                TIM3_IRQHandler
                0x0800031c                TIM4_IRQHandler
                0x08000322                I2C2_EV_IRQHandler
                0x08000324                I2C2_ER_IRQHandler
                0x08000326                SPI1_IRQHandler
                0x08000328                SPI2_IRQHandler
                0x0800032a                USART1_IRQHandler
                0x0800032e                USART3_IRQHandler
                0x08000330                EXTI15_10_IRQHandler
                0x08000332                RTC_Alarm_IRQHandler
                0x08000334                OTG_FS_WKUP_IRQHandler
                0x08000336                TIM8_BRK_TIM12_IRQHandler
                0x08000338                TIM8_UP_TIM13_IRQHandler
                0x0800033a                TIM8_TRG_COM_TIM14_IRQHandler
                0x0800033c                TIM8_CC_IRQHandler
                0x0800033e                DMA1_Stream7_IRQHandler
                0x08000340                FSMC_IRQHandler
                0x08000342                SDIO_IRQHandler
                0x08000344                TIM5_IRQHandler
                0x08000346                SPI3_IRQHandler
                0x08000348                UART4_IRQHandler
                0x0800034a                UART5_IRQHandler
                0x0800034c                TIM6_DAC_IRQHandler
                0x0800034e                TIM7_IRQHandler
                0x08000350                DMA2_Stream0_IRQHandler
                0x08000352                DMA2_Stream1_IRQHandler
                0x08000354                DMA2_Stream2_IRQHandler
                0x08000356                DMA2_Stream3_IRQHandler
                0x08000358                DMA2_Stream4_IRQHandler
                0x0800035a                ETH_IRQHandler
                0x0800035c                ETH_WKUP_IRQHandler
                0x0800035e                CAN2_TX_IRQHandler
                0x08000360                CAN2_RX0_IRQHandler
                0x08000362                CAN2_RX1_IRQHandler
                0x08000364                CAN2_SCE_IRQHandler
                0x08000366                OTG_FS_IRQHandler
                0x08000368                DMA2_Stream5_IRQHandler
                0x0800036a                DMA2_Stream6_IRQHandler
                0x0800036c                DMA2_Stream7_IRQHandler
                0x0800036e                USART6_IRQHandler
                0x08000370                I2C3_EV_IRQHandler
                0x08000372                I2C3_ER_IRQHandler
                0x08000374                OTG_HS_EP1_OUT_IRQHandler
                0x08000376                OTG_HS_EP1_IN_IRQHandler
                0x08000378                OTG_HS_WKUP_IRQHandler
                0x0800037a                OTG_HS_IRQHandler
                0x0800037c                DCMI_IRQHandler
                0x0800037e                CRYP_IRQHandler
                0x08000380                HASH_RNG_IRQHandler
                0x08000382                FPU_IRQHandler
                0x08000384                reset_wait
                0x08000394                __init_end__ = (__init_start__ + SIZEOF (.init))
                0x08000394                __init_load_end__ = __init_end__
                0x00000001                . = ASSERT (((__init_end__ >= __FLASH_segment_start__) && (__init_end__ <= __FLASH_segment_end__)), error: .init is too large to fit in FLASH memory segment)
                0x08000394                __text_load_start__ = ALIGN (__init_end__, 0x4)

.text           0x08000394     0x3ef0
                0x08000394                __text_start__ = .
 *(.text .text.* .glue_7t .glue_7 .gnu.linkonce.t.* .gcc_except_table .ARM.extab* .gnu.linkonce.armextab.*)
 .glue_7        0x00000000        0x0 linker stubs
 .glue_7t       0x00000000        0x0 linker stubs
 .text.NVIC_SetPriority
                0x08000394       0x5c THUMB Debug/main.o
 .text.SysTick_Config
                0x080003f0       0x64 THUMB Debug/main.o
 .text.PeriphInit
                0x08000454       0x38 THUMB Debug/main.o
                0x08000454                PeriphInit
 .text.main     0x0800048c       0x18 THUMB Debug/main.o
                0x0800048c                main
 .text.GPIO_Init
                0x080004a4      0x154 THUMB Debug/stm32f4xx_gpio.o
                0x080004a4                GPIO_Init
 .text.GPIO_PinAFConfig
                0x080005f8       0xac THUMB Debug/stm32f4xx_gpio.o
                0x080005f8                GPIO_PinAFConfig
 .text.RCC_GetClocksFreq
                0x080006a4      0x1d0 THUMB Debug/stm32f4xx_rcc.o
                0x080006a4                RCC_GetClocksFreq
 .text.RCC_AHB1PeriphClockCmd
                0x08000874       0x58 THUMB Debug/stm32f4xx_rcc.o
                0x08000874                RCC_AHB1PeriphClockCmd
 .text.RCC_APB1PeriphClockCmd
                0x080008cc       0x58 THUMB Debug/stm32f4xx_rcc.o
                0x080008cc                RCC_APB1PeriphClockCmd
 .text.RCC_APB2PeriphClockCmd
                0x08000924       0x58 THUMB Debug/stm32f4xx_rcc.o
                0x08000924                RCC_APB2PeriphClockCmd
 .text.RCC_APB1PeriphResetCmd
                0x0800097c       0x58 THUMB Debug/stm32f4xx_rcc.o
                0x0800097c                RCC_APB1PeriphResetCmd
 .text.TIM_TimeBaseInit
                0x080009d4       0xf4 THUMB Debug/stm32f4xx_tim.o
                0x080009d4                TIM_TimeBaseInit
 .text.TIM_SetCounter
                0x08000ac8       0x1c THUMB Debug/stm32f4xx_tim.o
                0x08000ac8                TIM_SetCounter
 .text.TIM_SetAutoreload
                0x08000ae4       0x1c THUMB Debug/stm32f4xx_tim.o
                0x08000ae4                TIM_SetAutoreload
 .text.TIM_ARRPreloadConfig
                0x08000b00       0x40 THUMB Debug/stm32f4xx_tim.o
                0x08000b00                TIM_ARRPreloadConfig
 .text.TIM_Cmd  0x08000b40       0x40 THUMB Debug/stm32f4xx_tim.o
                0x08000b40                TIM_Cmd
 .text.TIM_OC1Init
                0x08000b80       0xfc THUMB Debug/stm32f4xx_tim.o
                0x08000b80                TIM_OC1Init
 .text.TIM_OC2Init
                0x08000c7c      0x128 THUMB Debug/stm32f4xx_tim.o
                0x08000c7c                TIM_OC2Init
 .text.TIM_OC3Init
                0x08000da4      0x120 THUMB Debug/stm32f4xx_tim.o
                0x08000da4                TIM_OC3Init
 .text.TIM_OC4Init
                0x08000ec4       0xe0 THUMB Debug/stm32f4xx_tim.o
                0x08000ec4                TIM_OC4Init
 .text.TIM_SetCompare1
                0x08000fa4       0x1c THUMB Debug/stm32f4xx_tim.o
                0x08000fa4                TIM_SetCompare1
 .text.TIM_SetCompare2
                0x08000fc0       0x1c THUMB Debug/stm32f4xx_tim.o
                0x08000fc0                TIM_SetCompare2
 .text.TIM_SetCompare3
                0x08000fdc       0x1c THUMB Debug/stm32f4xx_tim.o
                0x08000fdc                TIM_SetCompare3
 .text.TIM_SetCompare4
                0x08000ff8       0x1c THUMB Debug/stm32f4xx_tim.o
                0x08000ff8                TIM_SetCompare4
 .text.TIM_OC1PreloadConfig
                0x08001014       0x38 THUMB Debug/stm32f4xx_tim.o
                0x08001014                TIM_OC1PreloadConfig
 .text.TIM_OC2PreloadConfig
                0x0800104c       0x40 THUMB Debug/stm32f4xx_tim.o
                0x0800104c                TIM_OC2PreloadConfig
 .text.TIM_OC3PreloadConfig
                0x0800108c       0x38 THUMB Debug/stm32f4xx_tim.o
                0x0800108c                TIM_OC3PreloadConfig
 .text.TIM_OC4PreloadConfig
                0x080010c4       0x40 THUMB Debug/stm32f4xx_tim.o
                0x080010c4                TIM_OC4PreloadConfig
 .text.TIM_ITConfig
                0x08001104       0x48 THUMB Debug/stm32f4xx_tim.o
                0x08001104                TIM_ITConfig
 .text.NVIC_PriorityGroupConfig
                0x0800114c       0x28 THUMB Debug/misc.o
                0x0800114c                NVIC_PriorityGroupConfig
 .text.NVIC_Init
                0x08001174       0xe4 THUMB Debug/misc.o
                0x08001174                NVIC_Init
 .text.I2C_Init
                0x08001258      0x1ac THUMB Debug/stm32f4xx_i2c.o
                0x08001258                I2C_Init
 .text.CPAL_HAL_NVICInit
                0x08001404       0x10 THUMB Debug/cpal_hal.o
                0x08001404                CPAL_HAL_NVICInit
 .text.NVIC_SetPriority
                0x08001414       0x5c THUMB Debug/cpal_i2c.o
 .text.CPAL_I2C_Init
                0x08001470      0x208 THUMB Debug/cpal_i2c.o
                0x08001470                CPAL_I2C_Init
 .text.CPAL_I2C_StructInit
                0x08001678       0xc4 THUMB Debug/cpal_i2c.o
                0x08001678                CPAL_I2C_StructInit
 .text.CPAL_I2C_Write
                0x0800173c      0x168 THUMB Debug/cpal_i2c.o
                0x0800173c                CPAL_I2C_Write
 .text.CPAL_I2C_EV_IRQHandler
                0x080018a4       0xb0 THUMB Debug/cpal_i2c.o
                0x080018a4                CPAL_I2C_EV_IRQHandler
 .text.CPAL_I2C_ER_IRQHandler
                0x08001954      0x25c THUMB Debug/cpal_i2c.o
                0x08001954                CPAL_I2C_ER_IRQHandler
 .text.TIM1_BRK_TIM9_IRQHandler
                0x08001bb0       0xe4 THUMB Debug/cpal_i2c.o
                0x08001bb0                TIM1_BRK_TIM9_IRQHandler
 .text.CPAL_I2C_Timeout
                0x08001c94       0x34 THUMB Debug/cpal_i2c.o
 .text.I2C_MASTER_START_Handle
                0x08001cc8       0x94 THUMB Debug/cpal_i2c.o
 .text.I2C_MASTER_ADDR_Handle
                0x08001d5c      0x1c4 THUMB Debug/cpal_i2c.o
 .text.I2C_MASTER_TXE_Handle
                0x08001f20      0x168 THUMB Debug/cpal_i2c.o
 .text.I2C_MASTER_RXNE_Handle
                0x08002088      0x2b4 THUMB Debug/cpal_i2c.o
 .text.I2C_Enable_DMA_IT
                0x0800233c       0x64 THUMB Debug/cpal_i2c.o
 .text.CPAL_I2C_HAL_CLKInit
                0x080023a0       0x5c THUMB Debug/cpal_i2c_hal_stm32f4xx.o
                0x080023a0                CPAL_I2C_HAL_CLKInit
 .text.CPAL_I2C_HAL_CLKDeInit
                0x080023fc       0x5c THUMB Debug/cpal_i2c_hal_stm32f4xx.o
                0x080023fc                CPAL_I2C_HAL_CLKDeInit
 .text.CPAL_I2C_HAL_GPIOInit
                0x08002458      0x114 THUMB Debug/cpal_i2c_hal_stm32f4xx.o
                0x08002458                CPAL_I2C_HAL_GPIOInit
 .text.CPAL_I2C_HAL_GPIODeInit
                0x0800256c       0x74 THUMB Debug/cpal_i2c_hal_stm32f4xx.o
                0x0800256c                CPAL_I2C_HAL_GPIODeInit
 .text.CPAL_I2C_HAL_ITInit
                0x080025e0       0xbc THUMB Debug/cpal_i2c_hal_stm32f4xx.o
                0x080025e0                CPAL_I2C_HAL_ITInit
 .text.I2C1_EV_IRQHandler
                0x0800269c       0x18 THUMB Debug/cpal_i2c_hal_stm32f4xx.o
                0x0800269c                I2C1_EV_IRQHandler
 .text.I2C1_ER_IRQHandler
                0x080026b4       0x18 THUMB Debug/cpal_i2c_hal_stm32f4xx.o
                0x080026b4                I2C1_ER_IRQHandler
 .text.CPAL_TIMEOUT_UserCallback
                0x080026cc       0x18 THUMB Debug/cpal_usercallback.o
                0x080026cc                CPAL_TIMEOUT_UserCallback
 .text.CPAL_I2C_TXTC_UserCallback
                0x080026e4       0x14 THUMB Debug/cpal_usercallback.o
                0x080026e4                CPAL_I2C_TXTC_UserCallback
 .text.CPAL_I2C_RXTC_UserCallback
                0x080026f8       0x14 THUMB Debug/cpal_usercallback.o
                0x080026f8                CPAL_I2C_RXTC_UserCallback
 .text.USART_SendData
                0x0800270c       0x28 THUMB Debug/stm32f4xx_usart.o
                0x0800270c                USART_SendData
 .text.USART_ReceiveData
                0x08002734       0x24 THUMB Debug/stm32f4xx_usart.o
                0x08002734                USART_ReceiveData
 .text.USART_ITConfig
                0x08002758       0xa4 THUMB Debug/stm32f4xx_usart.o
                0x08002758                USART_ITConfig
 .text.USART_GetFlagStatus
                0x080027fc       0x40 THUMB Debug/stm32f4xx_usart.o
                0x080027fc                USART_GetFlagStatus
 .text.USART_GetITStatus
                0x0800283c       0xc4 THUMB Debug/stm32f4xx_usart.o
                0x0800283c                USART_GetITStatus
 .text.SystemInit
                0x08002900       0x94 THUMB Debug/system_stm32f4xx.o
                0x08002900                SystemInit
 .text.SetSysClock
                0x08002994      0x188 THUMB Debug/system_stm32f4xx.o
 .text.NMI_Handler
                0x08002b1c        0xc THUMB Debug/stm32f4xx_it.o
                0x08002b1c                NMI_Handler
 .text.HardFault_Handler
                0x08002b28        0x8 THUMB Debug/stm32f4xx_it.o
                0x08002b28                HardFault_Handler
 .text.MemManage_Handler
                0x08002b30        0x8 THUMB Debug/stm32f4xx_it.o
                0x08002b30                MemManage_Handler
 .text.BusFault_Handler
                0x08002b38        0x8 THUMB Debug/stm32f4xx_it.o
                0x08002b38                BusFault_Handler
 .text.UsageFault_Handler
                0x08002b40        0x8 THUMB Debug/stm32f4xx_it.o
                0x08002b40                UsageFault_Handler
 .text.SVC_Handler
                0x08002b48        0xc THUMB Debug/stm32f4xx_it.o
                0x08002b48                SVC_Handler
 .text.DebugMon_Handler
                0x08002b54        0xc THUMB Debug/stm32f4xx_it.o
                0x08002b54                DebugMon_Handler
 .text.PendSV_Handler
                0x08002b60        0xc THUMB Debug/stm32f4xx_it.o
                0x08002b60                PendSV_Handler
 .text.SysTick_Handler
                0x08002b6c       0x30 THUMB Debug/stm32f4xx_it.o
                0x08002b6c                SysTick_Handler
 .text.motor_setPulseWidth
                0x08002b9c      0x204 THUMB Debug/motor_control.o
                0x08002b9c                motor_setPulseWidth
 .text.motor_init
                0x08002da0      0x1bc THUMB Debug/motor_control.o
                0x08002da0                motor_init
 .text.motor_start
                0x08002f5c       0x48 THUMB Debug/motor_control.o
                0x08002f5c                motor_start
 .text.StickIMU_Init
                0x08002fa4      0x11c THUMB Debug/stickIMU.o
                0x08002fa4                StickIMU_Init
 .text.StickIMU_WriteRegister
                0x080030c0       0x90 THUMB Debug/stickIMU.o
                0x080030c0                StickIMU_WriteRegister
 .text.USART2_IRQHandler
                0x08003150       0xa8 THUMB Debug/uart_int.o
                0x08003150                USART2_IRQHandler
 .text.USART_IntReceive
                0x080031f8       0x80 THUMB Debug/uart_int.o
                0x080031f8                USART_IntReceive
 .text.USART_IntTransmit
                0x08003278       0xe0 THUMB Debug/uart_int.o
                0x08003278                USART_IntTransmit
 .text.USART_SendBlock
                0x08003358       0x68 THUMB Debug/uart_int.o
                0x08003358                USART_SendBlock
 .text.CPAL_TimeOutManagerInit
                0x080033c0       0x90 THUMB Debug/timers.o
                0x080033c0                CPAL_TimeOutManagerInit
 .text.libc.__float32_to_uint32
                0x08003450       0x24 /Applications/CrossWorks for ARM 2.2/lib/libm_v7em_t_le_eabi_f.a(libm_asm.o)
                0x08003450                __float32_to_uint32
                0x08003450                __aeabi_f2uiz
                0x08003450                __fixunssfsi
 .text.libc.__float32_mul
                0x08003474       0xd4 /Applications/CrossWorks for ARM 2.2/lib/libm_v7em_t_le_eabi_f.a(libm_asm.o)
                0x08003474                __float32_mul
                0x08003474                __mulsf3
                0x08003474                __aeabi_fmul
 .text.libc.__float32_cmp
                0x08003548       0x44 /Applications/CrossWorks for ARM 2.2/lib/libm_v7em_t_le_eabi_f.a(libm_asm.o)
                0x08003548                __eqsf2
                0x08003548                __nesf2
                0x08003548                __gtsf2
                0x08003548                __lesf2
                0x08003548                __cmpsf2
                0x08003548                __ltsf2
                0x08003548                __gesf2
 .text.libc.__aeabi_fcmplt
                0x0800358c       0x18 /Applications/CrossWorks for ARM 2.2/lib/libm_v7em_t_le_eabi_f.a(libm_asm.o)
                0x0800358c                __aeabi_fcmplt
 .text.libc.__aeabi_fcmpgt
                0x080035a4       0x10 /Applications/CrossWorks for ARM 2.2/lib/libm_v7em_t_le_eabi_f.a(libm_asm.o)
                0x080035a4                __aeabi_fcmpgt
 .text.libc.__getc
                0x080035b4       0x24 /Applications/CrossWorks for ARM 2.2/lib/libc_v7em_t_le_eabi_f.a(libc2.o)
                0x080035b4                __getc
 .text.libc.__putc
                0x080035d8       0x38 /Applications/CrossWorks for ARM 2.2/lib/libc_v7em_t_le_eabi_f.a(libc2.o)
                0x080035d8                __putc
 .text.libc.__print_padding
                0x08003610       0x24 /Applications/CrossWorks for ARM 2.2/lib/libc_v7em_t_le_eabi_f.a(libc2.o)
                0x08003610                __print_padding
 .text.libc.__pre_padding
                0x08003634       0x1c /Applications/CrossWorks for ARM 2.2/lib/libc_v7em_t_le_eabi_f.a(libc2.o)
                0x08003634                __pre_padding
 .text.libc.isupper
                0x08003650       0x10 /Applications/CrossWorks for ARM 2.2/lib/libc_v7em_t_le_eabi_f.a(libc2.o)
                0x08003650                isupper
 .text.libc.islower
                0x08003660       0x10 /Applications/CrossWorks for ARM 2.2/lib/libc_v7em_t_le_eabi_f.a(libc2.o)
                0x08003660                islower
 .text.libc.isdigit
                0x08003670       0x10 /Applications/CrossWorks for ARM 2.2/lib/libc_v7em_t_le_eabi_f.a(libc2.o)
                0x08003670                isdigit
 .text.libc.__digit
                0x08003680       0x3c /Applications/CrossWorks for ARM 2.2/lib/libc_v7em_t_le_eabi_f.a(libc2.o)
                0x08003680                __digit
 .text.libc.isspace
                0x080036bc       0x18 /Applications/CrossWorks for ARM 2.2/lib/libc_v7em_t_le_eabi_f.a(libc2.o)
                0x080036bc                isspace
 .text.libc.strlen
                0x080036d4       0x60 /Applications/CrossWorks for ARM 2.2/lib/libc_v7em_t_le_eabi_f.a(libc2_asm.o)
                0x080036d4                strlen
 .text.libc.__vfprintf_int
                0x08003734      0x5d4 /Applications/CrossWorks for ARM 2.2/lib/libc_v7em_t_le_eabi_f.a(__vfprintf_int.o)
                0x08003734                __vfprintf_int
 .text.libc.__ungetc
                0x08003d08       0x20 /Applications/CrossWorks for ARM 2.2/lib/libc_v7em_t_le_eabi_f.a(__vfscanf_int.o)
 .text.libc.rd_int
                0x08003d28      0x150 /Applications/CrossWorks for ARM 2.2/lib/libc_v7em_t_le_eabi_f.a(__vfscanf_int.o)
 .text.libc.__vfscanf_int
                0x08003e78      0x3c8 /Applications/CrossWorks for ARM 2.2/lib/libc_v7em_t_le_eabi_f.a(__vfscanf_int.o)
                0x08003e78                __vfscanf_int
 .text.libdebugio.__do_debug_operation_mempoll
                0x08004240       0x3c /Applications/CrossWorks for ARM 2.2/lib/libdebugio_v7em_t_le_eabi_f.a(libdebugio.o)
                0x08004240                __do_debug_operation_mempoll
 .text.libc.__debug_io_lock
                0x0800427c        0x4 /Applications/CrossWorks for ARM 2.2/lib/libc_user_libc_v7em_t_le_eabi_f.a(user_libc.o)
                0x0800427c                __debug_io_lock
 .text.libc.__debug_io_unlock
                0x08004280        0x4 /Applications/CrossWorks for ARM 2.2/lib/libc_user_libc_v7em_t_le_eabi_f.a(user_libc.o)
                0x08004280                __debug_io_unlock
                0x08004284                __text_end__ = (__text_start__ + SIZEOF (.text))
                0x08004284                __text_load_end__ = __text_end__

.vfp11_veneer   0x00000000        0x0
 .vfp11_veneer  0x00000000        0x0 linker stubs

.v4_bx          0x00000000        0x0
 .v4_bx         0x00000000        0x0 linker stubs
                0x00000001                . = ASSERT (((__text_end__ >= __FLASH_segment_start__) && (__text_end__ <= __FLASH_segment_end__)), error: .text is too large to fit in FLASH memory segment)
                0x08004284                __dtors_load_start__ = ALIGN (__text_end__, 0x4)

.dtors          0x08004284        0x0
                0x08004284                __dtors_start__ = .
 *(SORT(.dtors.*))
 *(.dtors)
 *(.fini_array .fini_array.*)
                0x08004284                __dtors_end__ = (__dtors_start__ + SIZEOF (.dtors))
                0x08004284                __dtors_load_end__ = __dtors_end__
                0x00000001                . = ASSERT (((__dtors_end__ >= __FLASH_segment_start__) && (__dtors_end__ <= __FLASH_segment_end__)), error: .dtors is too large to fit in FLASH memory segment)
                0x08004284                __ctors_load_start__ = ALIGN (__dtors_end__, 0x4)

.ctors          0x08004284        0x0
                0x08004284                __ctors_start__ = .
 *(SORT(.ctors.*))
 *(.ctors)
 *(.init_array .init_array.*)
                0x08004284                __ctors_end__ = (__ctors_start__ + SIZEOF (.ctors))
                0x08004284                __ctors_load_end__ = __ctors_end__
                0x00000001                . = ASSERT (((__ctors_end__ >= __FLASH_segment_start__) && (__ctors_end__ <= __FLASH_segment_end__)), error: .ctors is too large to fit in FLASH memory segment)
                0x08004284                __rodata_load_start__ = ALIGN (__ctors_end__, 0x4)

.rodata         0x08004284       0x98
                0x08004284                __rodata_start__ = .
 *(.rodata .rodata.* .gnu.linkonce.r.*)
 .rodata.CPAL_I2C_CLK
                0x08004284        0xc THUMB Debug/cpal_i2c_hal_stm32f4xx.o
                0x08004284                CPAL_I2C_CLK
 .rodata.CPAL_I2C_AF
                0x08004290        0xc THUMB Debug/cpal_i2c_hal_stm32f4xx.o
                0x08004290                CPAL_I2C_AF
 .rodata.CPAL_I2C_SCL_GPIO_PIN
                0x0800429c        0x8 THUMB Debug/cpal_i2c_hal_stm32f4xx.o
                0x0800429c                CPAL_I2C_SCL_GPIO_PIN
 .rodata.CPAL_I2C_SCL_GPIO_CLK
                0x080042a4        0xc THUMB Debug/cpal_i2c_hal_stm32f4xx.o
                0x080042a4                CPAL_I2C_SCL_GPIO_CLK
 .rodata.CPAL_I2C_SCL_GPIO_PINSOURCE
                0x080042b0        0x8 THUMB Debug/cpal_i2c_hal_stm32f4xx.o
                0x080042b0                CPAL_I2C_SCL_GPIO_PINSOURCE
 .rodata.CPAL_I2C_SDA_GPIO_PIN
                0x080042b8        0x8 THUMB Debug/cpal_i2c_hal_stm32f4xx.o
                0x080042b8                CPAL_I2C_SDA_GPIO_PIN
 .rodata.CPAL_I2C_SDA_GPIO_CLK
                0x080042c0        0xc THUMB Debug/cpal_i2c_hal_stm32f4xx.o
                0x080042c0                CPAL_I2C_SDA_GPIO_CLK
 .rodata.CPAL_I2C_SDA_GPIO_PINSOURCE
                0x080042cc        0x8 THUMB Debug/cpal_i2c_hal_stm32f4xx.o
                0x080042cc                CPAL_I2C_SDA_GPIO_PINSOURCE
 .rodata.CPAL_I2C_IT_EVT_IRQn
                0x080042d4        0x4 THUMB Debug/cpal_i2c_hal_stm32f4xx.o
                0x080042d4                CPAL_I2C_IT_EVT_IRQn
 .rodata.CPAL_I2C_IT_ERR_IRQn
                0x080042d8        0x4 THUMB Debug/cpal_i2c_hal_stm32f4xx.o
                0x080042d8                CPAL_I2C_IT_ERR_IRQn
 .rodata.I2C_IT_EVT_PREPRIO
                0x080042dc        0x4 THUMB Debug/cpal_i2c_hal_stm32f4xx.o
                0x080042dc                I2C_IT_EVT_PREPRIO
 .rodata.I2C_IT_EVT_SUBPRIO
                0x080042e0        0x4 THUMB Debug/cpal_i2c_hal_stm32f4xx.o
                0x080042e0                I2C_IT_EVT_SUBPRIO
 .rodata.I2C_IT_ERR_PREPRIO
                0x080042e4        0x4 THUMB Debug/cpal_i2c_hal_stm32f4xx.o
                0x080042e4                I2C_IT_ERR_PREPRIO
 .rodata.I2C_IT_ERR_SUBPRIO
                0x080042e8        0x4 THUMB Debug/cpal_i2c_hal_stm32f4xx.o
                0x080042e8                I2C_IT_ERR_SUBPRIO
 .rodata        0x080042ec       0x10 THUMB Debug/motor_control.o
 .rodata.libc.__hex_lc
                0x080042fc       0x10 /Applications/CrossWorks for ARM 2.2/lib/libc_v7em_t_le_eabi_f.a(libc2.o)
                0x080042fc                __hex_lc
 .rodata.libc.__hex_uc
                0x0800430c       0x10 /Applications/CrossWorks for ARM 2.2/lib/libc_v7em_t_le_eabi_f.a(libc2.o)
                0x0800430c                __hex_uc
                0x0800431c                __rodata_end__ = (__rodata_start__ + SIZEOF (.rodata))
                0x0800431c                __rodata_load_end__ = __rodata_end__
                0x00000001                . = ASSERT (((__rodata_end__ >= __FLASH_segment_start__) && (__rodata_end__ <= __FLASH_segment_end__)), error: .rodata is too large to fit in FLASH memory segment)
                0x0800431c                __ARM.exidx_load_start__ = ALIGN (__rodata_end__, 0x4)

.ARM.exidx      0x0800431c        0x0
                0x0800431c                __ARM.exidx_start__ = .
                0x0800431c                __exidx_start = __ARM.exidx_start__
 *(.ARM.exidx .ARM.exidx.*)
                0x0800431c                __ARM.exidx_end__ = (__ARM.exidx_start__ + SIZEOF (.ARM.exidx))
                0x0800431c                __exidx_end = __ARM.exidx_end__
                0x0800431c                __ARM.exidx_load_end__ = __ARM.exidx_end__
                0x00000001                . = ASSERT (((__ARM.exidx_end__ >= __FLASH_segment_start__) && (__ARM.exidx_end__ <= __FLASH_segment_end__)), error: .ARM.exidx is too large to fit in FLASH memory segment)
                0x0800431c                __fast_load_start__ = ALIGN (__ARM.exidx_end__, 0x4)

.fast           0x20000000        0x0 load address 0x0800431c
                0x20000000                __fast_start__ = .
 *(.fast .fast.*)
                0x20000000                __fast_end__ = (__fast_start__ + SIZEOF (.fast))
                0x0800431c                __fast_load_end__ = (__fast_load_start__ + SIZEOF (.fast))
                0x00000001                . = ASSERT (((__fast_load_end__ >= __FLASH_segment_start__) && (__fast_load_end__ <= __FLASH_segment_end__)), error: .fast is too large to fit in FLASH memory segment)

.fast_run       0x20000000        0x0
                0x20000000                __fast_run_start__ = .
                0x20000000                . = MAX ((__fast_run_start__ + SIZEOF (.fast)), .)
                0x20000000                __fast_run_end__ = (__fast_run_start__ + SIZEOF (.fast_run))
                0x20000000                __fast_run_load_end__ = __fast_run_end__
                0x00000001                . = ASSERT (((__fast_run_end__ >= __RAM_segment_start__) && (__fast_run_end__ <= __RAM_segment_end__)), error: .fast_run is too large to fit in RAM memory segment)
                0x0800431c                __data_load_start__ = ALIGN ((__fast_load_start__ + SIZEOF (.fast)), 0x4)

.data           0x20000000       0x64 load address 0x0800431c
                0x20000000                __data_start__ = .
 *(.data .data.* .gnu.linkonce.d.*)
 .data.APBAHBPrescTable
                0x20000000       0x10 THUMB Debug/stm32f4xx_rcc.o
 .data.I2C_DevStructures
                0x20000010        0xc THUMB Debug/cpal_i2c_hal_stm32f4xx.o
                0x20000010                I2C_DevStructures
 .data.I2C1_DevStructure
                0x2000001c       0x20 THUMB Debug/cpal_i2c_hal_stm32f4xx.o
                0x2000001c                I2C1_DevStructure
 .data.CPAL_I2C_DEVICE
                0x2000003c        0xc THUMB Debug/cpal_i2c_hal_stm32f4xx.o
                0x2000003c                CPAL_I2C_DEVICE
 .data.CPAL_I2C_SCL_GPIO_PORT
                0x20000048        0xc THUMB Debug/cpal_i2c_hal_stm32f4xx.o
                0x20000048                CPAL_I2C_SCL_GPIO_PORT
 .data.CPAL_I2C_SDA_GPIO_PORT
                0x20000054        0xc THUMB Debug/cpal_i2c_hal_stm32f4xx.o
                0x20000054                CPAL_I2C_SDA_GPIO_PORT
 .data.SystemCoreClock
                0x20000060        0x4 THUMB Debug/system_stm32f4xx.o
                0x20000060                SystemCoreClock
                0x20000064                __data_end__ = (__data_start__ + SIZEOF (.data))
                0x08004380                __data_load_end__ = (__data_load_start__ + SIZEOF (.data))
                0x00000001                . = ASSERT (((__data_load_end__ >= __FLASH_segment_start__) && (__data_load_end__ <= __FLASH_segment_end__)), error: .data is too large to fit in FLASH memory segment)

.data_run       0x20000000       0x64 load address 0x0800431c
                0x20000000                __data_run_start__ = .
                0x20000064                . = MAX ((__data_run_start__ + SIZEOF (.data)), .)
 *fill*         0x20000000       0x64 00
                0x20000064                __data_run_end__ = (__data_run_start__ + SIZEOF (.data_run))
                0x20000064                __data_run_load_end__ = __data_run_end__
                0x00000001                . = ASSERT (((__data_run_end__ >= __RAM_segment_start__) && (__data_run_end__ <= __RAM_segment_end__)), error: .data_run is too large to fit in RAM memory segment)
                0x20000064                __bss_load_start__ = ALIGN (__data_run_end__, 0x4)

.bss            0x20000064      0x260
                0x20000064                __bss_start__ = .
 *(.bss .bss.* .gnu.linkonce.b.*)
 .bss.I2C_InitStructure
                0x20000064       0x10 THUMB Debug/cpal_i2c.o
                0x20000064                I2C_InitStructure
 .bss.TimingDelay
                0x20000074        0x4 THUMB Debug/stm32f4xx_it.o
 .bss.stickIMUTx
                0x20000078       0x10 THUMB Debug/stickIMU.o
                0x20000078                stickIMUTx
 .bss.stickIMURx
                0x20000088       0x10 THUMB Debug/stickIMU.o
                0x20000088                stickIMURx
 .bss.stickIMUTxBuff
                0x20000098        0x1 THUMB Debug/stickIMU.o
                0x20000098                stickIMUTxBuff
 *fill*         0x20000099        0x3 00
 .bss.stickIMURxBuff
                0x2000009c        0x8 THUMB Debug/stickIMU.o
                0x2000009c                stickIMURxBuff
 .bss.rb        0x200000a4      0x210 THUMB Debug/uart_int.o
                0x200000a4                rb
 .bss.TxIntStat
                0x200002b4        0x1 THUMB Debug/uart_int.o
                0x200002b4                TxIntStat
 *fill*         0x200002b5        0x3 00
 .bss.libc.__format_extender
                0x200002b8        0x4 /Applications/CrossWorks for ARM 2.2/lib/libc_v7em_t_le_eabi_f.a(libc2.o)
                0x200002b8                __format_extender
 .bss.libdebugio.dbgCommWord
                0x200002bc        0x4 /Applications/CrossWorks for ARM 2.2/lib/libdebugio_v7em_t_le_eabi_f.a(libdebugio.o)
                0x200002bc                dbgCommWord
 .bss.libdebugio.dbgCntrlWord_mempoll
                0x200002c0        0x4 /Applications/CrossWorks for ARM 2.2/lib/libdebugio_v7em_t_le_eabi_f.a(libdebugio.o)
                0x200002c0                dbgCntrlWord_mempoll
 *(COMMON)
                0x200002c4                __bss_end__ = (__bss_start__ + SIZEOF (.bss))
                0x200002c4                __bss_load_end__ = __bss_end__
                0x00000001                . = ASSERT (((__bss_end__ >= __RAM_segment_start__) && (__bss_end__ <= __RAM_segment_end__)), error: .bss is too large to fit in RAM memory segment)
                0x200002c4                __non_init_load_start__ = ALIGN (__bss_end__, 0x4)

.non_init       0x200002c4        0x0
                0x200002c4                __non_init_start__ = .
 *(.non_init .non_init.*)
                0x200002c4                __non_init_end__ = (__non_init_start__ + SIZEOF (.non_init))
                0x200002c4                __non_init_load_end__ = __non_init_end__
                0x00000001                . = ASSERT (((__non_init_end__ >= __RAM_segment_start__) && (__non_init_end__ <= __RAM_segment_end__)), error: .non_init is too large to fit in RAM memory segment)
                0x200002c4                __heap_load_start__ = ALIGN (__non_init_end__, 0x4)

.heap           0x200002c4       0x80
                0x200002c4                __heap_start__ = .
 *(.heap .heap.*)
                0x20000344                . = ALIGN (MAX ((__heap_start__ + __HEAPSIZE__), .), 0x4)
 *fill*         0x200002c4       0x80 00
                0x20000344                __heap_end__ = (__heap_start__ + SIZEOF (.heap))
                0x20000344                __heap_load_end__ = __heap_end__
                0x00000001                . = ASSERT (((__heap_end__ >= __RAM_segment_start__) && (__heap_end__ <= __RAM_segment_end__)), error: .heap is too large to fit in RAM memory segment)
                0x20000344                __stack_load_start__ = ALIGN (__heap_end__, 0x4)

.stack          0x20000344       0x80
                0x20000344                __stack_start__ = .
 *(.stack .stack.*)
                0x200003c4                . = ALIGN (MAX ((__stack_start__ + __STACKSIZE__), .), 0x4)
 *fill*         0x20000344       0x80 00
                0x200003c4                __stack_end__ = (__stack_start__ + SIZEOF (.stack))
                0x200003c4                __stack_load_end__ = __stack_end__
                0x00000001                . = ASSERT (((__stack_end__ >= __RAM_segment_start__) && (__stack_end__ <= __RAM_segment_end__)), error: .stack is too large to fit in RAM memory segment)
                0x200003c4                __stack_process_load_start__ = ALIGN (__stack_end__, 0x4)

.stack_process  0x200003c4        0x0
                0x200003c4                __stack_process_start__ = .
 *(.stack_process .stack_process.*)
                0x200003c4                . = ALIGN (MAX ((__stack_process_start__ + __STACKSIZE_PROCESS__), .), 0x4)
                0x200003c4                __stack_process_end__ = (__stack_process_start__ + SIZEOF (.stack_process))
                0x200003c4                __stack_process_load_end__ = __stack_process_end__
                0x00000001                . = ASSERT (((__stack_process_end__ >= __RAM_segment_start__) && (__stack_process_end__ <= __RAM_segment_end__)), error: .stack_process is too large to fit in RAM memory segment)
                0x200003c4                __tbss_load_start__ = ALIGN (__stack_process_end__, 0x4)

.tbss           0x200003c4        0x0
                0x200003c4                __tbss_start__ = .
 *(.tbss .tbss.*)
                0x200003c4                __tbss_end__ = (__tbss_start__ + SIZEOF (.tbss))
                0x200003c4                __tbss_load_end__ = __tbss_end__
                0x00000001                . = ASSERT (((__tbss_end__ >= __RAM_segment_start__) && (__tbss_end__ <= __RAM_segment_end__)), error: .tbss is too large to fit in RAM memory segment)
                0x08004380                __tdata_load_start__ = ALIGN ((__data_load_start__ + SIZEOF (.data)), 0x4)

.tdata          0x200003c4        0x0 load address 0x08004380
                0x200003c4                __tdata_start__ = .
 *(.tdata .tdata.*)
                0x200003c4                __tdata_end__ = (__tdata_start__ + SIZEOF (.tdata))
                0x08004380                __tdata_load_end__ = (__tdata_load_start__ + SIZEOF (.tdata))
                0x08004380                __FLASH_segment_used_end__ = (ALIGN ((__data_load_start__ + SIZEOF (.data)), 0x4) + SIZEOF (.tdata))
                0x00000001                . = ASSERT (((__tdata_load_end__ >= __FLASH_segment_start__) && (__tdata_load_end__ <= __FLASH_segment_end__)), error: .tdata is too large to fit in FLASH memory segment)

.tdata_run      0x200003c4        0x0
                0x200003c4                __tdata_run_start__ = .
                0x200003c4                . = MAX ((__tdata_run_start__ + SIZEOF (.tdata)), .)
                0x200003c4                __tdata_run_end__ = (__tdata_run_start__ + SIZEOF (.tdata_run))
                0x200003c4                __tdata_run_load_end__ = __tdata_run_end__
                0x200003c4                __RAM_segment_used_end__ = (ALIGN (__tbss_end__, 0x4) + SIZEOF (.tdata_run))
                0x00000001                . = ASSERT (((__tdata_run_end__ >= __RAM_segment_start__) && (__tdata_run_end__ <= __RAM_segment_end__)), error: .tdata_run is too large to fit in RAM memory segment)
START GROUP
LOAD THUMB Debug/main.o
LOAD THUMB Debug/stm32f4xx_gpio.o
LOAD THUMB Debug/stm32f4xx_rcc.o
LOAD THUMB Debug/stm32f4xx_tim.o
LOAD THUMB Debug/misc.o
LOAD THUMB Debug/stm32f4xx_i2c.o
LOAD THUMB Debug/cpal_hal.o
LOAD THUMB Debug/cpal_i2c.o
LOAD THUMB Debug/cpal_i2c_hal_stm32f4xx.o
LOAD THUMB Debug/cpal_usercallback.o
LOAD THUMB Debug/stm32f4xx_dma.o
LOAD THUMB Debug/stm32f4xx_spi.o
LOAD THUMB Debug/stm32f4xx_usart.o
LOAD THUMB Debug/system_stm32f4xx.o
LOAD THUMB Debug/AHRS_math.o
LOAD THUMB Debug/DCM.o
LOAD THUMB Debug/stm32f4xx_it.o
LOAD THUMB Debug/debug_output.o
LOAD THUMB Debug/motor_control.o
LOAD THUMB Debug/stickIMU.o
LOAD THUMB Debug/uart_int.o
LOAD THUMB Debug/timers.o
LOAD THUMB Debug/thumb_crt0.o
LOAD THUMB Debug/STM32_Startup.o
LOAD /Applications/CrossWorks for ARM 2.2/lib/libm_v7em_t_le_eabi_f.a
LOAD /Applications/CrossWorks for ARM 2.2/lib/libc_v7em_t_le_eabi_f.a
LOAD /Applications/CrossWorks for ARM 2.2/lib/libcpp_v7em_t_le_eabi_f.a
LOAD /Applications/CrossWorks for ARM 2.2/lib/libdebugio_v7em_t_le_eabi_f.a
LOAD /Applications/CrossWorks for ARM 2.2/lib/libc_targetio_impl_v7em_t_le_eabi_f.a
LOAD /Applications/CrossWorks for ARM 2.2/lib/libc_user_libc_v7em_t_le_eabi_f.a
END GROUP
OUTPUT(THUMB Debug/Teslaquad.elf elf32-littlearm)

.debug_frame    0x00000000     0x61bc
 .debug_frame   0x00000000       0xb4 THUMB Debug/main.o
 .debug_frame   0x000000b4      0x244 THUMB Debug/stm32f4xx_gpio.o
 .debug_frame   0x000002f8      0x6dc THUMB Debug/stm32f4xx_rcc.o
 .debug_frame   0x000009d4      0xe8c THUMB Debug/stm32f4xx_tim.o
 .debug_frame   0x00001860       0xd8 THUMB Debug/misc.o
 .debug_frame   0x00001938      0x540 THUMB Debug/stm32f4xx_i2c.o
 .debug_frame   0x00001e78       0x34 THUMB Debug/cpal_hal.o
 .debug_frame   0x00001eac      0x2c0 THUMB Debug/cpal_i2c.o
 .debug_frame   0x0000216c      0x160 THUMB Debug/cpal_i2c_hal_stm32f4xx.o
 .debug_frame   0x000022cc       0x88 THUMB Debug/cpal_usercallback.o
 .debug_frame   0x00002354      0x308 THUMB Debug/stm32f4xx_dma.o
 .debug_frame   0x0000265c      0x3fc THUMB Debug/stm32f4xx_spi.o
 .debug_frame   0x00002a58      0x4a0 THUMB Debug/stm32f4xx_usart.o
 .debug_frame   0x00002ef8       0x84 THUMB Debug/system_stm32f4xx.o
 .debug_frame   0x00002f7c      0x178 THUMB Debug/AHRS_math.o
 .debug_frame   0x000030f4      0x14c THUMB Debug/DCM.o
 .debug_frame   0x00003240      0x158 THUMB Debug/stm32f4xx_it.o
 .debug_frame   0x00003398      0x114 THUMB Debug/debug_output.o
 .debug_frame   0x000034ac       0xb8 THUMB Debug/motor_control.o
 .debug_frame   0x00003564      0x118 THUMB Debug/stickIMU.o
 .debug_frame   0x0000367c      0x1b8 THUMB Debug/uart_int.o
 .debug_frame   0x00003834       0x3c THUMB Debug/timers.o
 .debug_frame   0x00003870      0x600 /Applications/CrossWorks for ARM 2.2/lib/libm_v7em_t_le_eabi_f.a(libm_asm.o)
 .debug_frame   0x00003e70      0x404 /Applications/CrossWorks for ARM 2.2/lib/libm_v7em_t_le_eabi_f.a(libm2.o)
 .debug_frame   0x00004274       0xa0 /Applications/CrossWorks for ARM 2.2/lib/libm_v7em_t_le_eabi_f.a(libm2_asm.o)
 .debug_frame   0x00004314     0x1250 /Applications/CrossWorks for ARM 2.2/lib/libc_v7em_t_le_eabi_f.a(libc2.o)
 .debug_frame   0x00005564      0x100 /Applications/CrossWorks for ARM 2.2/lib/libc_v7em_t_le_eabi_f.a(libc2_asm.o)
 .debug_frame   0x00005664       0x40 /Applications/CrossWorks for ARM 2.2/lib/libc_v7em_t_le_eabi_f.a(__vfprintf_int.o)
 .debug_frame   0x000056a4       0x88 /Applications/CrossWorks for ARM 2.2/lib/libc_v7em_t_le_eabi_f.a(__vfscanf_int.o)
 .debug_frame   0x0000572c      0x260 /Applications/CrossWorks for ARM 2.2/lib/libc_v7em_t_le_eabi_f.a(libc_asm.o)
 .debug_frame   0x0000598c      0x790 /Applications/CrossWorks for ARM 2.2/lib/libdebugio_v7em_t_le_eabi_f.a(libdebugio.o)
 .debug_frame   0x0000611c       0xa0 /Applications/CrossWorks for ARM 2.2/lib/libc_user_libc_v7em_t_le_eabi_f.a(user_libc.o)

.debug_info     0x00000000     0xd679
 .debug_info    0x00000000      0x8c9 THUMB Debug/main.o
 .debug_info    0x000008c9      0x635 THUMB Debug/stm32f4xx_gpio.o
 .debug_info    0x00000efe      0xd1d THUMB Debug/stm32f4xx_rcc.o
 .debug_info    0x00001c1b     0x1e21 THUMB Debug/stm32f4xx_tim.o
 .debug_info    0x00003a3c      0x57e THUMB Debug/misc.o
 .debug_info    0x00003fba      0xb8a THUMB Debug/stm32f4xx_i2c.o
 .debug_info    0x00004b44       0xb1 THUMB Debug/cpal_hal.o
 .debug_info    0x00004bf5      0xf6f THUMB Debug/cpal_i2c.o
 .debug_info    0x00005b64     0x110e THUMB Debug/cpal_i2c_hal_stm32f4xx.o
 .debug_info    0x00006c72      0x382 THUMB Debug/cpal_usercallback.o
 .debug_info    0x00006ff4      0x79c THUMB Debug/stm32f4xx_dma.o
 .debug_info    0x00007790      0xbc5 THUMB Debug/stm32f4xx_spi.o
 .debug_info    0x00008355      0xa48 THUMB Debug/stm32f4xx_usart.o
 .debug_info    0x00008d9d      0x616 THUMB Debug/system_stm32f4xx.o
 .debug_info    0x000093b3      0x3b0 THUMB Debug/AHRS_math.o
 .debug_info    0x00009763      0x5ff THUMB Debug/DCM.o
 .debug_info    0x00009d62      0x197 THUMB Debug/stm32f4xx_it.o
 .debug_info    0x00009ef9      0x5c3 THUMB Debug/debug_output.o
 .debug_info    0x0000a4bc      0x698 THUMB Debug/motor_control.o
 .debug_info    0x0000ab54      0x5c8 THUMB Debug/stickIMU.o
 .debug_info    0x0000b11c      0x7a4 THUMB Debug/uart_int.o
 .debug_info    0x0000b8c0      0x384 THUMB Debug/timers.o
 .debug_info    0x0000bc44       0x98 THUMB Debug/thumb_crt0.o
 .debug_info    0x0000bcdc       0xd1 THUMB Debug/STM32_Startup.o
 .debug_info    0x0000bdad       0xdf /Applications/CrossWorks for ARM 2.2/lib/libm_v7em_t_le_eabi_f.a(libm_asm.o)
 .debug_info    0x0000be8c      0x2a9 /Applications/CrossWorks for ARM 2.2/lib/libm_v7em_t_le_eabi_f.a(libm2.o)
 .debug_info    0x0000c135       0xd2 /Applications/CrossWorks for ARM 2.2/lib/libm_v7em_t_le_eabi_f.a(libm2_asm.o)
 .debug_info    0x0000c207      0xc50 /Applications/CrossWorks for ARM 2.2/lib/libc_v7em_t_le_eabi_f.a(libc2.o)
 .debug_info    0x0000ce57       0xcc /Applications/CrossWorks for ARM 2.2/lib/libc_v7em_t_le_eabi_f.a(libc2_asm.o)
 .debug_info    0x0000cf23       0x36 /Applications/CrossWorks for ARM 2.2/lib/libc_v7em_t_le_eabi_f.a(__vfprintf_int.o)
 .debug_info    0x0000cf59       0x65 /Applications/CrossWorks for ARM 2.2/lib/libc_v7em_t_le_eabi_f.a(__vfscanf_int.o)
 .debug_info    0x0000cfbe       0xcf /Applications/CrossWorks for ARM 2.2/lib/libc_v7em_t_le_eabi_f.a(libc_asm.o)
 .debug_info    0x0000d08d      0x51f /Applications/CrossWorks for ARM 2.2/lib/libdebugio_v7em_t_le_eabi_f.a(libdebugio.o)
 .debug_info    0x0000d5ac       0xcd /Applications/CrossWorks for ARM 2.2/lib/libc_user_libc_v7em_t_le_eabi_f.a(user_libc.o)

.debug_abbrev   0x00000000     0x1d54
 .debug_abbrev  0x00000000      0x1af THUMB Debug/main.o
 .debug_abbrev  0x000001af      0x177 THUMB Debug/stm32f4xx_gpio.o
 .debug_abbrev  0x00000326      0x1ac THUMB Debug/stm32f4xx_rcc.o
 .debug_abbrev  0x000004d2      0x158 THUMB Debug/stm32f4xx_tim.o
 .debug_abbrev  0x0000062a      0x12a THUMB Debug/misc.o
 .debug_abbrev  0x00000754      0x152 THUMB Debug/stm32f4xx_i2c.o
 .debug_abbrev  0x000008a6       0x59 THUMB Debug/cpal_hal.o
 .debug_abbrev  0x000008ff      0x1f7 THUMB Debug/cpal_i2c.o
 .debug_abbrev  0x00000af6      0x18f THUMB Debug/cpal_i2c_hal_stm32f4xx.o
 .debug_abbrev  0x00000c85       0xbe THUMB Debug/cpal_usercallback.o
 .debug_abbrev  0x00000d43      0x143 THUMB Debug/stm32f4xx_dma.o
 .debug_abbrev  0x00000e86      0x155 THUMB Debug/stm32f4xx_spi.o
 .debug_abbrev  0x00000fdb      0x143 THUMB Debug/stm32f4xx_usart.o
 .debug_abbrev  0x0000111e      0x135 THUMB Debug/system_stm32f4xx.o
 .debug_abbrev  0x00001253       0xcd THUMB Debug/AHRS_math.o
 .debug_abbrev  0x00001320      0x106 THUMB Debug/DCM.o
 .debug_abbrev  0x00001426       0x8e THUMB Debug/stm32f4xx_it.o
 .debug_abbrev  0x000014b4      0x180 THUMB Debug/debug_output.o
 .debug_abbrev  0x00001634      0x133 THUMB Debug/motor_control.o
 .debug_abbrev  0x00001767      0x11b THUMB Debug/stickIMU.o
 .debug_abbrev  0x00001882      0x1d5 THUMB Debug/uart_int.o
 .debug_abbrev  0x00001a57       0xd4 THUMB Debug/timers.o
 .debug_abbrev  0x00001b2b       0x14 THUMB Debug/thumb_crt0.o
 .debug_abbrev  0x00001b3f       0x14 THUMB Debug/STM32_Startup.o
 .debug_abbrev  0x00001b53       0x12 /Applications/CrossWorks for ARM 2.2/lib/libm_v7em_t_le_eabi_f.a(libm_asm.o)
 .debug_abbrev  0x00001b65       0x54 /Applications/CrossWorks for ARM 2.2/lib/libm_v7em_t_le_eabi_f.a(libm2.o)
 .debug_abbrev  0x00001bb9       0x12 /Applications/CrossWorks for ARM 2.2/lib/libm_v7em_t_le_eabi_f.a(libm2_asm.o)
 .debug_abbrev  0x00001bcb       0xa0 /Applications/CrossWorks for ARM 2.2/lib/libc_v7em_t_le_eabi_f.a(libc2.o)
 .debug_abbrev  0x00001c6b       0x12 /Applications/CrossWorks for ARM 2.2/lib/libc_v7em_t_le_eabi_f.a(libc2_asm.o)
 .debug_abbrev  0x00001c7d       0x25 /Applications/CrossWorks for ARM 2.2/lib/libc_v7em_t_le_eabi_f.a(__vfprintf_int.o)
 .debug_abbrev  0x00001ca2       0x43 /Applications/CrossWorks for ARM 2.2/lib/libc_v7em_t_le_eabi_f.a(__vfscanf_int.o)
 .debug_abbrev  0x00001ce5       0x12 /Applications/CrossWorks for ARM 2.2/lib/libc_v7em_t_le_eabi_f.a(libc_asm.o)
 .debug_abbrev  0x00001cf7       0x38 /Applications/CrossWorks for ARM 2.2/lib/libdebugio_v7em_t_le_eabi_f.a(libdebugio.o)
 .debug_abbrev  0x00001d2f       0x25 /Applications/CrossWorks for ARM 2.2/lib/libc_user_libc_v7em_t_le_eabi_f.a(user_libc.o)

.debug_loc      0x00000000     0x6796
 .debug_loc     0x00000000       0xd4 THUMB Debug/main.o
 .debug_loc     0x000000d4      0x310 THUMB Debug/stm32f4xx_gpio.o
 .debug_loc     0x000003e4      0x97c THUMB Debug/stm32f4xx_rcc.o
 .debug_loc     0x00000d60     0x1420 THUMB Debug/stm32f4xx_tim.o
 .debug_loc     0x00002180      0x118 THUMB Debug/misc.o
 .debug_loc     0x00002298      0x738 THUMB Debug/stm32f4xx_i2c.o
 .debug_loc     0x000029d0       0x2c THUMB Debug/cpal_hal.o
 .debug_loc     0x000029fc      0x380 THUMB Debug/cpal_i2c.o
 .debug_loc     0x00002d7c      0x1a8 THUMB Debug/cpal_i2c_hal_stm32f4xx.o
 .debug_loc     0x00002f24       0xa8 THUMB Debug/cpal_usercallback.o
 .debug_loc     0x00002fcc      0x428 THUMB Debug/stm32f4xx_dma.o
 .debug_loc     0x000033f4      0x578 THUMB Debug/stm32f4xx_spi.o
 .debug_loc     0x0000396c      0x658 THUMB Debug/stm32f4xx_usart.o
 .debug_loc     0x00003fc4       0x9c THUMB Debug/system_stm32f4xx.o
 .debug_loc     0x00004060      0x1c4 THUMB Debug/AHRS_math.o
 .debug_loc     0x00004224      0x18e THUMB Debug/DCM.o
 .debug_loc     0x000043b2      0x1c4 THUMB Debug/stm32f4xx_it.o
 .debug_loc     0x00004576      0x144 THUMB Debug/debug_output.o
 .debug_loc     0x000046ba       0xd4 THUMB Debug/motor_control.o
 .debug_loc     0x0000478e      0x150 THUMB Debug/stickIMU.o
 .debug_loc     0x000048de      0x218 THUMB Debug/uart_int.o
 .debug_loc     0x00004af6       0x38 THUMB Debug/timers.o
 .debug_loc     0x00004b2e      0x3a4 /Applications/CrossWorks for ARM 2.2/lib/libm_v7em_t_le_eabi_f.a(libm2.o)
 .debug_loc     0x00004ed2     0x1036 /Applications/CrossWorks for ARM 2.2/lib/libc_v7em_t_le_eabi_f.a(libc2.o)
 .debug_loc     0x00005f08       0x2d /Applications/CrossWorks for ARM 2.2/lib/libc_v7em_t_le_eabi_f.a(__vfprintf_int.o)
 .debug_loc     0x00005f35       0x6d /Applications/CrossWorks for ARM 2.2/lib/libc_v7em_t_le_eabi_f.a(__vfscanf_int.o)
 .debug_loc     0x00005fa2      0x7f4 /Applications/CrossWorks for ARM 2.2/lib/libdebugio_v7em_t_le_eabi_f.a(libdebugio.o)

.debug_aranges  0x00000000     0x18f8
 .debug_aranges
                0x00000000       0x38 THUMB Debug/main.o
 .debug_aranges
                0x00000038       0x88 THUMB Debug/stm32f4xx_gpio.o
 .debug_aranges
                0x000000c0      0x178 THUMB Debug/stm32f4xx_rcc.o
 .debug_aranges
                0x00000238      0x2f8 THUMB Debug/stm32f4xx_tim.o
 .debug_aranges
                0x00000530       0x40 THUMB Debug/misc.o
 .debug_aranges
                0x00000570      0x120 THUMB Debug/stm32f4xx_i2c.o
 .debug_aranges
                0x00000690       0x20 THUMB Debug/cpal_hal.o
 .debug_aranges
                0x000006b0       0x98 THUMB Debug/cpal_i2c.o
 .debug_aranges
                0x00000748       0x58 THUMB Debug/cpal_i2c_hal_stm32f4xx.o
 .debug_aranges
                0x000007a0       0x30 THUMB Debug/cpal_usercallback.o
 .debug_aranges
                0x000007d0       0xb0 THUMB Debug/stm32f4xx_dma.o
 .debug_aranges
                0x00000880       0xe0 THUMB Debug/stm32f4xx_spi.o
 .debug_aranges
                0x00000960      0x100 THUMB Debug/stm32f4xx_usart.o
 .debug_aranges
                0x00000a60       0x30 THUMB Debug/system_stm32f4xx.o
 .debug_aranges
                0x00000a90       0x58 THUMB Debug/AHRS_math.o
 .debug_aranges
                0x00000ae8       0x50 THUMB Debug/DCM.o
 .debug_aranges
                0x00000b38       0x68 THUMB Debug/stm32f4xx_it.o
 .debug_aranges
                0x00000ba0       0x48 THUMB Debug/debug_output.o
 .debug_aranges
                0x00000be8       0x38 THUMB Debug/motor_control.o
 .debug_aranges
                0x00000c20       0x48 THUMB Debug/stickIMU.o
 .debug_aranges
                0x00000c68       0x68 THUMB Debug/uart_int.o
 .debug_aranges
                0x00000cd0       0x20 THUMB Debug/timers.o
 .debug_aranges
                0x00000cf0       0x20 THUMB Debug/thumb_crt0.o
 .debug_aranges
                0x00000d10       0x20 THUMB Debug/STM32_Startup.o
 .debug_aranges
                0x00000d30      0x198 /Applications/CrossWorks for ARM 2.2/lib/libm_v7em_t_le_eabi_f.a(libm_asm.o)
 .debug_aranges
                0x00000ec8      0x110 /Applications/CrossWorks for ARM 2.2/lib/libm_v7em_t_le_eabi_f.a(libm2.o)
 .debug_aranges
                0x00000fd8       0x40 /Applications/CrossWorks for ARM 2.2/lib/libm_v7em_t_le_eabi_f.a(libm2_asm.o)
 .debug_aranges
                0x00001018      0x500 /Applications/CrossWorks for ARM 2.2/lib/libc_v7em_t_le_eabi_f.a(libc2.o)
 .debug_aranges
                0x00001518       0x60 /Applications/CrossWorks for ARM 2.2/lib/libc_v7em_t_le_eabi_f.a(libc2_asm.o)
 .debug_aranges
                0x00001578       0x20 /Applications/CrossWorks for ARM 2.2/lib/libc_v7em_t_le_eabi_f.a(__vfprintf_int.o)
 .debug_aranges
                0x00001598       0x30 /Applications/CrossWorks for ARM 2.2/lib/libc_v7em_t_le_eabi_f.a(__vfscanf_int.o)
 .debug_aranges
                0x000015c8       0xb8 /Applications/CrossWorks for ARM 2.2/lib/libc_v7em_t_le_eabi_f.a(libc_asm.o)
 .debug_aranges
                0x00001680      0x218 /Applications/CrossWorks for ARM 2.2/lib/libdebugio_v7em_t_le_eabi_f.a(libdebugio.o)
 .debug_aranges
                0x00001898       0x60 /Applications/CrossWorks for ARM 2.2/lib/libc_user_libc_v7em_t_le_eabi_f.a(user_libc.o)

.debug_ranges   0x00000000     0x16d8
 .debug_ranges  0x00000000       0x28 THUMB Debug/main.o
 .debug_ranges  0x00000028       0x78 THUMB Debug/stm32f4xx_gpio.o
 .debug_ranges  0x000000a0      0x168 THUMB Debug/stm32f4xx_rcc.o
 .debug_ranges  0x00000208      0x2e8 THUMB Debug/stm32f4xx_tim.o
 .debug_ranges  0x000004f0       0x30 THUMB Debug/misc.o
 .debug_ranges  0x00000520      0x110 THUMB Debug/stm32f4xx_i2c.o
 .debug_ranges  0x00000630       0x10 THUMB Debug/cpal_hal.o
 .debug_ranges  0x00000640       0x88 THUMB Debug/cpal_i2c.o
 .debug_ranges  0x000006c8       0x48 THUMB Debug/cpal_i2c_hal_stm32f4xx.o
 .debug_ranges  0x00000710       0x20 THUMB Debug/cpal_usercallback.o
 .debug_ranges  0x00000730       0xa0 THUMB Debug/stm32f4xx_dma.o
 .debug_ranges  0x000007d0       0xd0 THUMB Debug/stm32f4xx_spi.o
 .debug_ranges  0x000008a0       0xf0 THUMB Debug/stm32f4xx_usart.o
 .debug_ranges  0x00000990       0x20 THUMB Debug/system_stm32f4xx.o
 .debug_ranges  0x000009b0       0x48 THUMB Debug/AHRS_math.o
 .debug_ranges  0x000009f8       0x40 THUMB Debug/DCM.o
 .debug_ranges  0x00000a38       0x58 THUMB Debug/stm32f4xx_it.o
 .debug_ranges  0x00000a90       0x38 THUMB Debug/debug_output.o
 .debug_ranges  0x00000ac8       0x28 THUMB Debug/motor_control.o
 .debug_ranges  0x00000af0       0x38 THUMB Debug/stickIMU.o
 .debug_ranges  0x00000b28       0x58 THUMB Debug/uart_int.o
 .debug_ranges  0x00000b80       0x10 THUMB Debug/timers.o
 .debug_ranges  0x00000b90      0x190 /Applications/CrossWorks for ARM 2.2/lib/libm_v7em_t_le_eabi_f.a(libm_asm.o)
 .debug_ranges  0x00000d20      0x100 /Applications/CrossWorks for ARM 2.2/lib/libm_v7em_t_le_eabi_f.a(libm2.o)
 .debug_ranges  0x00000e20       0x38 /Applications/CrossWorks for ARM 2.2/lib/libm_v7em_t_le_eabi_f.a(libm2_asm.o)
 .debug_ranges  0x00000e58      0x4f0 /Applications/CrossWorks for ARM 2.2/lib/libc_v7em_t_le_eabi_f.a(libc2.o)
 .debug_ranges  0x00001348       0x58 /Applications/CrossWorks for ARM 2.2/lib/libc_v7em_t_le_eabi_f.a(libc2_asm.o)
 .debug_ranges  0x000013a0       0x10 /Applications/CrossWorks for ARM 2.2/lib/libc_v7em_t_le_eabi_f.a(__vfprintf_int.o)
 .debug_ranges  0x000013b0       0x20 /Applications/CrossWorks for ARM 2.2/lib/libc_v7em_t_le_eabi_f.a(__vfscanf_int.o)
 .debug_ranges  0x000013d0       0xb0 /Applications/CrossWorks for ARM 2.2/lib/libc_v7em_t_le_eabi_f.a(libc_asm.o)
 .debug_ranges  0x00001480      0x208 /Applications/CrossWorks for ARM 2.2/lib/libdebugio_v7em_t_le_eabi_f.a(libdebugio.o)
 .debug_ranges  0x00001688       0x50 /Applications/CrossWorks for ARM 2.2/lib/libc_user_libc_v7em_t_le_eabi_f.a(user_libc.o)

.debug_line     0x00000000     0x6779
 .debug_line    0x00000000      0x1a8 THUMB Debug/main.o
 .debug_line    0x000001a8      0x28e THUMB Debug/stm32f4xx_gpio.o
 .debug_line    0x00000436      0x4eb THUMB Debug/stm32f4xx_rcc.o
 .debug_line    0x00000921      0x9c8 THUMB Debug/stm32f4xx_tim.o
 .debug_line    0x000012e9      0x194 THUMB Debug/misc.o
 .debug_line    0x0000147d      0x42b THUMB Debug/stm32f4xx_i2c.o
 .debug_line    0x000018a8      0x124 THUMB Debug/cpal_hal.o
 .debug_line    0x000019cc      0x5fa THUMB Debug/cpal_i2c.o
 .debug_line    0x00001fc6      0x24b THUMB Debug/cpal_i2c_hal_stm32f4xx.o
 .debug_line    0x00002211      0x16b THUMB Debug/cpal_usercallback.o
 .debug_line    0x0000237c      0x32b THUMB Debug/stm32f4xx_dma.o
 .debug_line    0x000026a7      0x3a3 THUMB Debug/stm32f4xx_spi.o
 .debug_line    0x00002a4a      0x3f3 THUMB Debug/stm32f4xx_usart.o
 .debug_line    0x00002e3d      0x1c1 THUMB Debug/system_stm32f4xx.o
 .debug_line    0x00002ffe      0x20a THUMB Debug/AHRS_math.o
 .debug_line    0x00003208      0x21f THUMB Debug/DCM.o
 .debug_line    0x00003427      0x1fe THUMB Debug/stm32f4xx_it.o
 .debug_line    0x00003625      0x287 THUMB Debug/debug_output.o
 .debug_line    0x000038ac      0x1ee THUMB Debug/motor_control.o
 .debug_line    0x00003a9a      0x209 THUMB Debug/stickIMU.o
 .debug_line    0x00003ca3      0x2b5 THUMB Debug/uart_int.o
 .debug_line    0x00003f58      0x14e THUMB Debug/timers.o
 .debug_line    0x000040a6       0xc1 THUMB Debug/thumb_crt0.o
 .debug_line    0x00004167      0x114 THUMB Debug/STM32_Startup.o
 .debug_line    0x0000427b      0xcee /Applications/CrossWorks for ARM 2.2/lib/libm_v7em_t_le_eabi_f.a(libm_asm.o)
 .debug_line    0x00004f69      0x1c8 /Applications/CrossWorks for ARM 2.2/lib/libm_v7em_t_le_eabi_f.a(libm2.o)
 .debug_line    0x00005131      0x165 /Applications/CrossWorks for ARM 2.2/lib/libm_v7em_t_le_eabi_f.a(libm2_asm.o)
 .debug_line    0x00005296      0x5ab /Applications/CrossWorks for ARM 2.2/lib/libc_v7em_t_le_eabi_f.a(libc2.o)
 .debug_line    0x00005841      0x224 /Applications/CrossWorks for ARM 2.2/lib/libc_v7em_t_le_eabi_f.a(libc2_asm.o)
 .debug_line    0x00005a65       0x79 /Applications/CrossWorks for ARM 2.2/lib/libc_v7em_t_le_eabi_f.a(__vfprintf_int.o)
 .debug_line    0x00005ade       0x78 /Applications/CrossWorks for ARM 2.2/lib/libc_v7em_t_le_eabi_f.a(__vfscanf_int.o)
 .debug_line    0x00005b56      0x653 /Applications/CrossWorks for ARM 2.2/lib/libc_v7em_t_le_eabi_f.a(libc_asm.o)
 .debug_line    0x000061a9      0x558 /Applications/CrossWorks for ARM 2.2/lib/libdebugio_v7em_t_le_eabi_f.a(libdebugio.o)
 .debug_line    0x00006701       0x78 /Applications/CrossWorks for ARM 2.2/lib/libc_user_libc_v7em_t_le_eabi_f.a(user_libc.o)

.debug_str      0x00000000     0x4e0f
 .debug_str     0x00000000      0x80d THUMB Debug/main.o
                                0x862 (size before relaxing)
 .debug_str     0x0000080d      0x348 THUMB Debug/stm32f4xx_gpio.o
                                0x43b (size before relaxing)
 .debug_str     0x00000b55      0x657 THUMB Debug/stm32f4xx_rcc.o
                                0x7e8 (size before relaxing)
 .debug_str     0x000011ac      0xb87 THUMB Debug/stm32f4xx_tim.o
                                0xd68 (size before relaxing)
 .debug_str     0x00001d33      0x182 THUMB Debug/misc.o
                                0x372 (size before relaxing)
 .debug_str     0x00001eb5      0x3b1 THUMB Debug/stm32f4xx_i2c.o
                                0x5fd (size before relaxing)
 .debug_str     0x00002266       0x54 THUMB Debug/cpal_hal.o
                                0x13f (size before relaxing)
 .debug_str     0x000022ba      0x4bf THUMB Debug/cpal_i2c.o
                                0xcd1 (size before relaxing)
 .debug_str     0x00002779      0x556 THUMB Debug/cpal_i2c_hal_stm32f4xx.o
                               0x1162 (size before relaxing)
 .debug_str     0x00002ccf       0x9b THUMB Debug/cpal_usercallback.o
                                0x482 (size before relaxing)
 .debug_str     0x00002d6a      0x23c THUMB Debug/stm32f4xx_dma.o
                                0x4e4 (size before relaxing)
 .debug_str     0x00002fa6      0x39e THUMB Debug/stm32f4xx_spi.o
                                0x622 (size before relaxing)
 .debug_str     0x00003344      0x42e THUMB Debug/stm32f4xx_usart.o
                                0x627 (size before relaxing)
 .debug_str     0x00003772       0xb8 THUMB Debug/system_stm32f4xx.o
                                0x348 (size before relaxing)
 .debug_str     0x0000382a       0xe2 THUMB Debug/AHRS_math.o
                                0x1e9 (size before relaxing)
 .debug_str     0x0000390c      0x20f THUMB Debug/DCM.o
                                0x387 (size before relaxing)
 .debug_str     0x00003b1b       0xe8 THUMB Debug/stm32f4xx_it.o
                                0x1d9 (size before relaxing)
 .debug_str     0x00003c03      0x1f0 THUMB Debug/debug_output.o
                                0x3d9 (size before relaxing)
 .debug_str     0x00003df3       0xf7 THUMB Debug/motor_control.o
                                0x571 (size before relaxing)
 .debug_str     0x00003eea      0x14c THUMB Debug/stickIMU.o
                                0x5a8 (size before relaxing)
 .debug_str     0x00004036      0x19e THUMB Debug/uart_int.o
                                0x528 (size before relaxing)
 .debug_str     0x000041d4       0x53 THUMB Debug/timers.o
                                0x2bf (size before relaxing)
 .debug_str     0x00004227       0xfb /Applications/CrossWorks for ARM 2.2/lib/libm_v7em_t_le_eabi_f.a(libm2.o)
                                0x16b (size before relaxing)
 .debug_str     0x00004322      0x578 /Applications/CrossWorks for ARM 2.2/lib/libc_v7em_t_le_eabi_f.a(libc2.o)
                                0x64e (size before relaxing)
 .debug_str     0x0000489a       0x68 /Applications/CrossWorks for ARM 2.2/lib/libc_v7em_t_le_eabi_f.a(__vfprintf_int.o)
                                 0xb1 (size before relaxing)
 .debug_str     0x00004902       0x80 /Applications/CrossWorks for ARM 2.2/lib/libc_v7em_t_le_eabi_f.a(__vfscanf_int.o)
                                 0xc9 (size before relaxing)
 .debug_str     0x00004982      0x3b7 /Applications/CrossWorks for ARM 2.2/lib/libdebugio_v7em_t_le_eabi_f.a(libdebugio.o)
                                0x400 (size before relaxing)
 .debug_str     0x00004d39       0xd6 /Applications/CrossWorks for ARM 2.2/lib/libc_user_libc_v7em_t_le_eabi_f.a(user_libc.o)
                                0x11f (size before relaxing)

.comment        0x00000000       0x4e
 .comment       0x00000000       0x4e THUMB Debug/main.o
                                 0x4f (size before relaxing)
 .comment       0x00000000       0x4f THUMB Debug/stm32f4xx_gpio.o
 .comment       0x00000000       0x4f THUMB Debug/stm32f4xx_rcc.o
 .comment       0x00000000       0x4f THUMB Debug/stm32f4xx_tim.o
 .comment       0x00000000       0x4f THUMB Debug/misc.o
 .comment       0x00000000       0x4f THUMB Debug/stm32f4xx_i2c.o
 .comment       0x00000000       0x4f THUMB Debug/cpal_hal.o
 .comment       0x00000000       0x4f THUMB Debug/cpal_i2c.o
 .comment       0x00000000       0x4f THUMB Debug/cpal_i2c_hal_stm32f4xx.o
 .comment       0x00000000       0x4f THUMB Debug/cpal_usercallback.o
 .comment       0x00000000       0x4f THUMB Debug/stm32f4xx_dma.o
 .comment       0x00000000       0x4f THUMB Debug/stm32f4xx_spi.o
 .comment       0x00000000       0x4f THUMB Debug/stm32f4xx_usart.o
 .comment       0x00000000       0x4f THUMB Debug/system_stm32f4xx.o
 .comment       0x00000000       0x4f THUMB Debug/AHRS_math.o
 .comment       0x00000000       0x4f THUMB Debug/DCM.o
 .comment       0x00000000       0x4f THUMB Debug/stm32f4xx_it.o
 .comment       0x00000000       0x4f THUMB Debug/debug_output.o
 .comment       0x00000000       0x4f THUMB Debug/motor_control.o
 .comment       0x00000000       0x4f THUMB Debug/stickIMU.o
 .comment       0x00000000       0x4f THUMB Debug/uart_int.o
 .comment       0x00000000       0x4f THUMB Debug/timers.o
 .comment       0x00000000       0x4f /Applications/CrossWorks for ARM 2.2/lib/libm_v7em_t_le_eabi_f.a(libm2.o)
 .comment       0x00000000       0x4f /Applications/CrossWorks for ARM 2.2/lib/libc_v7em_t_le_eabi_f.a(libc2.o)
 .comment       0x00000000       0x4f /Applications/CrossWorks for ARM 2.2/lib/libc_v7em_t_le_eabi_f.a(__vfprintf_int.o)
 .comment       0x00000000       0x4f /Applications/CrossWorks for ARM 2.2/lib/libc_v7em_t_le_eabi_f.a(__vfscanf_int.o)
 .comment       0x00000000       0x4f /Applications/CrossWorks for ARM 2.2/lib/libdebugio_v7em_t_le_eabi_f.a(libdebugio.o)
 .comment       0x00000000       0x4f /Applications/CrossWorks for ARM 2.2/lib/libc_user_libc_v7em_t_le_eabi_f.a(user_libc.o)

.ARM.attributes
                0x00000000       0x37
 .ARM.attributes
                0x00000000       0x33 THUMB Debug/main.o
 .ARM.attributes
                0x00000033       0x33 THUMB Debug/stm32f4xx_gpio.o
 .ARM.attributes
                0x00000066       0x33 THUMB Debug/stm32f4xx_rcc.o
 .ARM.attributes
                0x00000099       0x33 THUMB Debug/stm32f4xx_tim.o
 .ARM.attributes
                0x000000cc       0x33 THUMB Debug/misc.o
 .ARM.attributes
                0x000000ff       0x33 THUMB Debug/stm32f4xx_i2c.o
 .ARM.attributes
                0x00000132       0x33 THUMB Debug/cpal_hal.o
 .ARM.attributes
                0x00000165       0x33 THUMB Debug/cpal_i2c.o
 .ARM.attributes
                0x00000198       0x33 THUMB Debug/cpal_i2c_hal_stm32f4xx.o
 .ARM.attributes
                0x000001cb       0x33 THUMB Debug/cpal_usercallback.o
 .ARM.attributes
                0x000001fe       0x33 THUMB Debug/stm32f4xx_dma.o
 .ARM.attributes
                0x00000231       0x33 THUMB Debug/stm32f4xx_spi.o
 .ARM.attributes
                0x00000264       0x33 THUMB Debug/stm32f4xx_usart.o
 .ARM.attributes
                0x00000297       0x33 THUMB Debug/system_stm32f4xx.o
 .ARM.attributes
                0x000002ca       0x33 THUMB Debug/AHRS_math.o
 .ARM.attributes
                0x000002fd       0x33 THUMB Debug/DCM.o
 .ARM.attributes
                0x00000330       0x33 THUMB Debug/stm32f4xx_it.o
 .ARM.attributes
                0x00000363       0x33 THUMB Debug/debug_output.o
 .ARM.attributes
                0x00000396       0x33 THUMB Debug/motor_control.o
 .ARM.attributes
                0x000003c9       0x33 THUMB Debug/stickIMU.o
 .ARM.attributes
                0x000003fc       0x33 THUMB Debug/uart_int.o
 .ARM.attributes
                0x0000042f       0x33 THUMB Debug/timers.o
 .ARM.attributes
                0x00000462       0x27 THUMB Debug/thumb_crt0.o
 .ARM.attributes
                0x00000489       0x27 THUMB Debug/STM32_Startup.o
 .ARM.attributes
                0x000004b0       0x1e /Applications/CrossWorks for ARM 2.2/lib/libm_v7em_t_le_eabi_f.a(libm_asm.o)
 .ARM.attributes
                0x000004ce       0x2e /Applications/CrossWorks for ARM 2.2/lib/libm_v7em_t_le_eabi_f.a(libm2.o)
 .ARM.attributes
                0x000004fc       0x1e /Applications/CrossWorks for ARM 2.2/lib/libm_v7em_t_le_eabi_f.a(libm2_asm.o)
 .ARM.attributes
                0x0000051a       0x2e /Applications/CrossWorks for ARM 2.2/lib/libc_v7em_t_le_eabi_f.a(libc2.o)
 .ARM.attributes
                0x00000548       0x1e /Applications/CrossWorks for ARM 2.2/lib/libc_v7em_t_le_eabi_f.a(libc2_asm.o)
 .ARM.attributes
                0x00000566       0x2e /Applications/CrossWorks for ARM 2.2/lib/libc_v7em_t_le_eabi_f.a(__vfprintf_int.o)
 .ARM.attributes
                0x00000594       0x2e /Applications/CrossWorks for ARM 2.2/lib/libc_v7em_t_le_eabi_f.a(__vfscanf_int.o)
 .ARM.attributes
                0x000005c2       0x1e /Applications/CrossWorks for ARM 2.2/lib/libc_v7em_t_le_eabi_f.a(libc_asm.o)
 .ARM.attributes
                0x000005e0       0x2e /Applications/CrossWorks for ARM 2.2/lib/libdebugio_v7em_t_le_eabi_f.a(libdebugio.o)
 .ARM.attributes
                0x0000060e       0x2e /Applications/CrossWorks for ARM 2.2/lib/libc_user_libc_v7em_t_le_eabi_f.a(user_libc.o)
