Archive member included because of file (symbol)

/Applications/CrossWorks for ARM 2.2/lib/libm_v7em_t_le_eabi_f.a(libm_asm.o)
                              THUMB Debug/stickIMU.o (__aeabi_i2f)
/Applications/CrossWorks for ARM 2.2/lib/libc_v7em_t_le_eabi_f.a(__vfprintf_int.o)
                              (__vfprintf_int)
/Applications/CrossWorks for ARM 2.2/lib/libc_v7em_t_le_eabi_f.a(__vfscanf_int.o)
                              (__vfscanf_int)
/Applications/CrossWorks for ARM 2.2/lib/libc_v7em_t_le_eabi_f.a(libc2.o)
                              /Applications/CrossWorks for ARM 2.2/lib/libc_v7em_t_le_eabi_f.a(__vfscanf_int.o) (__getc)
/Applications/CrossWorks for ARM 2.2/lib/libc_v7em_t_le_eabi_f.a(libc2_asm.o)
                              /Applications/CrossWorks for ARM 2.2/lib/libc_v7em_t_le_eabi_f.a(libc2.o) (memcpy)
/Applications/CrossWorks for ARM 2.2/lib/libc_v7em_t_le_eabi_f.a(libc_asm.o)
                              /Applications/CrossWorks for ARM 2.2/lib/libc_v7em_t_le_eabi_f.a(libc2.o) (__aeabi_uldivmod)
/Applications/CrossWorks for ARM 2.2/lib/libdebugio_v7em_t_le_eabi_f.a(libdebugio.o)
                              (__do_debug_operation_mempoll)
/Applications/CrossWorks for ARM 2.2/lib/libc_user_libc_v7em_t_le_eabi_f.a(user_libc.o)
                              /Applications/CrossWorks for ARM 2.2/lib/libc_v7em_t_le_eabi_f.a(libc2.o) (__errno)

Discarded input sections

 .text          0x00000000        0x0 THUMB Debug/main.o
 .data          0x00000000        0x0 THUMB Debug/main.o
 .bss           0x00000000        0x0 THUMB Debug/main.o
 .bss.MotorCmd  0x00000000       0x10 THUMB Debug/main.o
 .text          0x00000000        0x0 THUMB Debug/system_stm32f4xx.o
 .data          0x00000000        0x0 THUMB Debug/system_stm32f4xx.o
 .bss           0x00000000        0x0 THUMB Debug/system_stm32f4xx.o
 .data.AHBPrescTable
                0x00000000       0x10 THUMB Debug/system_stm32f4xx.o
 .text.SystemCoreClockUpdate
                0x00000000      0x174 THUMB Debug/system_stm32f4xx.o
 .text          0x00000000        0x0 THUMB Debug/stm32f4xx_gpio.o
 .data          0x00000000        0x0 THUMB Debug/stm32f4xx_gpio.o
 .bss           0x00000000        0x0 THUMB Debug/stm32f4xx_gpio.o
 .text.GPIO_DeInit
                0x00000000      0x178 THUMB Debug/stm32f4xx_gpio.o
 .text.GPIO_StructInit
                0x00000000       0x3c THUMB Debug/stm32f4xx_gpio.o
 .text.GPIO_PinLockConfig
                0x00000000       0x44 THUMB Debug/stm32f4xx_gpio.o
 .text.GPIO_ReadInputDataBit
                0x00000000       0x3c THUMB Debug/stm32f4xx_gpio.o
 .text.GPIO_ReadInputData
                0x00000000       0x1c THUMB Debug/stm32f4xx_gpio.o
 .text.GPIO_ReadOutputDataBit
                0x00000000       0x3c THUMB Debug/stm32f4xx_gpio.o
 .text.GPIO_ReadOutputData
                0x00000000       0x1c THUMB Debug/stm32f4xx_gpio.o
 .text.GPIO_SetBits
                0x00000000       0x1c THUMB Debug/stm32f4xx_gpio.o
 .text.GPIO_ResetBits
                0x00000000       0x1c THUMB Debug/stm32f4xx_gpio.o
 .text.GPIO_WriteBit
                0x00000000       0x30 THUMB Debug/stm32f4xx_gpio.o
 .text.GPIO_Write
                0x00000000       0x1c THUMB Debug/stm32f4xx_gpio.o
 .text.GPIO_ToggleBits
                0x00000000       0x24 THUMB Debug/stm32f4xx_gpio.o
 .text          0x00000000        0x0 THUMB Debug/stm32f4xx_rcc.o
 .data          0x00000000        0x0 THUMB Debug/stm32f4xx_rcc.o
 .bss           0x00000000        0x0 THUMB Debug/stm32f4xx_rcc.o
 .text.RCC_DeInit
                0x00000000       0x84 THUMB Debug/stm32f4xx_rcc.o
 .text.RCC_HSEConfig
                0x00000000       0x30 THUMB Debug/stm32f4xx_rcc.o
 .text.RCC_WaitForHSEStartUp
                0x00000000       0x64 THUMB Debug/stm32f4xx_rcc.o
 .text.RCC_AdjustHSICalibrationValue
                0x00000000       0x48 THUMB Debug/stm32f4xx_rcc.o
 .text.RCC_HSICmd
                0x00000000       0x20 THUMB Debug/stm32f4xx_rcc.o
 .text.RCC_LSEConfig
                0x00000000       0x60 THUMB Debug/stm32f4xx_rcc.o
 .text.RCC_LSICmd
                0x00000000       0x20 THUMB Debug/stm32f4xx_rcc.o
 .text.RCC_PLLConfig
                0x00000000       0x48 THUMB Debug/stm32f4xx_rcc.o
 .text.RCC_PLLCmd
                0x00000000       0x20 THUMB Debug/stm32f4xx_rcc.o
 .text.RCC_PLLI2SConfig
                0x00000000       0x30 THUMB Debug/stm32f4xx_rcc.o
 .text.RCC_PLLI2SCmd
                0x00000000       0x20 THUMB Debug/stm32f4xx_rcc.o
 .text.RCC_ClockSecuritySystemCmd
                0x00000000       0x20 THUMB Debug/stm32f4xx_rcc.o
 .text.RCC_MCO1Config
                0x00000000       0x48 THUMB Debug/stm32f4xx_rcc.o
 .text.RCC_MCO2Config
                0x00000000       0x48 THUMB Debug/stm32f4xx_rcc.o
 .text.RCC_SYSCLKConfig
                0x00000000       0x40 THUMB Debug/stm32f4xx_rcc.o
 .text.RCC_GetSYSCLKSource
                0x00000000       0x20 THUMB Debug/stm32f4xx_rcc.o
 .text.RCC_HCLKConfig
[...]
Memory Configuration

Name             Origin             Length             Attributes
UNPLACED_SECTIONS 0xffffffff         0x00000000         xw
FLASH            0x08000000         0x00100000         xr
DATA_SRAM        0x10000000         0x00010000         xw
RAM              0x20000000         0x00020000         xw
SRAM1            0x20000000         0x0001c000         xw
SRAM2            0x2001c000         0x00004000         xw
BKPSRAM          0x40024000         0x00001000         xw
PCCARD           0x90000000         0x00000000         xw
NAND2            0x80000000         0x00000000         xw
NAND1            0x70000000         0x00000000         xw
NOR_PSRAM4       0x6c000000         0x00000000         xw
NOR_PSRAM3       0x68000000         0x00000000         xw
NOR_PSRAM2       0x64000000         0x00000000         xw
NOR_PSRAM1       0x60000000         0x00000000         xw
CM3_System_Control_Space 0xe000e000         0x00001000         xw
*default*        0x00000000         0xffffffff

Linker script and memory map

                0x08003ba4                __do_debug_operation = __do_debug_operation_mempoll
                0x08002f18                __vfprintf = __vfprintf_int
                0x0800365c                __vfscanf = __vfscanf_int
                0x08000000                __FLASH_segment_start__ = 0x8000000
                0x08100000                __FLASH_segment_end__ = 0x8100000
                0x10000000                __DATA_SRAM_segment_start__ = 0x10000000
                0x10010000                __DATA_SRAM_segment_end__ = 0x10010000
                0x20000000                __RAM_segment_start__ = 0x20000000
                0x20020000                __RAM_segment_end__ = 0x20020000
                0x20000000                __SRAM1_segment_start__ = 0x20000000
                0x2001c000                __SRAM1_segment_end__ = 0x2001c000
                0x2001c000                __SRAM2_segment_start__ = 0x2001c000
                0x20020000                __SRAM2_segment_end__ = 0x20020000
                0x40024000                __BKPSRAM_segment_start__ = 0x40024000
                0x40025000                __BKPSRAM_segment_end__ = 0x40025000
                0x90000000                __PCCARD_segment_start__ = 0x90000000
                0x90000000                __PCCARD_segment_end__ = 0x90000000
                0x80000000                __NAND2_segment_start__ = 0x80000000
                0x80000000                __NAND2_segment_end__ = 0x80000000
                0x70000000                __NAND1_segment_start__ = 0x70000000
                0x70000000                __NAND1_segment_end__ = 0x70000000
                0x6c000000                __NOR_PSRAM4_segment_start__ = 0x6c000000
                0x6c000000                __NOR_PSRAM4_segment_end__ = 0x6c000000
                0x68000000                __NOR_PSRAM3_segment_start__ = 0x68000000
                0x68000000                __NOR_PSRAM3_segment_end__ = 0x68000000
                0x64000000                __NOR_PSRAM2_segment_start__ = 0x64000000
                0x64000000                __NOR_PSRAM2_segment_end__ = 0x64000000
                0x60000000                __NOR_PSRAM1_segment_start__ = 0x60000000
                0x60000000                __NOR_PSRAM1_segment_end__ = 0x60000000
                0xe000e000                __CM3_System_Control_Space_segment_start__ = 0xe000e000
                0xe000f000                __CM3_System_Control_Space_segment_end__ = 0xe000f000
                0x00000080                __STACKSIZE__ = 0x80
                0x00000000                __STACKSIZE_PROCESS__ = 0x0
                0x00000000                __STACKSIZE_IRQ__ = 0x0
                0x00000000                __STACKSIZE_FIQ__ = 0x0
                0x00000000                __STACKSIZE_SVC__ = 0x0
                0x00000000                __STACKSIZE_ABT__ = 0x0
                0x00000000                __STACKSIZE_UND__ = 0x0
                0x00000080                __HEAPSIZE__ = 0x80
                0x20000000                __vectors_ram_load_start__ = ALIGN (__RAM_segment_start__, 0x100)

.vectors_ram    0x20000000        0x0
                0x20000000                __vectors_ram_start__ = .
 *(.vectors_ram .vectors_ram.*)
                0x20000000                __vectors_ram_end__ = (__vectors_ram_start__ + SIZEOF (.vectors_ram))
                0x20000000                __vectors_ram_load_end__ = __vectors_ram_end__
                0x00000001                . = ASSERT (((__vectors_ram_end__ >= __RAM_segment_start__) && (__vectors_ram_end__ <= __RAM_segment_end__)), error: .vectors_ram is too large to fit in RAM memory segment)
                0x08000000                __vectors_load_start__ = ALIGN (__FLASH_segment_start__, 0x100)

.vectors        0x08000000      0x188
                0x08000000                __vectors_start__ = .
 *(.vectors .vectors.*)
 .vectors       0x08000000      0x188 THUMB Debug/STM32_Startup.o
                0x08000000                _vectors
                0x08000188                __vectors_end__ = (__vectors_start__ + SIZEOF (.vectors))
                0x08000188                __vectors_load_end__ = __vectors_end__
                0x00000001                . = ASSERT (((__vectors_end__ >= __FLASH_segment_start__) && (__vectors_end__ <= __FLASH_segment_end__)), error: .vectors is too large to fit in FLASH memory segment)
                0x08000188                __init_load_start__ = ALIGN (__vectors_end__, 0x4)

.init           0x08000188      0x20c
                0x08000188                __init_start__ = .
 *(.init .init.*)
 .init          0x08000188      0x110 THUMB Debug/thumb_crt0.o
                0x08000188                _start
                0x0800020a                exit
                0x0800022e                __putchar
                0x0800022e                __getchar
 .init          0x08000298       0xfc THUMB Debug/STM32_Startup.o
                0x08000298                reset_handler
                0x080002ce                NMI_Handler
                0x080002d0                HardFault_Handler
                0x080002d2                MemManage_Handler
                0x080002d4                BusFault_Handler
                0x080002d6                UsageFault_Handler
                0x080002d8                SVC_Handler
                0x080002da                DebugMon_Handler
                0x080002dc                PendSV_Handler
                0x080002e0                WWDG_IRQHandler
                0x080002e2                PVD_IRQHandler
                0x080002e4                TAMP_STAMP_IRQHandler
                0x080002e6                RTC_WKUP_IRQHandler
                0x080002e8                FLASH_IRQHandler
                0x080002ea                RCC_IRQHandler
                0x080002ec                EXTI0_IRQHandler
                0x080002ee                EXTI1_IRQHandler
                0x080002f0                EXTI2_IRQHandler
                0x080002f2                EXTI3_IRQHandler
                0x080002f4                EXTI4_IRQHandler
                0x080002f6                DMA1_Stream0_IRQHandler
                0x080002f8                DMA1_Stream1_IRQHandler
                0x080002fa                DMA1_Stream2_IRQHandler
                0x080002fc                DMA1_Stream3_IRQHandler
                0x080002fe                DMA1_Stream4_IRQHandler
                0x08000300                DMA1_Stream5_IRQHandler
                0x08000302                DMA1_Stream6_IRQHandler
                0x08000304                ADC_IRQHandler
                0x08000306                CAN1_TX_IRQHandler
                0x08000308                CAN1_RX0_IRQHandler
                0x0800030a                CAN1_RX1_IRQHandler
                0x0800030c                CAN1_SCE_IRQHandler
                0x0800030e                EXTI9_5_IRQHandler
                0x08000310                TIM1_BRK_TIM9_IRQHandler
                0x08000312                TIM1_UP_TIM10_IRQHandler
                0x08000314                TIM1_TRG_COM_TIM11_IRQHandler
                0x08000316                TIM1_CC_IRQHandler
                0x08000318                TIM2_IRQHandler
                0x0800031a                TIM3_IRQHandler
                0x0800031c                TIM4_IRQHandler
                0x08000322                I2C2_EV_IRQHandler
                0x08000324                I2C2_ER_IRQHandler
                0x08000326                SPI1_IRQHandler
                0x08000328                SPI2_IRQHandler
                0x0800032a                USART1_IRQHandler
                0x0800032c                USART2_IRQHandler
                0x0800032e                USART3_IRQHandler
                0x08000330                EXTI15_10_IRQHandler
                0x08000332                RTC_Alarm_IRQHandler
                0x08000334                OTG_FS_WKUP_IRQHandler
                0x08000336                TIM8_BRK_TIM12_IRQHandler
                0x08000338                TIM8_UP_TIM13_IRQHandler
                0x0800033a                TIM8_TRG_COM_TIM14_IRQHandler
                0x0800033c                TIM8_CC_IRQHandler
                0x0800033e                DMA1_Stream7_IRQHandler
                0x08000340                FSMC_IRQHandler
                0x08000342                SDIO_IRQHandler
                0x08000344                TIM5_IRQHandler
                0x08000346                SPI3_IRQHandler
                0x08000348                UART4_IRQHandler
                0x0800034a                UART5_IRQHandler
                0x0800034c                TIM6_DAC_IRQHandler
                0x0800034e                TIM7_IRQHandler
                0x08000350                DMA2_Stream0_IRQHandler
                0x08000352                DMA2_Stream1_IRQHandler
                0x08000354                DMA2_Stream2_IRQHandler
                0x08000356                DMA2_Stream3_IRQHandler
                0x08000358                DMA2_Stream4_IRQHandler
                0x0800035a                ETH_IRQHandler
                0x0800035c                ETH_WKUP_IRQHandler
                0x0800035e                CAN2_TX_IRQHandler
                0x08000360                CAN2_RX0_IRQHandler
                0x08000362                CAN2_RX1_IRQHandler
                0x08000364                CAN2_SCE_IRQHandler
                0x08000366                OTG_FS_IRQHandler
                0x08000368                DMA2_Stream5_IRQHandler
                0x0800036a                DMA2_Stream6_IRQHandler
                0x0800036c                DMA2_Stream7_IRQHandler
                0x0800036e                USART6_IRQHandler
                0x08000370                I2C3_EV_IRQHandler
                0x08000372                I2C3_ER_IRQHandler
                0x08000374                OTG_HS_EP1_OUT_IRQHandler
                0x08000376                OTG_HS_EP1_IN_IRQHandler
                0x08000378                OTG_HS_WKUP_IRQHandler
                0x0800037a                OTG_HS_IRQHandler
                0x0800037c                DCMI_IRQHandler
                0x0800037e                CRYP_IRQHandler
                0x08000380                HASH_RNG_IRQHandler
                0x08000382                FPU_IRQHandler
                0x08000384                reset_wait
                0x08000394                __init_end__ = (__init_start__ + SIZEOF (.init))
                0x08000394                __init_load_end__ = __init_end__
                0x00000001                . = ASSERT (((__init_end__ >= __FLASH_segment_start__) && (__init_end__ <= __FLASH_segment_end__)), error: .init is too large to fit in FLASH memory segment)
                0x08000394                __text_load_start__ = ALIGN (__init_end__, 0x4)

.text           0x08000394     0x3854
                0x08000394                __text_start__ = .
 *(.text .text.* .glue_7t .glue_7 .gnu.linkonce.t.* .gcc_except_table .ARM.extab* .gnu.linkonce.armextab.*)
 .glue_7        0x00000000        0x0 linker stubs
 .glue_7t       0x00000000        0x0 linker stubs
 .text.PeriphInit
                0x08000394       0x18 THUMB Debug/main.o
                0x08000394                PeriphInit
 .text.main     0x080003ac       0x10 THUMB Debug/main.o
                0x080003ac                main
 .text.SystemInit
                0x080003bc       0x94 THUMB Debug/system_stm32f4xx.o
                0x080003bc                SystemInit
 .text.SetSysClock
                0x08000450      0x188 THUMB Debug/system_stm32f4xx.o
 .text.GPIO_Init
                0x080005d8      0x154 THUMB Debug/stm32f4xx_gpio.o
                0x080005d8                GPIO_Init
 .text.GPIO_PinAFConfig
                0x0800072c       0xac THUMB Debug/stm32f4xx_gpio.o
                0x0800072c                GPIO_PinAFConfig
 .text.RCC_GetClocksFreq
                0x080007d8      0x1d0 THUMB Debug/stm32f4xx_rcc.o
                0x080007d8                RCC_GetClocksFreq
 .text.RCC_AHB1PeriphClockCmd
                0x080009a8       0x58 THUMB Debug/stm32f4xx_rcc.o
                0x080009a8                RCC_AHB1PeriphClockCmd
 .text.RCC_APB1PeriphClockCmd
                0x08000a00       0x58 THUMB Debug/stm32f4xx_rcc.o
                0x08000a00                RCC_APB1PeriphClockCmd
 .text.RCC_APB1PeriphResetCmd
                0x08000a58       0x58 THUMB Debug/stm32f4xx_rcc.o
                0x08000a58                RCC_APB1PeriphResetCmd
 .text.TIM_TimeBaseInit
                0x08000ab0       0xf4 THUMB Debug/stm32f4xx_tim.o
                0x08000ab0                TIM_TimeBaseInit
 .text.TIM_SetCounter
                0x08000ba4       0x1c THUMB Debug/stm32f4xx_tim.o
                0x08000ba4                TIM_SetCounter
 .text.TIM_ARRPreloadConfig
                0x08000bc0       0x40 THUMB Debug/stm32f4xx_tim.o
                0x08000bc0                TIM_ARRPreloadConfig
 .text.TIM_Cmd  0x08000c00       0x40 THUMB Debug/stm32f4xx_tim.o
                0x08000c00                TIM_Cmd
 .text.TIM_OC1Init
                0x08000c40       0xfc THUMB Debug/stm32f4xx_tim.o
                0x08000c40                TIM_OC1Init
 .text.TIM_OC2Init
                0x08000d3c      0x128 THUMB Debug/stm32f4xx_tim.o
                0x08000d3c                TIM_OC2Init
 .text.TIM_OC3Init
                0x08000e64      0x120 THUMB Debug/stm32f4xx_tim.o
                0x08000e64                TIM_OC3Init
 .text.TIM_OC4Init
                0x08000f84       0xe0 THUMB Debug/stm32f4xx_tim.o
                0x08000f84                TIM_OC4Init
 .text.TIM_SetCompare1
                0x08001064       0x1c THUMB Debug/stm32f4xx_tim.o
                0x08001064                TIM_SetCompare1
 .text.TIM_SetCompare2
                0x08001080       0x1c THUMB Debug/stm32f4xx_tim.o
                0x08001080                TIM_SetCompare2
 .text.TIM_SetCompare3
                0x0800109c       0x1c THUMB Debug/stm32f4xx_tim.o
                0x0800109c                TIM_SetCompare3
 .text.TIM_SetCompare4
                0x080010b8       0x1c THUMB Debug/stm32f4xx_tim.o
                0x080010b8                TIM_SetCompare4
 .text.TIM_OC1PreloadConfig
                0x080010d4       0x38 THUMB Debug/stm32f4xx_tim.o
                0x080010d4                TIM_OC1PreloadConfig
 .text.TIM_OC2PreloadConfig
                0x0800110c       0x40 THUMB Debug/stm32f4xx_tim.o
                0x0800110c                TIM_OC2PreloadConfig
 .text.TIM_OC3PreloadConfig
                0x0800114c       0x38 THUMB Debug/stm32f4xx_tim.o
                0x0800114c                TIM_OC3PreloadConfig
 .text.TIM_OC4PreloadConfig
                0x08001184       0x40 THUMB Debug/stm32f4xx_tim.o
                0x08001184                TIM_OC4PreloadConfig
 .text.NVIC_PriorityGroupConfig
                0x080011c4       0x28 THUMB Debug/misc.o
                0x080011c4                NVIC_PriorityGroupConfig
 .text.NVIC_Init
                0x080011ec       0xe4 THUMB Debug/misc.o
                0x080011ec                NVIC_Init
 .text.motor_setPulseWidth
                0x080012d0      0x204 THUMB Debug/motor_control.o
                0x080012d0                motor_setPulseWidth
 .text.motor_init
                0x080014d4      0x1bc THUMB Debug/motor_control.o
                0x080014d4                motor_init
 .text.motor_start
                0x08001690       0x48 THUMB Debug/motor_control.o
                0x08001690                motor_start
 .text.StickIMU_Init
                0x080016d8      0x11c THUMB Debug/stickIMU.o
                0x080016d8                StickIMU_Init
 .text.StickIMU_WriteRegister
                0x080017f4       0x8c THUMB Debug/stickIMU.o
                0x080017f4                StickIMU_WriteRegister
 .text.I2C_Init
                0x08001880      0x1ac THUMB Debug/stm32f4xx_i2c.o
                0x08001880                I2C_Init
 .text.CPAL_HAL_NVICInit
                0x08001a2c       0x10 THUMB Debug/cpal_hal.o
                0x08001a2c                CPAL_HAL_NVICInit
 .text.NVIC_SetPriority
                0x08001a3c       0x5c THUMB Debug/cpal_i2c.o
 .text.SysTick_Config
                0x08001a98       0x64 THUMB Debug/cpal_i2c.o
 .text.CPAL_I2C_Init
                0x08001afc      0x224 THUMB Debug/cpal_i2c.o
                0x08001afc                CPAL_I2C_Init
 .text.CPAL_I2C_StructInit
                0x08001d20       0xc4 THUMB Debug/cpal_i2c.o
                0x08001d20                CPAL_I2C_StructInit
 .text.CPAL_I2C_Write
                0x08001de4      0x168 THUMB Debug/cpal_i2c.o
                0x08001de4                CPAL_I2C_Write
 .text.CPAL_I2C_EV_IRQHandler
                0x08001f4c       0xb0 THUMB Debug/cpal_i2c.o
                0x08001f4c                CPAL_I2C_EV_IRQHandler
 .text.CPAL_I2C_ER_IRQHandler
                0x08001ffc      0x25c THUMB Debug/cpal_i2c.o
                0x08001ffc                CPAL_I2C_ER_IRQHandler
 .text.SysTick_Handler
                0x08002258       0xe4 THUMB Debug/cpal_i2c.o
                0x08002258                SysTick_Handler
 .text.CPAL_I2C_Timeout
                0x0800233c       0x34 THUMB Debug/cpal_i2c.o
 .text.I2C_MASTER_START_Handle
                0x08002370       0x94 THUMB Debug/cpal_i2c.o
 .text.I2C_MASTER_ADDR_Handle
                0x08002404      0x1c4 THUMB Debug/cpal_i2c.o
 .text.I2C_MASTER_TXE_Handle
                0x080025c8      0x168 THUMB Debug/cpal_i2c.o
 .text.I2C_MASTER_RXNE_Handle
                0x08002730      0x2b4 THUMB Debug/cpal_i2c.o
 .text.I2C_Enable_DMA_IT
                0x080029e4       0x64 THUMB Debug/cpal_i2c.o
 .text.CPAL_I2C_HAL_CLKInit
                0x08002a48       0x5c THUMB Debug/cpal_i2c_hal_stm32f4xx.o
                0x08002a48                CPAL_I2C_HAL_CLKInit
 .text.CPAL_I2C_HAL_CLKDeInit
                0x08002aa4       0x5c THUMB Debug/cpal_i2c_hal_stm32f4xx.o
                0x08002aa4                CPAL_I2C_HAL_CLKDeInit
 .text.CPAL_I2C_HAL_GPIOInit
                0x08002b00      0x114 THUMB Debug/cpal_i2c_hal_stm32f4xx.o
                0x08002b00                CPAL_I2C_HAL_GPIOInit
 .text.CPAL_I2C_HAL_GPIODeInit
                0x08002c14       0x74 THUMB Debug/cpal_i2c_hal_stm32f4xx.o
                0x08002c14                CPAL_I2C_HAL_GPIODeInit
 .text.CPAL_I2C_HAL_ITInit
                0x08002c88       0xbc THUMB Debug/cpal_i2c_hal_stm32f4xx.o
                0x08002c88                CPAL_I2C_HAL_ITInit
 .text.I2C1_EV_IRQHandler
                0x08002d44       0x18 THUMB Debug/cpal_i2c_hal_stm32f4xx.o
                0x08002d44                I2C1_EV_IRQHandler
 .text.I2C1_ER_IRQHandler
                0x08002d5c       0x18 THUMB Debug/cpal_i2c_hal_stm32f4xx.o
                0x08002d5c                I2C1_ER_IRQHandler
 .text.CPAL_TIMEOUT_UserCallback
                0x08002d74       0x18 THUMB Debug/cpal_usercallback.o
                0x08002d74                CPAL_TIMEOUT_UserCallback
 .text.CPAL_I2C_TXTC_UserCallback
                0x08002d8c       0x14 THUMB Debug/cpal_usercallback.o
                0x08002d8c                CPAL_I2C_TXTC_UserCallback
 .text.CPAL_I2C_RXTC_UserCallback
                0x08002da0       0x14 THUMB Debug/cpal_usercallback.o
                0x08002da0                CPAL_I2C_RXTC_UserCallback
 .text.libc.__float32_to_uint32
                0x08002db4       0x24 /Applications/CrossWorks for ARM 2.2/lib/libm_v7em_t_le_eabi_f.a(libm_asm.o)
                0x08002db4                __float32_to_uint32
                0x08002db4                __aeabi_f2uiz
                0x08002db4                __fixunssfsi
 .text.libc.__float32_mul
                0x08002dd8       0xd4 /Applications/CrossWorks for ARM 2.2/lib/libm_v7em_t_le_eabi_f.a(libm_asm.o)
                0x08002dd8                __float32_mul
                0x08002dd8                __mulsf3
                0x08002dd8                __aeabi_fmul
 .text.libc.__float32_cmp
                0x08002eac       0x44 /Applications/CrossWorks for ARM 2.2/lib/libm_v7em_t_le_eabi_f.a(libm_asm.o)
                0x08002eac                __eqsf2
                0x08002eac                __nesf2
                0x08002eac                __gtsf2
                0x08002eac                __lesf2
                0x08002eac                __cmpsf2
                0x08002eac                __ltsf2
                0x08002eac                __gesf2
 .text.libc.__aeabi_fcmplt
                0x08002ef0       0x18 /Applications/CrossWorks for ARM 2.2/lib/libm_v7em_t_le_eabi_f.a(libm_asm.o)
                0x08002ef0                __aeabi_fcmplt
 .text.libc.__aeabi_fcmpgt
                0x08002f08       0x10 /Applications/CrossWorks for ARM 2.2/lib/libm_v7em_t_le_eabi_f.a(libm_asm.o)
                0x08002f08                __aeabi_fcmpgt
 .text.libc.__vfprintf_int
                0x08002f18      0x5d4 /Applications/CrossWorks for ARM 2.2/lib/libc_v7em_t_le_eabi_f.a(__vfprintf_int.o)
                0x08002f18                __vfprintf_int
 .text.libc.__ungetc
                0x080034ec       0x20 /Applications/CrossWorks for ARM 2.2/lib/libc_v7em_t_le_eabi_f.a(__vfscanf_int.o)
 .text.libc.rd_int
                0x0800350c      0x150 /Applications/CrossWorks for ARM 2.2/lib/libc_v7em_t_le_eabi_f.a(__vfscanf_int.o)
 .text.libc.__vfscanf_int
                0x0800365c      0x3c8 /Applications/CrossWorks for ARM 2.2/lib/libc_v7em_t_le_eabi_f.a(__vfscanf_int.o)
                0x0800365c                __vfscanf_int
 .text.libc.__getc
                0x08003a24       0x24 /Applications/CrossWorks for ARM 2.2/lib/libc_v7em_t_le_eabi_f.a(libc2.o)
                0x08003a24                __getc
 .text.libc.__putc
                0x08003a48       0x38 /Applications/CrossWorks for ARM 2.2/lib/libc_v7em_t_le_eabi_f.a(libc2.o)
                0x08003a48                __putc
 .text.libc.__print_padding
                0x08003a80       0x24 /Applications/CrossWorks for ARM 2.2/lib/libc_v7em_t_le_eabi_f.a(libc2.o)
                0x08003a80                __print_padding
 .text.libc.__pre_padding
                0x08003aa4       0x1c /Applications/CrossWorks for ARM 2.2/lib/libc_v7em_t_le_eabi_f.a(libc2.o)
                0x08003aa4                __pre_padding
 .text.libc.isupper
                0x08003ac0       0x10 /Applications/CrossWorks for ARM 2.2/lib/libc_v7em_t_le_eabi_f.a(libc2.o)
                0x08003ac0                isupper
 .text.libc.islower
                0x08003ad0       0x10 /Applications/CrossWorks for ARM 2.2/lib/libc_v7em_t_le_eabi_f.a(libc2.o)
                0x08003ad0                islower
 .text.libc.isdigit
                0x08003ae0       0x10 /Applications/CrossWorks for ARM 2.2/lib/libc_v7em_t_le_eabi_f.a(libc2.o)
                0x08003ae0                isdigit
 .text.libc.__digit
                0x08003af0       0x3c /Applications/CrossWorks for ARM 2.2/lib/libc_v7em_t_le_eabi_f.a(libc2.o)
                0x08003af0                __digit
 .text.libc.isspace
                0x08003b2c       0x18 /Applications/CrossWorks for ARM 2.2/lib/libc_v7em_t_le_eabi_f.a(libc2.o)
                0x08003b2c                isspace
 .text.libc.strlen
                0x08003b44       0x60 /Applications/CrossWorks for ARM 2.2/lib/libc_v7em_t_le_eabi_f.a(libc2_asm.o)
                0x08003b44                strlen
 .text.libdebugio.__do_debug_operation_mempoll
                0x08003ba4       0x3c /Applications/CrossWorks for ARM 2.2/lib/libdebugio_v7em_t_le_eabi_f.a(libdebugio.o)
                0x08003ba4                __do_debug_operation_mempoll
 .text.libc.__debug_io_lock
                0x08003be0        0x4 /Applications/CrossWorks for ARM 2.2/lib/libc_user_libc_v7em_t_le_eabi_f.a(user_libc.o)
                0x08003be0                __debug_io_lock
 .text.libc.__debug_io_unlock
                0x08003be4        0x4 /Applications/CrossWorks for ARM 2.2/lib/libc_user_libc_v7em_t_le_eabi_f.a(user_libc.o)
                0x08003be4                __debug_io_unlock
                0x08003be8                __text_end__ = (__text_start__ + SIZEOF (.text))
                0x08003be8                __text_load_end__ = __text_end__

.vfp11_veneer   0x00000000        0x0
 .vfp11_veneer  0x00000000        0x0 linker stubs

.v4_bx          0x00000000        0x0
 .v4_bx         0x00000000        0x0 linker stubs
                0x00000001                . = ASSERT (((__text_end__ >= __FLASH_segment_start__) && (__text_end__ <= __FLASH_segment_end__)), error: .text is too large to fit in FLASH memory segment)
                0x08003be8                __dtors_load_start__ = ALIGN (__text_end__, 0x4)

.dtors          0x08003be8        0x0
                0x08003be8                __dtors_start__ = .
 *(SORT(.dtors.*))
 *(.dtors)
 *(.fini_array .fini_array.*)
                0x08003be8                __dtors_end__ = (__dtors_start__ + SIZEOF (.dtors))
                0x08003be8                __dtors_load_end__ = __dtors_end__
                0x00000001                . = ASSERT (((__dtors_end__ >= __FLASH_segment_start__) && (__dtors_end__ <= __FLASH_segment_end__)), error: .dtors is too large to fit in FLASH memory segment)
                0x08003be8                __ctors_load_start__ = ALIGN (__dtors_end__, 0x4)

.ctors          0x08003be8        0x0
                0x08003be8                __ctors_start__ = .
 *(SORT(.ctors.*))
 *(.ctors)
 *(.init_array .init_array.*)
                0x08003be8                __ctors_end__ = (__ctors_start__ + SIZEOF (.ctors))
                0x08003be8                __ctors_load_end__ = __ctors_end__
                0x00000001                . = ASSERT (((__ctors_end__ >= __FLASH_segment_start__) && (__ctors_end__ <= __FLASH_segment_end__)), error: .ctors is too large to fit in FLASH memory segment)
                0x08003be8                __rodata_load_start__ = ALIGN (__ctors_end__, 0x4)

.rodata         0x08003be8       0x98
                0x08003be8                __rodata_start__ = .
 *(.rodata .rodata.* .gnu.linkonce.r.*)
 .rodata        0x08003be8       0x10 THUMB Debug/motor_control.o
 .rodata.CPAL_I2C_CLK
                0x08003bf8        0xc THUMB Debug/cpal_i2c_hal_stm32f4xx.o
                0x08003bf8                CPAL_I2C_CLK
 .rodata.CPAL_I2C_AF
                0x08003c04        0xc THUMB Debug/cpal_i2c_hal_stm32f4xx.o
                0x08003c04                CPAL_I2C_AF
 .rodata.CPAL_I2C_SCL_GPIO_PIN
                0x08003c10        0x8 THUMB Debug/cpal_i2c_hal_stm32f4xx.o
                0x08003c10                CPAL_I2C_SCL_GPIO_PIN
 .rodata.CPAL_I2C_SCL_GPIO_CLK
                0x08003c18        0xc THUMB Debug/cpal_i2c_hal_stm32f4xx.o
                0x08003c18                CPAL_I2C_SCL_GPIO_CLK
 .rodata.CPAL_I2C_SCL_GPIO_PINSOURCE
                0x08003c24        0x8 THUMB Debug/cpal_i2c_hal_stm32f4xx.o
                0x08003c24                CPAL_I2C_SCL_GPIO_PINSOURCE
 .rodata.CPAL_I2C_SDA_GPIO_PIN
                0x08003c2c        0x8 THUMB Debug/cpal_i2c_hal_stm32f4xx.o
                0x08003c2c                CPAL_I2C_SDA_GPIO_PIN
 .rodata.CPAL_I2C_SDA_GPIO_CLK
                0x08003c34        0xc THUMB Debug/cpal_i2c_hal_stm32f4xx.o
                0x08003c34                CPAL_I2C_SDA_GPIO_CLK
 .rodata.CPAL_I2C_SDA_GPIO_PINSOURCE
                0x08003c40        0x8 THUMB Debug/cpal_i2c_hal_stm32f4xx.o
                0x08003c40                CPAL_I2C_SDA_GPIO_PINSOURCE
 .rodata.CPAL_I2C_IT_EVT_IRQn
                0x08003c48        0x4 THUMB Debug/cpal_i2c_hal_stm32f4xx.o
                0x08003c48                CPAL_I2C_IT_EVT_IRQn
 .rodata.CPAL_I2C_IT_ERR_IRQn
                0x08003c4c        0x4 THUMB Debug/cpal_i2c_hal_stm32f4xx.o
                0x08003c4c                CPAL_I2C_IT_ERR_IRQn
 .rodata.I2C_IT_EVT_PREPRIO
                0x08003c50        0x4 THUMB Debug/cpal_i2c_hal_stm32f4xx.o
                0x08003c50                I2C_IT_EVT_PREPRIO
 .rodata.I2C_IT_EVT_SUBPRIO
                0x08003c54        0x4 THUMB Debug/cpal_i2c_hal_stm32f4xx.o
                0x08003c54                I2C_IT_EVT_SUBPRIO
 .rodata.I2C_IT_ERR_PREPRIO
                0x08003c58        0x4 THUMB Debug/cpal_i2c_hal_stm32f4xx.o
                0x08003c58                I2C_IT_ERR_PREPRIO
 .rodata.I2C_IT_ERR_SUBPRIO
                0x08003c5c        0x4 THUMB Debug/cpal_i2c_hal_stm32f4xx.o
                0x08003c5c                I2C_IT_ERR_SUBPRIO
 .rodata.libc.__hex_lc
                0x08003c60       0x10 /Applications/CrossWorks for ARM 2.2/lib/libc_v7em_t_le_eabi_f.a(libc2.o)
                0x08003c60                __hex_lc
 .rodata.libc.__hex_uc
                0x08003c70       0x10 /Applications/CrossWorks for ARM 2.2/lib/libc_v7em_t_le_eabi_f.a(libc2.o)
                0x08003c70                __hex_uc
                0x08003c80                __rodata_end__ = (__rodata_start__ + SIZEOF (.rodata))
                0x08003c80                __rodata_load_end__ = __rodata_end__
                0x00000001                . = ASSERT (((__rodata_end__ >= __FLASH_segment_start__) && (__rodata_end__ <= __FLASH_segment_end__)), error: .rodata is too large to fit in FLASH memory segment)
                0x08003c80                __ARM.exidx_load_start__ = ALIGN (__rodata_end__, 0x4)

.ARM.exidx      0x08003c80        0x0
                0x08003c80                __ARM.exidx_start__ = .
                0x08003c80                __exidx_start = __ARM.exidx_start__
 *(.ARM.exidx .ARM.exidx.*)
                0x08003c80                __ARM.exidx_end__ = (__ARM.exidx_start__ + SIZEOF (.ARM.exidx))
                0x08003c80                __exidx_end = __ARM.exidx_end__
                0x08003c80                __ARM.exidx_load_end__ = __ARM.exidx_end__
                0x00000001                . = ASSERT (((__ARM.exidx_end__ >= __FLASH_segment_start__) && (__ARM.exidx_end__ <= __FLASH_segment_end__)), error: .ARM.exidx is too large to fit in FLASH memory segment)
                0x08003c80                __fast_load_start__ = ALIGN (__ARM.exidx_end__, 0x4)

.fast           0x20000000        0x0 load address 0x08003c80
                0x20000000                __fast_start__ = .
 *(.fast .fast.*)
                0x20000000                __fast_end__ = (__fast_start__ + SIZEOF (.fast))
                0x08003c80                __fast_load_end__ = (__fast_load_start__ + SIZEOF (.fast))
                0x00000001                . = ASSERT (((__fast_load_end__ >= __FLASH_segment_start__) && (__fast_load_end__ <= __FLASH_segment_end__)), error: .fast is too large to fit in FLASH memory segment)

.fast_run       0x20000000        0x0
                0x20000000                __fast_run_start__ = .
                0x20000000                . = MAX ((__fast_run_start__ + SIZEOF (.fast)), .)
                0x20000000                __fast_run_end__ = (__fast_run_start__ + SIZEOF (.fast_run))
                0x20000000                __fast_run_load_end__ = __fast_run_end__
                0x00000001                . = ASSERT (((__fast_run_end__ >= __RAM_segment_start__) && (__fast_run_end__ <= __RAM_segment_end__)), error: .fast_run is too large to fit in RAM memory segment)
                0x08003c80                __data_load_start__ = ALIGN ((__fast_load_start__ + SIZEOF (.fast)), 0x4)

.data           0x20000000       0x64 load address 0x08003c80
                0x20000000                __data_start__ = .
 *(.data .data.* .gnu.linkonce.d.*)
 .data.SystemCoreClock
                0x20000000        0x4 THUMB Debug/system_stm32f4xx.o
                0x20000000                SystemCoreClock
 .data.APBAHBPrescTable
                0x20000004       0x10 THUMB Debug/stm32f4xx_rcc.o
 .data.I2C_DevStructures
                0x20000014        0xc THUMB Debug/cpal_i2c_hal_stm32f4xx.o
                0x20000014                I2C_DevStructures
 .data.I2C1_DevStructure
                0x20000020       0x20 THUMB Debug/cpal_i2c_hal_stm32f4xx.o
                0x20000020                I2C1_DevStructure
 .data.CPAL_I2C_DEVICE
                0x20000040        0xc THUMB Debug/cpal_i2c_hal_stm32f4xx.o
                0x20000040                CPAL_I2C_DEVICE
 .data.CPAL_I2C_SCL_GPIO_PORT
                0x2000004c        0xc THUMB Debug/cpal_i2c_hal_stm32f4xx.o
                0x2000004c                CPAL_I2C_SCL_GPIO_PORT
 .data.CPAL_I2C_SDA_GPIO_PORT
                0x20000058        0xc THUMB Debug/cpal_i2c_hal_stm32f4xx.o
                0x20000058                CPAL_I2C_SDA_GPIO_PORT
                0x20000064                __data_end__ = (__data_start__ + SIZEOF (.data))
                0x08003ce4                __data_load_end__ = (__data_load_start__ + SIZEOF (.data))
                0x00000001                . = ASSERT (((__data_load_end__ >= __FLASH_segment_start__) && (__data_load_end__ <= __FLASH_segment_end__)), error: .data is too large to fit in FLASH memory segment)

.data_run       0x20000000       0x64 load address 0x08003c80
                0x20000000                __data_run_start__ = .
                0x20000064                . = MAX ((__data_run_start__ + SIZEOF (.data)), .)
 *fill*         0x20000000       0x64 00
                0x20000064                __data_run_end__ = (__data_run_start__ + SIZEOF (.data_run))
                0x20000064                __data_run_load_end__ = __data_run_end__
                0x00000001                . = ASSERT (((__data_run_end__ >= __RAM_segment_start__) && (__data_run_end__ <= __RAM_segment_end__)), error: .data_run is too large to fit in RAM memory segment)
                0x20000064                __bss_load_start__ = ALIGN (__data_run_end__, 0x4)

.bss            0x20000064       0x48
                0x20000064                __bss_start__ = .
 *(.bss .bss.* .gnu.linkonce.b.*)
 .bss.stickIMUTx
                0x20000064       0x10 THUMB Debug/stickIMU.o
                0x20000064                stickIMUTx
 .bss.stickIMURx
                0x20000074       0x10 THUMB Debug/stickIMU.o
                0x20000074                stickIMURx
 .bss.stickIMUTxBuff
                0x20000084        0x1 THUMB Debug/stickIMU.o
                0x20000084                stickIMUTxBuff
 *fill*         0x20000085        0x3 00
 .bss.stickIMURxBuff
                0x20000088        0x8 THUMB Debug/stickIMU.o
                0x20000088                stickIMURxBuff
 .bss.I2C_InitStructure
                0x20000090       0x10 THUMB Debug/cpal_i2c.o
                0x20000090                I2C_InitStructure
 .bss.libc.__format_extender
                0x200000a0        0x4 /Applications/CrossWorks for ARM 2.2/lib/libc_v7em_t_le_eabi_f.a(libc2.o)
                0x200000a0                __format_extender
 .bss.libdebugio.dbgCommWord
                0x200000a4        0x4 /Applications/CrossWorks for ARM 2.2/lib/libdebugio_v7em_t_le_eabi_f.a(libdebugio.o)
                0x200000a4                dbgCommWord
 .bss.libdebugio.dbgCntrlWord_mempoll
                0x200000a8        0x4 /Applications/CrossWorks for ARM 2.2/lib/libdebugio_v7em_t_le_eabi_f.a(libdebugio.o)
                0x200000a8                dbgCntrlWord_mempoll
 *(COMMON)
                0x200000ac                __bss_end__ = (__bss_start__ + SIZEOF (.bss))
                0x200000ac                __bss_load_end__ = __bss_end__
                0x00000001                . = ASSERT (((__bss_end__ >= __RAM_segment_start__) && (__bss_end__ <= __RAM_segment_end__)), error: .bss is too large to fit in RAM memory segment)
                0x200000ac                __non_init_load_start__ = ALIGN (__bss_end__, 0x4)

.non_init       0x200000ac        0x0
                0x200000ac                __non_init_start__ = .
 *(.non_init .non_init.*)
                0x200000ac                __non_init_end__ = (__non_init_start__ + SIZEOF (.non_init))
                0x200000ac                __non_init_load_end__ = __non_init_end__
                0x00000001                . = ASSERT (((__non_init_end__ >= __RAM_segment_start__) && (__non_init_end__ <= __RAM_segment_end__)), error: .non_init is too large to fit in RAM memory segment)
                0x200000ac                __heap_load_start__ = ALIGN (__non_init_end__, 0x4)

.heap           0x200000ac       0x80
                0x200000ac                __heap_start__ = .
 *(.heap .heap.*)
                0x2000012c                . = ALIGN (MAX ((__heap_start__ + __HEAPSIZE__), .), 0x4)
 *fill*         0x200000ac       0x80 00
                0x2000012c                __heap_end__ = (__heap_start__ + SIZEOF (.heap))
                0x2000012c                __heap_load_end__ = __heap_end__
                0x00000001                . = ASSERT (((__heap_end__ >= __RAM_segment_start__) && (__heap_end__ <= __RAM_segment_end__)), error: .heap is too large to fit in RAM memory segment)
                0x2000012c                __stack_load_start__ = ALIGN (__heap_end__, 0x4)

.stack          0x2000012c       0x80
                0x2000012c                __stack_start__ = .
 *(.stack .stack.*)
                0x200001ac                . = ALIGN (MAX ((__stack_start__ + __STACKSIZE__), .), 0x4)
 *fill*         0x2000012c       0x80 00
                0x200001ac                __stack_end__ = (__stack_start__ + SIZEOF (.stack))
                0x200001ac                __stack_load_end__ = __stack_end__
                0x00000001                . = ASSERT (((__stack_end__ >= __RAM_segment_start__) && (__stack_end__ <= __RAM_segment_end__)), error: .stack is too large to fit in RAM memory segment)
                0x200001ac                __stack_process_load_start__ = ALIGN (__stack_end__, 0x4)

.stack_process  0x200001ac        0x0
                0x200001ac                __stack_process_start__ = .
 *(.stack_process .stack_process.*)
                0x200001ac                . = ALIGN (MAX ((__stack_process_start__ + __STACKSIZE_PROCESS__), .), 0x4)
                0x200001ac                __stack_process_end__ = (__stack_process_start__ + SIZEOF (.stack_process))
                0x200001ac                __stack_process_load_end__ = __stack_process_end__
                0x00000001                . = ASSERT (((__stack_process_end__ >= __RAM_segment_start__) && (__stack_process_end__ <= __RAM_segment_end__)), error: .stack_process is too large to fit in RAM memory segment)
                0x200001ac                __tbss_load_start__ = ALIGN (__stack_process_end__, 0x4)

.tbss           0x200001ac        0x0
                0x200001ac                __tbss_start__ = .
 *(.tbss .tbss.*)
                0x200001ac                __tbss_end__ = (__tbss_start__ + SIZEOF (.tbss))
                0x200001ac                __tbss_load_end__ = __tbss_end__
                0x00000001                . = ASSERT (((__tbss_end__ >= __RAM_segment_start__) && (__tbss_end__ <= __RAM_segment_end__)), error: .tbss is too large to fit in RAM memory segment)
                0x08003ce4                __tdata_load_start__ = ALIGN ((__data_load_start__ + SIZEOF (.data)), 0x4)

.tdata          0x200001ac        0x0 load address 0x08003ce4
                0x200001ac                __tdata_start__ = .
 *(.tdata .tdata.*)
                0x200001ac                __tdata_end__ = (__tdata_start__ + SIZEOF (.tdata))
                0x08003ce4                __tdata_load_end__ = (__tdata_load_start__ + SIZEOF (.tdata))
                0x08003ce4                __FLASH_segment_used_end__ = (ALIGN ((__data_load_start__ + SIZEOF (.data)), 0x4) + SIZEOF (.tdata))
                0x00000001                . = ASSERT (((__tdata_load_end__ >= __FLASH_segment_start__) && (__tdata_load_end__ <= __FLASH_segment_end__)), error: .tdata is too large to fit in FLASH memory segment)

.tdata_run      0x200001ac        0x0
                0x200001ac                __tdata_run_start__ = .
                0x200001ac                . = MAX ((__tdata_run_start__ + SIZEOF (.tdata)), .)
                0x200001ac                __tdata_run_end__ = (__tdata_run_start__ + SIZEOF (.tdata_run))
                0x200001ac                __tdata_run_load_end__ = __tdata_run_end__
                0x200001ac                __RAM_segment_used_end__ = (ALIGN (__tbss_end__, 0x4) + SIZEOF (.tdata_run))
                0x00000001                . = ASSERT (((__tdata_run_end__ >= __RAM_segment_start__) && (__tdata_run_end__ <= __RAM_segment_end__)), error: .tdata_run is too large to fit in RAM memory segment)
START GROUP
LOAD THUMB Debug/main.o
LOAD THUMB Debug/system_stm32f4xx.o
LOAD THUMB Debug/stm32f4xx_gpio.o
LOAD THUMB Debug/stm32f4xx_rcc.o
LOAD THUMB Debug/stm32f4xx_tim.o
LOAD THUMB Debug/misc.o
LOAD THUMB Debug/motor_control.o
LOAD THUMB Debug/stickIMU.o
LOAD THUMB Debug/stm32f4xx_i2c.o
LOAD THUMB Debug/cpal_hal.o
LOAD THUMB Debug/cpal_i2c.o
LOAD THUMB Debug/cpal_i2c_hal_stm32f4xx.o
LOAD THUMB Debug/cpal_usercallback.o
LOAD THUMB Debug/stm32f4xx_dma.o
LOAD THUMB Debug/stm32f4xx_spi.o
LOAD THUMB Debug/stm32f4xx_usart.o
LOAD THUMB Debug/thumb_crt0.o
LOAD THUMB Debug/STM32_Startup.o
LOAD /Applications/CrossWorks for ARM 2.2/lib/libm_v7em_t_le_eabi_f.a
LOAD /Applications/CrossWorks for ARM 2.2/lib/libc_v7em_t_le_eabi_f.a
LOAD /Applications/CrossWorks for ARM 2.2/lib/libcpp_v7em_t_le_eabi_f.a
LOAD /Applications/CrossWorks for ARM 2.2/lib/libdebugio_v7em_t_le_eabi_f.a
LOAD /Applications/CrossWorks for ARM 2.2/lib/libc_targetio_impl_v7em_t_le_eabi_f.a
LOAD /Applications/CrossWorks for ARM 2.2/lib/libc_user_libc_v7em_t_le_eabi_f.a
END GROUP
OUTPUT(THUMB Debug/Teslaquad.elf elf32-littlearm)

.debug_frame    0x00000000     0x55c4
 .debug_frame   0x00000000       0x58 THUMB Debug/main.o
 .debug_frame   0x00000058       0x84 THUMB Debug/system_stm32f4xx.o
 .debug_frame   0x000000dc      0x244 THUMB Debug/stm32f4xx_gpio.o
 .debug_frame   0x00000320      0x6dc THUMB Debug/stm32f4xx_rcc.o
 .debug_frame   0x000009fc      0xe8c THUMB Debug/stm32f4xx_tim.o
 .debug_frame   0x00001888       0xd8 THUMB Debug/misc.o
 .debug_frame   0x00001960       0xb8 THUMB Debug/motor_control.o
 .debug_frame   0x00001a18      0x118 THUMB Debug/stickIMU.o
 .debug_frame   0x00001b30      0x540 THUMB Debug/stm32f4xx_i2c.o
 .debug_frame   0x00002070       0x34 THUMB Debug/cpal_hal.o
 .debug_frame   0x000020a4      0x2ec THUMB Debug/cpal_i2c.o
 .debug_frame   0x00002390      0x160 THUMB Debug/cpal_i2c_hal_stm32f4xx.o
 .debug_frame   0x000024f0       0x88 THUMB Debug/cpal_usercallback.o
 .debug_frame   0x00002578      0x308 THUMB Debug/stm32f4xx_dma.o
 .debug_frame   0x00002880      0x3fc THUMB Debug/stm32f4xx_spi.o
 .debug_frame   0x00002c7c      0x4a0 THUMB Debug/stm32f4xx_usart.o
 .debug_frame   0x0000311c      0x600 /Applications/CrossWorks for ARM 2.2/lib/libm_v7em_t_le_eabi_f.a(libm_asm.o)
 .debug_frame   0x0000371c       0x40 /Applications/CrossWorks for ARM 2.2/lib/libc_v7em_t_le_eabi_f.a(__vfprintf_int.o)
 .debug_frame   0x0000375c       0x88 /Applications/CrossWorks for ARM 2.2/lib/libc_v7em_t_le_eabi_f.a(__vfscanf_int.o)
 .debug_frame   0x000037e4     0x1250 /Applications/CrossWorks for ARM 2.2/lib/libc_v7em_t_le_eabi_f.a(libc2.o)
 .debug_frame   0x00004a34      0x100 /Applications/CrossWorks for ARM 2.2/lib/libc_v7em_t_le_eabi_f.a(libc2_asm.o)
 .debug_frame   0x00004b34      0x260 /Applications/CrossWorks for ARM 2.2/lib/libc_v7em_t_le_eabi_f.a(libc_asm.o)
 .debug_frame   0x00004d94      0x790 /Applications/CrossWorks for ARM 2.2/lib/libdebugio_v7em_t_le_eabi_f.a(libdebugio.o)
 .debug_frame   0x00005524       0xa0 /Applications/CrossWorks for ARM 2.2/lib/libc_user_libc_v7em_t_le_eabi_f.a(user_libc.o)

.debug_info     0x00000000     0xad73
 .debug_info    0x00000000      0x127 THUMB Debug/main.o
 .debug_info    0x00000127      0x616 THUMB Debug/system_stm32f4xx.o
 .debug_info    0x0000073d      0x635 THUMB Debug/stm32f4xx_gpio.o
 .debug_info    0x00000d72      0xd1d THUMB Debug/stm32f4xx_rcc.o
 .debug_info    0x00001a8f     0x1e21 THUMB Debug/stm32f4xx_tim.o
 .debug_info    0x000038b0      0x57e THUMB Debug/misc.o
 .debug_info    0x00003e2e      0x698 THUMB Debug/motor_control.o
 .debug_info    0x000044c6      0x5c8 THUMB Debug/stickIMU.o
 .debug_info    0x00004a8e      0xb8a THUMB Debug/stm32f4xx_i2c.o
 .debug_info    0x00005618       0xb1 THUMB Debug/cpal_hal.o
 .debug_info    0x000056c9      0xdb7 THUMB Debug/cpal_i2c.o
 .debug_info    0x00006480     0x110e THUMB Debug/cpal_i2c_hal_stm32f4xx.o
 .debug_info    0x0000758e      0x382 THUMB Debug/cpal_usercallback.o
 .debug_info    0x00007910      0x79c THUMB Debug/stm32f4xx_dma.o
 .debug_info    0x000080ac      0xbc5 THUMB Debug/stm32f4xx_spi.o
 .debug_info    0x00008c71      0xa48 THUMB Debug/stm32f4xx_usart.o
 .debug_info    0x000096b9       0x98 THUMB Debug/thumb_crt0.o
 .debug_info    0x00009751       0xd1 THUMB Debug/STM32_Startup.o
 .debug_info    0x00009822       0xdf /Applications/CrossWorks for ARM 2.2/lib/libm_v7em_t_le_eabi_f.a(libm_asm.o)
 .debug_info    0x00009901       0x36 /Applications/CrossWorks for ARM 2.2/lib/libc_v7em_t_le_eabi_f.a(__vfprintf_int.o)
 .debug_info    0x00009937       0x65 /Applications/CrossWorks for ARM 2.2/lib/libc_v7em_t_le_eabi_f.a(__vfscanf_int.o)
 .debug_info    0x0000999c      0xc50 /Applications/CrossWorks for ARM 2.2/lib/libc_v7em_t_le_eabi_f.a(libc2.o)
 .debug_info    0x0000a5ec       0xcc /Applications/CrossWorks for ARM 2.2/lib/libc_v7em_t_le_eabi_f.a(libc2_asm.o)
 .debug_info    0x0000a6b8       0xcf /Applications/CrossWorks for ARM 2.2/lib/libc_v7em_t_le_eabi_f.a(libc_asm.o)
 .debug_info    0x0000a787      0x51f /Applications/CrossWorks for ARM 2.2/lib/libdebugio_v7em_t_le_eabi_f.a(libdebugio.o)
 .debug_info    0x0000aca6       0xcd /Applications/CrossWorks for ARM 2.2/lib/libc_user_libc_v7em_t_le_eabi_f.a(user_libc.o)

.debug_abbrev   0x00000000     0x1511
 .debug_abbrev  0x00000000       0x86 THUMB Debug/main.o
 .debug_abbrev  0x00000086      0x135 THUMB Debug/system_stm32f4xx.o
 .debug_abbrev  0x000001bb      0x177 THUMB Debug/stm32f4xx_gpio.o
 .debug_abbrev  0x00000332      0x1ac THUMB Debug/stm32f4xx_rcc.o
 .debug_abbrev  0x000004de      0x158 THUMB Debug/stm32f4xx_tim.o
 .debug_abbrev  0x00000636      0x12a THUMB Debug/misc.o
 .debug_abbrev  0x00000760      0x133 THUMB Debug/motor_control.o
 .debug_abbrev  0x00000893      0x11b THUMB Debug/stickIMU.o
 .debug_abbrev  0x000009ae      0x152 THUMB Debug/stm32f4xx_i2c.o
 .debug_abbrev  0x00000b00       0x59 THUMB Debug/cpal_hal.o
 .debug_abbrev  0x00000b59      0x1cd THUMB Debug/cpal_i2c.o
 .debug_abbrev  0x00000d26      0x18f THUMB Debug/cpal_i2c_hal_stm32f4xx.o
 .debug_abbrev  0x00000eb5       0xbe THUMB Debug/cpal_usercallback.o
 .debug_abbrev  0x00000f73      0x143 THUMB Debug/stm32f4xx_dma.o
 .debug_abbrev  0x000010b6      0x155 THUMB Debug/stm32f4xx_spi.o
 .debug_abbrev  0x0000120b      0x143 THUMB Debug/stm32f4xx_usart.o
 .debug_abbrev  0x0000134e       0x14 THUMB Debug/thumb_crt0.o
 .debug_abbrev  0x00001362       0x14 THUMB Debug/STM32_Startup.o
 .debug_abbrev  0x00001376       0x12 /Applications/CrossWorks for ARM 2.2/lib/libm_v7em_t_le_eabi_f.a(libm_asm.o)
 .debug_abbrev  0x00001388       0x25 /Applications/CrossWorks for ARM 2.2/lib/libc_v7em_t_le_eabi_f.a(__vfprintf_int.o)
 .debug_abbrev  0x000013ad       0x43 /Applications/CrossWorks for ARM 2.2/lib/libc_v7em_t_le_eabi_f.a(__vfscanf_int.o)
 .debug_abbrev  0x000013f0       0xa0 /Applications/CrossWorks for ARM 2.2/lib/libc_v7em_t_le_eabi_f.a(libc2.o)
 .debug_abbrev  0x00001490       0x12 /Applications/CrossWorks for ARM 2.2/lib/libc_v7em_t_le_eabi_f.a(libc2_asm.o)
 .debug_abbrev  0x000014a2       0x12 /Applications/CrossWorks for ARM 2.2/lib/libc_v7em_t_le_eabi_f.a(libc_asm.o)
 .debug_abbrev  0x000014b4       0x38 /Applications/CrossWorks for ARM 2.2/lib/libdebugio_v7em_t_le_eabi_f.a(libdebugio.o)
 .debug_abbrev  0x000014ec       0x25 /Applications/CrossWorks for ARM 2.2/lib/libc_user_libc_v7em_t_le_eabi_f.a(user_libc.o)

.debug_loc      0x00000000     0x5b04
 .debug_loc     0x00000000       0x58 THUMB Debug/main.o
 .debug_loc     0x00000058       0x9c THUMB Debug/system_stm32f4xx.o
 .debug_loc     0x000000f4      0x310 THUMB Debug/stm32f4xx_gpio.o
 .debug_loc     0x00000404      0x97c THUMB Debug/stm32f4xx_rcc.o
 .debug_loc     0x00000d80     0x1420 THUMB Debug/stm32f4xx_tim.o
 .debug_loc     0x000021a0      0x118 THUMB Debug/misc.o
 .debug_loc     0x000022b8       0xd4 THUMB Debug/motor_control.o
 .debug_loc     0x0000238c      0x150 THUMB Debug/stickIMU.o
 .debug_loc     0x000024dc      0x738 THUMB Debug/stm32f4xx_i2c.o
 .debug_loc     0x00002c14       0x2c THUMB Debug/cpal_hal.o
 .debug_loc     0x00002c40      0x3b8 THUMB Debug/cpal_i2c.o
 .debug_loc     0x00002ff8      0x1a8 THUMB Debug/cpal_i2c_hal_stm32f4xx.o
 .debug_loc     0x000031a0       0xa8 THUMB Debug/cpal_usercallback.o
 .debug_loc     0x00003248      0x428 THUMB Debug/stm32f4xx_dma.o
 .debug_loc     0x00003670      0x578 THUMB Debug/stm32f4xx_spi.o
 .debug_loc     0x00003be8      0x658 THUMB Debug/stm32f4xx_usart.o
 .debug_loc     0x00004240       0x2d /Applications/CrossWorks for ARM 2.2/lib/libc_v7em_t_le_eabi_f.a(__vfprintf_int.o)
 .debug_loc     0x0000426d       0x6d /Applications/CrossWorks for ARM 2.2/lib/libc_v7em_t_le_eabi_f.a(__vfscanf_int.o)
 .debug_loc     0x000042da     0x1036 /Applications/CrossWorks for ARM 2.2/lib/libc_v7em_t_le_eabi_f.a(libc2.o)
 .debug_loc     0x00005310      0x7f4 /Applications/CrossWorks for ARM 2.2/lib/libdebugio_v7em_t_le_eabi_f.a(libdebugio.o)

.debug_aranges  0x00000000     0x15c0
 .debug_aranges
                0x00000000       0x28 THUMB Debug/main.o
 .debug_aranges
                0x00000028       0x30 THUMB Debug/system_stm32f4xx.o
 .debug_aranges
                0x00000058       0x88 THUMB Debug/stm32f4xx_gpio.o
 .debug_aranges
                0x000000e0      0x178 THUMB Debug/stm32f4xx_rcc.o
 .debug_aranges
                0x00000258      0x2f8 THUMB Debug/stm32f4xx_tim.o
 .debug_aranges
                0x00000550       0x40 THUMB Debug/misc.o
 .debug_aranges
                0x00000590       0x38 THUMB Debug/motor_control.o
 .debug_aranges
                0x000005c8       0x48 THUMB Debug/stickIMU.o
 .debug_aranges
                0x00000610      0x120 THUMB Debug/stm32f4xx_i2c.o
 .debug_aranges
                0x00000730       0x20 THUMB Debug/cpal_hal.o
 .debug_aranges
                0x00000750       0xa0 THUMB Debug/cpal_i2c.o
 .debug_aranges
                0x000007f0       0x58 THUMB Debug/cpal_i2c_hal_stm32f4xx.o
 .debug_aranges
                0x00000848       0x30 THUMB Debug/cpal_usercallback.o
 .debug_aranges
                0x00000878       0xb0 THUMB Debug/stm32f4xx_dma.o
 .debug_aranges
                0x00000928       0xe0 THUMB Debug/stm32f4xx_spi.o
 .debug_aranges
                0x00000a08      0x100 THUMB Debug/stm32f4xx_usart.o
 .debug_aranges
                0x00000b08       0x20 THUMB Debug/thumb_crt0.o
 .debug_aranges
                0x00000b28       0x20 THUMB Debug/STM32_Startup.o
 .debug_aranges
                0x00000b48      0x198 /Applications/CrossWorks for ARM 2.2/lib/libm_v7em_t_le_eabi_f.a(libm_asm.o)
 .debug_aranges
                0x00000ce0       0x20 /Applications/CrossWorks for ARM 2.2/lib/libc_v7em_t_le_eabi_f.a(__vfprintf_int.o)
 .debug_aranges
                0x00000d00       0x30 /Applications/CrossWorks for ARM 2.2/lib/libc_v7em_t_le_eabi_f.a(__vfscanf_int.o)
 .debug_aranges
                0x00000d30      0x500 /Applications/CrossWorks for ARM 2.2/lib/libc_v7em_t_le_eabi_f.a(libc2.o)
 .debug_aranges
                0x00001230       0x60 /Applications/CrossWorks for ARM 2.2/lib/libc_v7em_t_le_eabi_f.a(libc2_asm.o)
 .debug_aranges
                0x00001290       0xb8 /Applications/CrossWorks for ARM 2.2/lib/libc_v7em_t_le_eabi_f.a(libc_asm.o)
 .debug_aranges
                0x00001348      0x218 /Applications/CrossWorks for ARM 2.2/lib/libdebugio_v7em_t_le_eabi_f.a(libdebugio.o)
 .debug_aranges
                0x00001560       0x60 /Applications/CrossWorks for ARM 2.2/lib/libc_user_libc_v7em_t_le_eabi_f.a(user_libc.o)

.debug_ranges   0x00000000     0x1418
 .debug_ranges  0x00000000       0x18 THUMB Debug/main.o
 .debug_ranges  0x00000018       0x20 THUMB Debug/system_stm32f4xx.o
 .debug_ranges  0x00000038       0x78 THUMB Debug/stm32f4xx_gpio.o
 .debug_ranges  0x000000b0      0x168 THUMB Debug/stm32f4xx_rcc.o
 .debug_ranges  0x00000218      0x2e8 THUMB Debug/stm32f4xx_tim.o
 .debug_ranges  0x00000500       0x30 THUMB Debug/misc.o
 .debug_ranges  0x00000530       0x28 THUMB Debug/motor_control.o
 .debug_ranges  0x00000558       0x38 THUMB Debug/stickIMU.o
 .debug_ranges  0x00000590      0x110 THUMB Debug/stm32f4xx_i2c.o
 .debug_ranges  0x000006a0       0x10 THUMB Debug/cpal_hal.o
 .debug_ranges  0x000006b0       0x90 THUMB Debug/cpal_i2c.o
 .debug_ranges  0x00000740       0x48 THUMB Debug/cpal_i2c_hal_stm32f4xx.o
 .debug_ranges  0x00000788       0x20 THUMB Debug/cpal_usercallback.o
 .debug_ranges  0x000007a8       0xa0 THUMB Debug/stm32f4xx_dma.o
 .debug_ranges  0x00000848       0xd0 THUMB Debug/stm32f4xx_spi.o
 .debug_ranges  0x00000918       0xf0 THUMB Debug/stm32f4xx_usart.o
 .debug_ranges  0x00000a08      0x190 /Applications/CrossWorks for ARM 2.2/lib/libm_v7em_t_le_eabi_f.a(libm_asm.o)
 .debug_ranges  0x00000b98       0x10 /Applications/CrossWorks for ARM 2.2/lib/libc_v7em_t_le_eabi_f.a(__vfprintf_int.o)
 .debug_ranges  0x00000ba8       0x20 /Applications/CrossWorks for ARM 2.2/lib/libc_v7em_t_le_eabi_f.a(__vfscanf_int.o)
 .debug_ranges  0x00000bc8      0x4f0 /Applications/CrossWorks for ARM 2.2/lib/libc_v7em_t_le_eabi_f.a(libc2.o)
 .debug_ranges  0x000010b8       0x58 /Applications/CrossWorks for ARM 2.2/lib/libc_v7em_t_le_eabi_f.a(libc2_asm.o)
 .debug_ranges  0x00001110       0xb0 /Applications/CrossWorks for ARM 2.2/lib/libc_v7em_t_le_eabi_f.a(libc_asm.o)
 .debug_ranges  0x000011c0      0x208 /Applications/CrossWorks for ARM 2.2/lib/libdebugio_v7em_t_le_eabi_f.a(libdebugio.o)
 .debug_ranges  0x000013c8       0x50 /Applications/CrossWorks for ARM 2.2/lib/libc_user_libc_v7em_t_le_eabi_f.a(user_libc.o)

.debug_line     0x00000000     0x5771
 .debug_line    0x00000000      0x14a THUMB Debug/main.o
 .debug_line    0x0000014a      0x1c1 THUMB Debug/system_stm32f4xx.o
 .debug_line    0x0000030b      0x28e THUMB Debug/stm32f4xx_gpio.o
 .debug_line    0x00000599      0x4eb THUMB Debug/stm32f4xx_rcc.o
 .debug_line    0x00000a84      0x9c8 THUMB Debug/stm32f4xx_tim.o
 .debug_line    0x0000144c      0x194 THUMB Debug/misc.o
 .debug_line    0x000015e0      0x1ee THUMB Debug/motor_control.o
 .debug_line    0x000017ce      0x208 THUMB Debug/stickIMU.o
 .debug_line    0x000019d6      0x42b THUMB Debug/stm32f4xx_i2c.o
 .debug_line    0x00001e01      0x124 THUMB Debug/cpal_hal.o
 .debug_line    0x00001f25      0x62f THUMB Debug/cpal_i2c.o
 .debug_line    0x00002554      0x24b THUMB Debug/cpal_i2c_hal_stm32f4xx.o
 .debug_line    0x0000279f      0x16b THUMB Debug/cpal_usercallback.o
 .debug_line    0x0000290a      0x32b THUMB Debug/stm32f4xx_dma.o
 .debug_line    0x00002c35      0x3a3 THUMB Debug/stm32f4xx_spi.o
 .debug_line    0x00002fd8      0x3f3 THUMB Debug/stm32f4xx_usart.o
 .debug_line    0x000033cb       0xc1 THUMB Debug/thumb_crt0.o
 .debug_line    0x0000348c      0x114 THUMB Debug/STM32_Startup.o
 .debug_line    0x000035a0      0xcee /Applications/CrossWorks for ARM 2.2/lib/libm_v7em_t_le_eabi_f.a(libm_asm.o)
 .debug_line    0x0000428e       0x79 /Applications/CrossWorks for ARM 2.2/lib/libc_v7em_t_le_eabi_f.a(__vfprintf_int.o)
 .debug_line    0x00004307       0x78 /Applications/CrossWorks for ARM 2.2/lib/libc_v7em_t_le_eabi_f.a(__vfscanf_int.o)
 .debug_line    0x0000437f      0x5ab /Applications/CrossWorks for ARM 2.2/lib/libc_v7em_t_le_eabi_f.a(libc2.o)
 .debug_line    0x0000492a      0x224 /Applications/CrossWorks for ARM 2.2/lib/libc_v7em_t_le_eabi_f.a(libc2_asm.o)
 .debug_line    0x00004b4e      0x653 /Applications/CrossWorks for ARM 2.2/lib/libc_v7em_t_le_eabi_f.a(libc_asm.o)
 .debug_line    0x000051a1      0x558 /Applications/CrossWorks for ARM 2.2/lib/libdebugio_v7em_t_le_eabi_f.a(libdebugio.o)
 .debug_line    0x000056f9       0x78 /Applications/CrossWorks for ARM 2.2/lib/libc_user_libc_v7em_t_le_eabi_f.a(user_libc.o)

.debug_str      0x00000000     0x44a2
 .debug_str     0x00000000      0x14a THUMB Debug/main.o
                                0x186 (size before relaxing)
 .debug_str     0x0000014a      0x248 THUMB Debug/system_stm32f4xx.o
                                0x348 (size before relaxing)
 .debug_str     0x00000392      0x33f THUMB Debug/stm32f4xx_gpio.o
                                0x43b (size before relaxing)
 .debug_str     0x000006d1      0x581 THUMB Debug/stm32f4xx_rcc.o
                                0x7e8 (size before relaxing)
 .debug_str     0x00000c52      0xb87 THUMB Debug/stm32f4xx_tim.o
                                0xd68 (size before relaxing)
 .debug_str     0x000017d9      0x1c7 THUMB Debug/misc.o
                                0x372 (size before relaxing)
 .debug_str     0x000019a0       0xca THUMB Debug/motor_control.o
                                0x571 (size before relaxing)
 .debug_str     0x00001a6a      0x483 THUMB Debug/stickIMU.o
                                0x5a8 (size before relaxing)
 .debug_str     0x00001eed      0x34b THUMB Debug/stm32f4xx_i2c.o
                                0x5fd (size before relaxing)
 .debug_str     0x00002238       0x54 THUMB Debug/cpal_hal.o
                                0x13f (size before relaxing)
 .debug_str     0x0000228c      0x755 THUMB Debug/cpal_i2c.o
                                0xc6c (size before relaxing)
 .debug_str     0x000029e1      0x531 THUMB Debug/cpal_i2c_hal_stm32f4xx.o
                               0x1162 (size before relaxing)
 .debug_str     0x00002f12       0x9b THUMB Debug/cpal_usercallback.o
                                0x482 (size before relaxing)
 .debug_str     0x00002fad      0x23c THUMB Debug/stm32f4xx_dma.o
                                0x4e4 (size before relaxing)
 .debug_str     0x000031e9      0x39e THUMB Debug/stm32f4xx_spi.o
                                0x622 (size before relaxing)
 .debug_str     0x00003587      0x42e THUMB Debug/stm32f4xx_usart.o
                                0x627 (size before relaxing)
 .debug_str     0x000039b5       0x68 /Applications/CrossWorks for ARM 2.2/lib/libc_v7em_t_le_eabi_f.a(__vfprintf_int.o)
                                 0xb1 (size before relaxing)
 .debug_str     0x00003a1d       0x80 /Applications/CrossWorks for ARM 2.2/lib/libc_v7em_t_le_eabi_f.a(__vfscanf_int.o)
                                 0xc9 (size before relaxing)
 .debug_str     0x00003a9d      0x578 /Applications/CrossWorks for ARM 2.2/lib/libc_v7em_t_le_eabi_f.a(libc2.o)
                                0x64e (size before relaxing)
 .debug_str     0x00004015      0x3b7 /Applications/CrossWorks for ARM 2.2/lib/libdebugio_v7em_t_le_eabi_f.a(libdebugio.o)
                                0x400 (size before relaxing)
 .debug_str     0x000043cc       0xd6 /Applications/CrossWorks for ARM 2.2/lib/libc_user_libc_v7em_t_le_eabi_f.a(user_libc.o)
                                0x11f (size before relaxing)

.comment        0x00000000       0x4e
 .comment       0x00000000       0x4e THUMB Debug/main.o
                                 0x4f (size before relaxing)
 .comment       0x00000000       0x4f THUMB Debug/system_stm32f4xx.o
 .comment       0x00000000       0x4f THUMB Debug/stm32f4xx_gpio.o
 .comment       0x00000000       0x4f THUMB Debug/stm32f4xx_rcc.o
 .comment       0x00000000       0x4f THUMB Debug/stm32f4xx_tim.o
 .comment       0x00000000       0x4f THUMB Debug/misc.o
 .comment       0x00000000       0x4f THUMB Debug/motor_control.o
 .comment       0x00000000       0x4f THUMB Debug/stickIMU.o
 .comment       0x00000000       0x4f THUMB Debug/stm32f4xx_i2c.o
 .comment       0x00000000       0x4f THUMB Debug/cpal_hal.o
 .comment       0x00000000       0x4f THUMB Debug/cpal_i2c.o
 .comment       0x00000000       0x4f THUMB Debug/cpal_i2c_hal_stm32f4xx.o
 .comment       0x00000000       0x4f THUMB Debug/cpal_usercallback.o
 .comment       0x00000000       0x4f THUMB Debug/stm32f4xx_dma.o
 .comment       0x00000000       0x4f THUMB Debug/stm32f4xx_spi.o
 .comment       0x00000000       0x4f THUMB Debug/stm32f4xx_usart.o
 .comment       0x00000000       0x4f /Applications/CrossWorks for ARM 2.2/lib/libc_v7em_t_le_eabi_f.a(__vfprintf_int.o)
 .comment       0x00000000       0x4f /Applications/CrossWorks for ARM 2.2/lib/libc_v7em_t_le_eabi_f.a(__vfscanf_int.o)
 .comment       0x00000000       0x4f /Applications/CrossWorks for ARM 2.2/lib/libc_v7em_t_le_eabi_f.a(libc2.o)
 .comment       0x00000000       0x4f /Applications/CrossWorks for ARM 2.2/lib/libdebugio_v7em_t_le_eabi_f.a(libdebugio.o)
 .comment       0x00000000       0x4f /Applications/CrossWorks for ARM 2.2/lib/libc_user_libc_v7em_t_le_eabi_f.a(user_libc.o)

.ARM.attributes
                0x00000000       0x37
 .ARM.attributes
                0x00000000       0x33 THUMB Debug/main.o
 .ARM.attributes
                0x00000033       0x33 THUMB Debug/system_stm32f4xx.o
 .ARM.attributes
                0x00000066       0x33 THUMB Debug/stm32f4xx_gpio.o
 .ARM.attributes
                0x00000099       0x33 THUMB Debug/stm32f4xx_rcc.o
 .ARM.attributes
                0x000000cc       0x33 THUMB Debug/stm32f4xx_tim.o
 .ARM.attributes
                0x000000ff       0x33 THUMB Debug/misc.o
 .ARM.attributes
                0x00000132       0x33 THUMB Debug/motor_control.o
 .ARM.attributes
                0x00000165       0x33 THUMB Debug/stickIMU.o
 .ARM.attributes
                0x00000198       0x33 THUMB Debug/stm32f4xx_i2c.o
 .ARM.attributes
                0x000001cb       0x33 THUMB Debug/cpal_hal.o
 .ARM.attributes
                0x000001fe       0x33 THUMB Debug/cpal_i2c.o
 .ARM.attributes
                0x00000231       0x33 THUMB Debug/cpal_i2c_hal_stm32f4xx.o
 .ARM.attributes
                0x00000264       0x33 THUMB Debug/cpal_usercallback.o
 .ARM.attributes
                0x00000297       0x33 THUMB Debug/stm32f4xx_dma.o
 .ARM.attributes
                0x000002ca       0x33 THUMB Debug/stm32f4xx_spi.o
 .ARM.attributes
                0x000002fd       0x33 THUMB Debug/stm32f4xx_usart.o
 .ARM.attributes
                0x00000330       0x27 THUMB Debug/thumb_crt0.o
 .ARM.attributes
                0x00000357       0x27 THUMB Debug/STM32_Startup.o
 .ARM.attributes
                0x0000037e       0x1e /Applications/CrossWorks for ARM 2.2/lib/libm_v7em_t_le_eabi_f.a(libm_asm.o)
 .ARM.attributes
                0x0000039c       0x2e /Applications/CrossWorks for ARM 2.2/lib/libc_v7em_t_le_eabi_f.a(__vfprintf_int.o)
 .ARM.attributes
                0x000003ca       0x2e /Applications/CrossWorks for ARM 2.2/lib/libc_v7em_t_le_eabi_f.a(__vfscanf_int.o)
 .ARM.attributes
                0x000003f8       0x2e /Applications/CrossWorks for ARM 2.2/lib/libc_v7em_t_le_eabi_f.a(libc2.o)
 .ARM.attributes
                0x00000426       0x1e /Applications/CrossWorks for ARM 2.2/lib/libc_v7em_t_le_eabi_f.a(libc2_asm.o)
 .ARM.attributes
                0x00000444       0x1e /Applications/CrossWorks for ARM 2.2/lib/libc_v7em_t_le_eabi_f.a(libc_asm.o)
 .ARM.attributes
                0x00000462       0x2e /Applications/CrossWorks for ARM 2.2/lib/libdebugio_v7em_t_le_eabi_f.a(libdebugio.o)
 .ARM.attributes
                0x00000490       0x2e /Applications/CrossWorks for ARM 2.2/lib/libc_user_libc_v7em_t_le_eabi_f.a(user_libc.o)
